Archive member included to satisfy reference by file (symbol)

C:/Users/oinha/.pico-sdk/toolchain/14_2_Rel1/bin/../lib/gcc/arm-none-eabi/14.2.1/thumb/v6-m/nofp\libgcc.a(_dvmd_tls.o)
                              src/CMakeFiles/system_RTOS.dir/C_/Users/oinha/.pico-sdk/sdk/2.1.1/src/rp2_common/pico_divider/divider_hardware.S.obj (__aeabi_idiv0)
C:/Users/oinha/.pico-sdk/toolchain/14_2_Rel1/bin/../lib/gcc/arm-none-eabi/14.2.1/thumb/v6-m/nofp\libg.a(libc_a-calloc.o)
                              src/CMakeFiles/system_RTOS.dir/C_/Users/oinha/.pico-sdk/sdk/2.1.1/src/rp2_common/pico_malloc/malloc.c.obj (calloc)
C:/Users/oinha/.pico-sdk/toolchain/14_2_Rel1/bin/../lib/gcc/arm-none-eabi/14.2.1/thumb/v6-m/nofp\libg.a(libc_a-callocr.o)
                              C:/Users/oinha/.pico-sdk/toolchain/14_2_Rel1/bin/../lib/gcc/arm-none-eabi/14.2.1/thumb/v6-m/nofp\libg.a(libc_a-calloc.o) (_calloc_r)
C:/Users/oinha/.pico-sdk/toolchain/14_2_Rel1/bin/../lib/gcc/arm-none-eabi/14.2.1/thumb/v6-m/nofp\libg.a(libc_a-malloc.o)
                              src/CMakeFiles/system_RTOS.dir/C_/Users/oinha/.pico-sdk/sdk/2.1.1/src/rp2_common/pico_malloc/malloc.c.obj (malloc)
C:/Users/oinha/.pico-sdk/toolchain/14_2_Rel1/bin/../lib/gcc/arm-none-eabi/14.2.1/thumb/v6-m/nofp\libg.a(libc_a-mallocr.o)
                              C:/Users/oinha/.pico-sdk/toolchain/14_2_Rel1/bin/../lib/gcc/arm-none-eabi/14.2.1/thumb/v6-m/nofp\libg.a(libc_a-callocr.o) (_malloc_r)
C:/Users/oinha/.pico-sdk/toolchain/14_2_Rel1/bin/../lib/gcc/arm-none-eabi/14.2.1/thumb/v6-m/nofp\libg.a(libc_a-mlock.o)
                              C:/Users/oinha/.pico-sdk/toolchain/14_2_Rel1/bin/../lib/gcc/arm-none-eabi/14.2.1/thumb/v6-m/nofp\libg.a(libc_a-mallocr.o) (__malloc_lock)
C:/Users/oinha/.pico-sdk/toolchain/14_2_Rel1/bin/../lib/gcc/arm-none-eabi/14.2.1/thumb/v6-m/nofp\libg.a(libc_a-realloc.o)
                              src/CMakeFiles/system_RTOS.dir/C_/Users/oinha/.pico-sdk/sdk/2.1.1/src/rp2_common/pico_malloc/malloc.c.obj (realloc)
C:/Users/oinha/.pico-sdk/toolchain/14_2_Rel1/bin/../lib/gcc/arm-none-eabi/14.2.1/thumb/v6-m/nofp\libg.a(libc_a-reallocr.o)
                              C:/Users/oinha/.pico-sdk/toolchain/14_2_Rel1/bin/../lib/gcc/arm-none-eabi/14.2.1/thumb/v6-m/nofp\libg.a(libc_a-realloc.o) (_realloc_r)
C:/Users/oinha/.pico-sdk/toolchain/14_2_Rel1/bin/../lib/gcc/arm-none-eabi/14.2.1/thumb/v6-m/nofp\libg.a(libc_a-memcmp.o)
                              src/CMakeFiles/system_RTOS.dir/C_/Users/oinha/.pico-sdk/sdk/2.1.1/src/rp2_common/pico_atomic/atomic.c.obj (memcmp)
C:/Users/oinha/.pico-sdk/toolchain/14_2_Rel1/bin/../lib/gcc/arm-none-eabi/14.2.1/thumb/v6-m/nofp\libg.a(libc_a-memmove.o)
                              C:/Users/oinha/.pico-sdk/toolchain/14_2_Rel1/bin/../lib/gcc/arm-none-eabi/14.2.1/thumb/v6-m/nofp\libg.a(libc_a-reallocr.o) (memmove)
C:/Users/oinha/.pico-sdk/toolchain/14_2_Rel1/bin/../lib/gcc/arm-none-eabi/14.2.1/thumb/v6-m/nofp\libg.a(libc_a-lcltime_r.o)
                              src/CMakeFiles/system_RTOS.dir/C_/Users/oinha/.pico-sdk/sdk/2.1.1/src/common/pico_util/datetime.c.obj (localtime_r)
C:/Users/oinha/.pico-sdk/toolchain/14_2_Rel1/bin/../lib/gcc/arm-none-eabi/14.2.1/thumb/v6-m/nofp\libg.a(libc_a-mktime.o)
                              src/CMakeFiles/system_RTOS.dir/C_/Users/oinha/.pico-sdk/sdk/2.1.1/src/common/pico_util/datetime.c.obj (mktime)
C:/Users/oinha/.pico-sdk/toolchain/14_2_Rel1/bin/../lib/gcc/arm-none-eabi/14.2.1/thumb/v6-m/nofp\libg.a(libc_a-month_lengths.o)
                              C:/Users/oinha/.pico-sdk/toolchain/14_2_Rel1/bin/../lib/gcc/arm-none-eabi/14.2.1/thumb/v6-m/nofp\libg.a(libc_a-lcltime_r.o) (__month_lengths)
C:/Users/oinha/.pico-sdk/toolchain/14_2_Rel1/bin/../lib/gcc/arm-none-eabi/14.2.1/thumb/v6-m/nofp\libg.a(libc_a-tzcalc_limits.o)
                              C:/Users/oinha/.pico-sdk/toolchain/14_2_Rel1/bin/../lib/gcc/arm-none-eabi/14.2.1/thumb/v6-m/nofp\libg.a(libc_a-lcltime_r.o) (__tzcalc_limits)
C:/Users/oinha/.pico-sdk/toolchain/14_2_Rel1/bin/../lib/gcc/arm-none-eabi/14.2.1/thumb/v6-m/nofp\libg.a(libc_a-tzlock.o)
                              C:/Users/oinha/.pico-sdk/toolchain/14_2_Rel1/bin/../lib/gcc/arm-none-eabi/14.2.1/thumb/v6-m/nofp\libg.a(libc_a-lcltime_r.o) (__tz_lock)
C:/Users/oinha/.pico-sdk/toolchain/14_2_Rel1/bin/../lib/gcc/arm-none-eabi/14.2.1/thumb/v6-m/nofp\libg.a(libc_a-tzset.o)
                              C:/Users/oinha/.pico-sdk/toolchain/14_2_Rel1/bin/../lib/gcc/arm-none-eabi/14.2.1/thumb/v6-m/nofp\libg.a(libc_a-lcltime_r.o) (_tzset_unlocked)
C:/Users/oinha/.pico-sdk/toolchain/14_2_Rel1/bin/../lib/gcc/arm-none-eabi/14.2.1/thumb/v6-m/nofp\libg.a(libc_a-tzset_r.o)
                              C:/Users/oinha/.pico-sdk/toolchain/14_2_Rel1/bin/../lib/gcc/arm-none-eabi/14.2.1/thumb/v6-m/nofp\libg.a(libc_a-tzset.o) (_tzset_unlocked_r)
C:/Users/oinha/.pico-sdk/toolchain/14_2_Rel1/bin/../lib/gcc/arm-none-eabi/14.2.1/thumb/v6-m/nofp\libg.a(libc_a-tzvars.o)
[...]
Memory Configuration

Name             Origin             Length             Attributes
FLASH            0x10000000         0x00200000         xr
RAM              0x20000000         0x00040000         xrw
SCRATCH_X        0x20040000         0x00001000         xrw
SCRATCH_Y        0x20041000         0x00001000         xrw
*default*        0x00000000         0xffffffff

Linker script and memory map

LOAD C:/Users/oinha/.pico-sdk/toolchain/14_2_Rel1/bin/../lib/gcc/arm-none-eabi/14.2.1/thumb/v6-m/nofp/crti.o
LOAD C:/Users/oinha/.pico-sdk/toolchain/14_2_Rel1/bin/../lib/gcc/arm-none-eabi/14.2.1/thumb/v6-m/nofp/crtbegin.o
LOAD C:/Users/oinha/.pico-sdk/toolchain/14_2_Rel1/bin/../lib/gcc/arm-none-eabi/14.2.1/thumb/v6-m/nofp/crt0.o

.flash_begin    0x10000000        0x0
                0x10000000                        __flash_binary_start = .

.boot2          0x10000000      0x100
                0x10000000                        __boot2_start__ = .
 *(.boot2)
 .boot2         0x10000000      0x100 pico-sdk/src/rp2040/boot_stage2/CMakeFiles/bs2_default_library.dir/./bs2_default_padded_checksummed.S.obj
                0x10000100                        __boot2_end__ = .
                0x00000001                        ASSERT (((__boot2_end__ - __boot2_start__) == 0x100), ERROR: Pico second stage bootloader must be 256 bytes in size)

.text           0x10000100     0x8ea8
                0x10000100                        __logical_binary_start = .
 *(.vectors)
 .vectors       0x10000100       0xd4 src/CMakeFiles/system_RTOS.dir/C_/Users/oinha/.pico-sdk/sdk/2.1.1/src/rp2_common/pico_crt0/crt0.S.obj
                0x10000100                __VECTOR_TABLE
                0x10000100                __vectors
                0x100001c0                isr_invalid
                0x100001c0                __default_isrs_start
                0x100001c2                isr_nmi
                0x100001c4                isr_hardfault
                0x100001c6                isr_svcall
                0x100001c8                isr_pendsv
                0x100001ca                isr_systick
                0x100001cc                isr_irq23
                0x100001cc                isr_irq18
                0x100001cc                isr_irq11
                0x100001cc                isr_irq28
                0x100001cc                isr_irq19
                0x100001cc                isr_irq0
                0x100001cc                isr_irq6
                0x100001cc                isr_irq5
                0x100001cc                isr_irq12
                0x100001cc                isr_irq22
                0x100001cc                isr_irq31
                0x100001cc                isr_irq17
                0x100001cc                isr_irq27
                0x100001cc                isr_irq30
                0x100001cc                isr_irq2
                0x100001cc                isr_irq10
                0x100001cc                isr_irq8
                0x100001cc                isr_irq24
                0x100001cc                isr_irq1
                0x100001cc                isr_irq7
                0x100001cc                isr_irq21
                0x100001cc                isr_irq20
                0x100001cc                isr_irq15
                0x100001cc                isr_irq25
                0x100001cc                isr_irq13
                0x100001cc                __unhandled_user_irq
                0x100001cc                isr_irq4
                0x100001cc                isr_irq16
                0x100001cc                isr_irq29
                0x100001cc                isr_irq26
                0x100001cc                __default_isrs_end
                0x100001cc                isr_irq3
                0x100001cc                isr_irq14
                0x100001cc                isr_irq9
                0x100001d2                unhandled_user_irq_num_in_r0
 *(.binary_info_header)
 .binary_info_header
                0x100001d4       0x14 src/CMakeFiles/system_RTOS.dir/C_/Users/oinha/.pico-sdk/sdk/2.1.1/src/rp2_common/pico_crt0/crt0.S.obj
                0x100001e8                        __binary_info_header_end = .
 *(.embedded_block)
                0x100001e8                        __embedded_block_end = .
 *(.reset)
 .reset         0x100001e8       0x9c src/CMakeFiles/system_RTOS.dir/C_/Users/oinha/.pico-sdk/sdk/2.1.1/src/rp2_common/pico_crt0/crt0.S.obj
                0x100001e8                _entry_point
 *(.init)
 .init          0x10000284        0x4 C:/Users/oinha/.pico-sdk/toolchain/14_2_Rel1/bin/../lib/gcc/arm-none-eabi/14.2.1/thumb/v6-m/nofp/crti.o
                0x10000284                _init
 *(EXCLUDE_FILE(*libm.a: *libc.a:*lib_a-mem*.o *libgcc.a:) .text*)
 .text.register_tm_clones
                0x10000288       0x28 C:/Users/oinha/.pico-sdk/toolchain/14_2_Rel1/bin/../lib/gcc/arm-none-eabi/14.2.1/thumb/v6-m/nofp/crtbegin.o
 .text.frame_dummy
                0x100002b0       0x24 C:/Users/oinha/.pico-sdk/toolchain/14_2_Rel1/bin/../lib/gcc/arm-none-eabi/14.2.1/thumb/v6-m/nofp/crtbegin.o
 .text.alive_task
                0x100002d4       0x20 src/CMakeFiles/system_RTOS.dir/system_RTOS.c.obj
                0x100002d4                alive_task
 .text.test_leds_task
                0x100002f4       0x9c src/CMakeFiles/system_RTOS.dir/system_RTOS.c.obj
                0x100002f4                test_leds_task
 .text.test_buzzer_task
                0x10000390       0x4c src/CMakeFiles/system_RTOS.dir/system_RTOS.c.obj
                0x10000390                test_buzzer_task
 .text.monitor_joystick_task
                0x100003dc       0xa4 src/CMakeFiles/system_RTOS.dir/system_RTOS.c.obj
                0x100003dc                monitor_joystick_task
 .text.test_buttons_task
                0x10000480       0xc0 src/CMakeFiles/system_RTOS.dir/system_RTOS.c.obj
                0x10000480                test_buttons_task
 .text.test_microphone_task
                0x10000540       0xa8 src/CMakeFiles/system_RTOS.dir/system_RTOS.c.obj
                0x10000540                test_microphone_task
 .text.test_joystick_adc_task
                0x100005e8       0xc8 src/CMakeFiles/system_RTOS.dir/system_RTOS.c.obj
                0x100005e8                test_joystick_adc_task
 .text.startup.main
                0x100006b0      0x118 src/CMakeFiles/system_RTOS.dir/system_RTOS.c.obj
                0x100006b0                main
 .text.buzzer_pwm_init
                0x100007c8       0x4c src/CMakeFiles/system_RTOS.dir/pwm.c.obj
                0x100007c8                buzzer_pwm_init
 .text.buzzer_pwm_stop
                0x10000814       0x2c src/CMakeFiles/system_RTOS.dir/pwm.c.obj
                0x10000814                buzzer_pwm_stop
 .text.pvPortMalloc
                0x10000840      0x124 src/CMakeFiles/system_RTOS.dir/__/lib/FreeRTOS-Kernel/portable/MemMang/heap_4.c.obj
                0x10000840                pvPortMalloc
 .text.vPortFree
                0x10000964       0x98 src/CMakeFiles/system_RTOS.dir/__/lib/FreeRTOS-Kernel/portable/MemMang/heap_4.c.obj
                0x10000964                vPortFree
 .text.gpio_set_function
                0x100009fc       0x34 src/CMakeFiles/system_RTOS.dir/C_/Users/oinha/.pico-sdk/sdk/2.1.1/src/rp2_common/hardware_gpio/gpio.c.obj
                0x100009fc                gpio_set_function
 .text.gpio_set_pulls
                0x10000a30       0x28 src/CMakeFiles/system_RTOS.dir/C_/Users/oinha/.pico-sdk/sdk/2.1.1/src/rp2_common/hardware_gpio/gpio.c.obj
                0x10000a30                gpio_set_pulls
 .text.gpio_set_input_enabled
                0x10000a58       0x28 src/CMakeFiles/system_RTOS.dir/C_/Users/oinha/.pico-sdk/sdk/2.1.1/src/rp2_common/hardware_gpio/gpio.c.obj
                0x10000a58                gpio_set_input_enabled
 .text.gpio_init
                0x10000a80       0x40 src/CMakeFiles/system_RTOS.dir/C_/Users/oinha/.pico-sdk/sdk/2.1.1/src/rp2_common/hardware_gpio/gpio.c.obj
                0x10000a80                gpio_init
 .text.rp2040_chip_version
                0x10000ac0        0xc src/CMakeFiles/system_RTOS.dir/C_/Users/oinha/.pico-sdk/sdk/2.1.1/src/rp2040/pico_platform/platform.c.obj
                0x10000ac0                rp2040_chip_version
 .text.panic    0x10000acc       0x30 src/CMakeFiles/system_RTOS.dir/C_/Users/oinha/.pico-sdk/sdk/2.1.1/src/rp2_common/pico_platform_panic/panic.c.obj
                0x10000acc                panic
 .text.panic_unsupported
                0x10000afc        0xc src/CMakeFiles/system_RTOS.dir/C_/Users/oinha/.pico-sdk/sdk/2.1.1/src/rp2_common/pico_platform_panic/panic.c.obj
                0x10000afc                panic_unsupported
 .text.hw_claim_or_assert
                0x10000b08       0x44 src/CMakeFiles/system_RTOS.dir/C_/Users/oinha/.pico-sdk/sdk/2.1.1/src/common/hardware_claim/claim.c.obj
                0x10000b08                hw_claim_or_assert
 .text.hw_claim_unused_from_range
                0x10000b4c       0x88 src/CMakeFiles/system_RTOS.dir/C_/Users/oinha/.pico-sdk/sdk/2.1.1/src/common/hardware_claim/claim.c.obj
                0x10000b4c                hw_claim_unused_from_range
 .text.next_striped_spin_lock_num
                0x10000bd4       0x18 src/CMakeFiles/system_RTOS.dir/C_/Users/oinha/.pico-sdk/sdk/2.1.1/src/rp2_common/hardware_sync/sync.c.obj
                0x10000bd4                next_striped_spin_lock_num
 .text.spin_lock_claim_unused
                0x10000bec       0x24 src/CMakeFiles/system_RTOS.dir/C_/Users/oinha/.pico-sdk/sdk/2.1.1/src/rp2_common/hardware_sync/sync.c.obj
                0x10000bec                spin_lock_claim_unused
 .text.spin_locks_reset
                0x10000c10       0x1c src/CMakeFiles/system_RTOS.dir/C_/Users/oinha/.pico-sdk/sdk/2.1.1/src/rp2_common/hardware_sync_spin_lock/sync_spin_lock.c.obj
                0x10000c10                spin_locks_reset
 .text.runtime_init_per_core_irq_priorities
                0x10000c2c       0x24 src/CMakeFiles/system_RTOS.dir/C_/Users/oinha/.pico-sdk/sdk/2.1.1/src/rp2_common/hardware_irq/irq.c.obj
                0x10000c2c                runtime_init_per_core_irq_priorities
 .text.irq_set_enabled
                0x10000c50       0x24 src/CMakeFiles/system_RTOS.dir/C_/Users/oinha/.pico-sdk/sdk/2.1.1/src/rp2_common/hardware_irq/irq.c.obj
                0x10000c50                irq_set_enabled
 .text.irq_is_enabled
                0x10000c74       0x18 src/CMakeFiles/system_RTOS.dir/C_/Users/oinha/.pico-sdk/sdk/2.1.1/src/rp2_common/hardware_irq/irq.c.obj
                0x10000c74                irq_is_enabled
 .text.irq_set_pending
                0x10000c8c       0x10 src/CMakeFiles/system_RTOS.dir/C_/Users/oinha/.pico-sdk/sdk/2.1.1/src/rp2_common/hardware_irq/irq.c.obj
                0x10000c8c                irq_set_pending
 .text.irq_has_shared_handler
                0x10000c9c       0x24 src/CMakeFiles/system_RTOS.dir/C_/Users/oinha/.pico-sdk/sdk/2.1.1/src/rp2_common/hardware_irq/irq.c.obj
                0x10000c9c                irq_has_shared_handler
 .text.irq_set_exclusive_handler
                0x10000cc0       0x54 src/CMakeFiles/system_RTOS.dir/C_/Users/oinha/.pico-sdk/sdk/2.1.1/src/rp2_common/hardware_irq/irq.c.obj
                0x10000cc0                irq_set_exclusive_handler
 .text.irq_add_shared_handler
                0x10000d14      0x1f4 src/CMakeFiles/system_RTOS.dir/C_/Users/oinha/.pico-sdk/sdk/2.1.1/src/rp2_common/hardware_irq/irq.c.obj
                0x10000d14                irq_add_shared_handler
 .text.irq_set_priority
                0x10000f08       0x28 src/CMakeFiles/system_RTOS.dir/C_/Users/oinha/.pico-sdk/sdk/2.1.1/src/rp2_common/hardware_irq/irq.c.obj
                0x10000f08                irq_set_priority
 .text.irq_add_tail_to_free_list
                0x10000f30       0xb4 src/CMakeFiles/system_RTOS.dir/C_/Users/oinha/.pico-sdk/sdk/2.1.1/src/rp2_common/hardware_irq/irq.c.obj
                0x10000f30                irq_add_tail_to_free_list
 .text.user_irq_claim_unused
                0x10000fe4       0x2c src/CMakeFiles/system_RTOS.dir/C_/Users/oinha/.pico-sdk/sdk/2.1.1/src/rp2_common/hardware_irq/irq.c.obj
                0x10000fe4                user_irq_claim_unused
 .text.lock_init
                0x10001010       0x10 src/CMakeFiles/system_RTOS.dir/C_/Users/oinha/.pico-sdk/sdk/2.1.1/src/common/pico_sync/lock_core.c.obj
                0x10001010                lock_init
 .text.runtime_init_mutex
                0x10001020       0x54 src/CMakeFiles/system_RTOS.dir/C_/Users/oinha/.pico-sdk/sdk/2.1.1/src/common/pico_sync/mutex.c.obj
                0x10001020                runtime_init_mutex
 .text.mutex_init
                0x10001074       0x1c src/CMakeFiles/system_RTOS.dir/C_/Users/oinha/.pico-sdk/sdk/2.1.1/src/common/pico_sync/mutex.c.obj
                0x10001074                mutex_init
 .text.critical_section_init
                0x10001090       0x1c src/CMakeFiles/system_RTOS.dir/C_/Users/oinha/.pico-sdk/sdk/2.1.1/src/common/pico_sync/critical_section.c.obj
                0x10001090                critical_section_init
 .text.critical_section_init_with_lock_num
                0x100010ac       0x14 src/CMakeFiles/system_RTOS.dir/C_/Users/oinha/.pico-sdk/sdk/2.1.1/src/common/pico_sync/critical_section.c.obj
                0x100010ac                critical_section_init_with_lock_num
 .text.alarm_pool_irq_handler
                0x100010c0      0x300 src/CMakeFiles/system_RTOS.dir/C_/Users/oinha/.pico-sdk/sdk/2.1.1/src/common/pico_time/time.c.obj
 .text.sleep_until_callback
                0x100013c0       0x24 src/CMakeFiles/system_RTOS.dir/C_/Users/oinha/.pico-sdk/sdk/2.1.1/src/common/pico_time/time.c.obj
 .text.runtime_init_default_alarm_pool
                0x100013e4       0xdc src/CMakeFiles/system_RTOS.dir/C_/Users/oinha/.pico-sdk/sdk/2.1.1/src/common/pico_time/time.c.obj
                0x100013e4                runtime_init_default_alarm_pool
 .text.alarm_pool_get_default
                0x100014c0        0x8 src/CMakeFiles/system_RTOS.dir/C_/Users/oinha/.pico-sdk/sdk/2.1.1/src/common/pico_time/time.c.obj
                0x100014c0                alarm_pool_get_default
 .text.alarm_pool_add_alarm_at
                0x100014c8       0xd0 src/CMakeFiles/system_RTOS.dir/C_/Users/oinha/.pico-sdk/sdk/2.1.1/src/common/pico_time/time.c.obj
                0x100014c8                alarm_pool_add_alarm_at
 .text.alarm_pool_add_alarm_at_force_in_context
                0x10001598       0xb0 src/CMakeFiles/system_RTOS.dir/C_/Users/oinha/.pico-sdk/sdk/2.1.1/src/common/pico_time/time.c.obj
                0x10001598                alarm_pool_add_alarm_at_force_in_context
 .text.alarm_pool_cancel_alarm
                0x10001648       0x74 src/CMakeFiles/system_RTOS.dir/C_/Users/oinha/.pico-sdk/sdk/2.1.1/src/common/pico_time/time.c.obj
                0x10001648                alarm_pool_cancel_alarm
 .text.alarm_pool_core_num
                0x100016bc        0x4 src/CMakeFiles/system_RTOS.dir/C_/Users/oinha/.pico-sdk/sdk/2.1.1/src/common/pico_time/time.c.obj
                0x100016bc                alarm_pool_core_num
 .text.sleep_ms
                0x100016c0       0xf8 src/CMakeFiles/system_RTOS.dir/C_/Users/oinha/.pico-sdk/sdk/2.1.1/src/common/pico_time/time.c.obj
                0x100016c0                sleep_ms
 .text.best_effort_wfe_or_timeout
                0x100017b8      0x10c src/CMakeFiles/system_RTOS.dir/C_/Users/oinha/.pico-sdk/sdk/2.1.1/src/common/pico_time/time.c.obj
                0x100017b8                best_effort_wfe_or_timeout
 .text.timer_hardware_alarm_claim
                0x100018c4       0x14 src/CMakeFiles/system_RTOS.dir/C_/Users/oinha/.pico-sdk/sdk/2.1.1/src/rp2_common/hardware_timer/timer.c.obj
                0x100018c4                timer_hardware_alarm_claim
 .text.timer_time_us_64
                0x100018d8       0x10 src/CMakeFiles/system_RTOS.dir/C_/Users/oinha/.pico-sdk/sdk/2.1.1/src/rp2_common/hardware_timer/timer.c.obj
                0x100018d8                timer_time_us_64
 .text.time_us_64
                0x100018e8       0x14 src/CMakeFiles/system_RTOS.dir/C_/Users/oinha/.pico-sdk/sdk/2.1.1/src/rp2_common/hardware_timer/timer.c.obj
                0x100018e8                time_us_64
 .text.busy_wait_until
                0x100018fc       0x20 src/CMakeFiles/system_RTOS.dir/C_/Users/oinha/.pico-sdk/sdk/2.1.1/src/rp2_common/hardware_timer/timer.c.obj
                0x100018fc                busy_wait_until
 .text.clock_configure_int_divider
                0x1000191c       0xf4 src/CMakeFiles/system_RTOS.dir/C_/Users/oinha/.pico-sdk/sdk/2.1.1/src/rp2_common/hardware_clocks/clocks.c.obj
                0x1000191c                clock_configure_int_divider
 .text.clock_configure_undivided
                0x10001a10       0xe8 src/CMakeFiles/system_RTOS.dir/C_/Users/oinha/.pico-sdk/sdk/2.1.1/src/rp2_common/hardware_clocks/clocks.c.obj
                0x10001a10                clock_configure_undivided
 .text.clock_get_hz
                0x10001af8        0xc src/CMakeFiles/system_RTOS.dir/C_/Users/oinha/.pico-sdk/sdk/2.1.1/src/rp2_common/hardware_clocks/clocks.c.obj
                0x10001af8                clock_get_hz
 .text.pll_init
                0x10001b04       0xa4 src/CMakeFiles/system_RTOS.dir/C_/Users/oinha/.pico-sdk/sdk/2.1.1/src/rp2_common/hardware_pll/pll.c.obj
                0x10001b04                pll_init
 .text.watchdog_reboot
                0x10001ba8       0x9c src/CMakeFiles/system_RTOS.dir/C_/Users/oinha/.pico-sdk/sdk/2.1.1/src/rp2_common/hardware_watchdog/watchdog.c.obj
                0x10001ba8                watchdog_reboot
 .text.tick_start
                0x10001c44       0x10 src/CMakeFiles/system_RTOS.dir/C_/Users/oinha/.pico-sdk/sdk/2.1.1/src/rp2_common/hardware_ticks/ticks.c.obj
                0x10001c44                tick_start
 .text.rom_func_lookup
                0x10001c54       0x10 src/CMakeFiles/system_RTOS.dir/C_/Users/oinha/.pico-sdk/sdk/2.1.1/src/rp2_common/pico_bootrom/bootrom.c.obj
                0x10001c54                rom_func_lookup
 .text.rom_data_lookup
                0x10001c64       0x10 src/CMakeFiles/system_RTOS.dir/C_/Users/oinha/.pico-sdk/sdk/2.1.1/src/rp2_common/pico_bootrom/bootrom.c.obj
                0x10001c64                rom_data_lookup
 .text.rom_funcs_lookup
                0x10001c74       0x44 src/CMakeFiles/system_RTOS.dir/C_/Users/oinha/.pico-sdk/sdk/2.1.1/src/rp2_common/pico_bootrom/bootrom.c.obj
                0x10001c74                rom_funcs_lookup
 .text.rom_reset_usb_boot_extra
                0x10001cb8       0x24 src/CMakeFiles/system_RTOS.dir/C_/Users/oinha/.pico-sdk/sdk/2.1.1/src/rp2_common/pico_bootrom/bootrom.c.obj
                0x10001cb8                rom_reset_usb_boot_extra
 .text.xosc_init
                0x10001cdc       0x28 src/CMakeFiles/system_RTOS.dir/C_/Users/oinha/.pico-sdk/sdk/2.1.1/src/rp2_common/hardware_xosc/xosc.c.obj
                0x10001cdc                xosc_init
 .text.first_per_core_initializer
                0x10001d04        0x4 src/CMakeFiles/system_RTOS.dir/C_/Users/oinha/.pico-sdk/sdk/2.1.1/src/rp2_common/pico_runtime/runtime.c.obj
 .text.hard_assertion_failure
                0x10001d08        0xc src/CMakeFiles/system_RTOS.dir/C_/Users/oinha/.pico-sdk/sdk/2.1.1/src/rp2_common/pico_runtime/runtime.c.obj
                0x10001d08                hard_assertion_failure
 .text.runtime_run_initializers
                0x10001d14       0x28 src/CMakeFiles/system_RTOS.dir/C_/Users/oinha/.pico-sdk/sdk/2.1.1/src/rp2_common/pico_runtime/runtime.c.obj
                0x10001d14                runtime_run_initializers
 .text.runtime_init_early_resets
                0x10001d3c       0x2c src/CMakeFiles/system_RTOS.dir/C_/Users/oinha/.pico-sdk/sdk/2.1.1/src/rp2_common/pico_runtime_init/runtime_init.c.obj
                0x10001d3c                runtime_init_early_resets
 .text.runtime_init_usb_power_down
                0x10001d68       0x1c src/CMakeFiles/system_RTOS.dir/C_/Users/oinha/.pico-sdk/sdk/2.1.1/src/rp2_common/pico_runtime_init/runtime_init.c.obj
                0x10001d68                runtime_init_usb_power_down
 .text.runtime_init_post_clock_resets
                0x10001d84       0x20 src/CMakeFiles/system_RTOS.dir/C_/Users/oinha/.pico-sdk/sdk/2.1.1/src/rp2_common/pico_runtime_init/runtime_init.c.obj
                0x10001d84                runtime_init_post_clock_resets
 .text.runtime_init_rp2040_gpio_ie_disable
                0x10001da4       0x14 src/CMakeFiles/system_RTOS.dir/C_/Users/oinha/.pico-sdk/sdk/2.1.1/src/rp2_common/pico_runtime_init/runtime_init.c.obj
                0x10001da4                runtime_init_rp2040_gpio_ie_disable
 .text.runtime_init_spin_locks_reset
                0x10001db8        0x8 src/CMakeFiles/system_RTOS.dir/C_/Users/oinha/.pico-sdk/sdk/2.1.1/src/rp2_common/pico_runtime_init/runtime_init.c.obj
                0x10001db8                runtime_init_spin_locks_reset
 .text.runtime_init_install_ram_vector_table
                0x10001dc0       0x1c src/CMakeFiles/system_RTOS.dir/C_/Users/oinha/.pico-sdk/sdk/2.1.1/src/rp2_common/pico_runtime_init/runtime_init.c.obj
                0x10001dc0                runtime_init_install_ram_vector_table
 .text.runtime_init_clocks
                0x10001ddc       0xd8 src/CMakeFiles/system_RTOS.dir/C_/Users/oinha/.pico-sdk/sdk/2.1.1/src/rp2_common/pico_runtime_init/runtime_init_clocks.c.obj
                0x10001ddc                runtime_init_clocks
 .text          0x10001eb4       0x10 src/CMakeFiles/system_RTOS.dir/C_/Users/oinha/.pico-sdk/sdk/2.1.1/src/rp2_common/pico_bit_ops/bit_ops_aeabi.S.obj
 .text.__wrap___aeabi_idiv
                0x10001ec4       0x50 src/CMakeFiles/system_RTOS.dir/C_/Users/oinha/.pico-sdk/sdk/2.1.1/src/rp2_common/pico_divider/divider_hardware.S.obj
                0x10001ec4                __wrap___aeabi_idivmod
                0x10001ec4                divmod_s32s32
                0x10001ec4                div_s32s32
                0x10001ec4                __wrap___aeabi_idiv
                0x10001ecc                divmod_s32s32_unsafe
                0x10001ef8                divmod_s32s32_savestate
 .text.__wrap___aeabi_uidiv
                0x10001f14       0x4c src/CMakeFiles/system_RTOS.dir/C_/Users/oinha/.pico-sdk/sdk/2.1.1/src/rp2_common/pico_divider/divider_hardware.S.obj
                0x10001f14                __wrap___aeabi_uidiv
                0x10001f14                __wrap___aeabi_uidivmod
                0x10001f14                div_u32u32
                0x10001f14                divmod_u32u32
                0x10001f1c                divmod_u32u32_unsafe
                0x10001f44                divmod_u32u32_savestate
 .text.__wrap___aeabi_ldiv
                0x10001f60      0x424 src/CMakeFiles/system_RTOS.dir/C_/Users/oinha/.pico-sdk/sdk/2.1.1/src/rp2_common/pico_divider/divider_hardware.S.obj
                0x10001f60                div_s64s64
                0x10001f60                divmod_s64s64
                0x10001f60                __wrap___aeabi_ldivmod
                0x10001f90                divmod_u64u64
                0x10001f90                div_u64u64
                0x10001f90                __wrap___aeabi_uldivmod
                0x10001fa0                divmod_u64u64_savestate
                0x10001fc0                divmod_s64s64_unsafe
                0x10002048                divmod_u64u64_unsafe
 .text.__wrap___aeabi_darithmetic
                0x10002384       0x60 src/CMakeFiles/system_RTOS.dir/C_/Users/oinha/.pico-sdk/sdk/2.1.1/src/rp2_common/pico_double/double_aeabi_rp2040.S.obj
                0x10002384                __wrap___aeabi_drsub
                0x1000238a                __wrap___aeabi_dsub
                0x10002394                __wrap___aeabi_dadd
                0x1000239e                __wrap___aeabi_ddiv
                0x100023d2                __wrap___aeabi_dmul
 .text.__wrap___aeabi_cdcmple
                0x100023e4       0x6c src/CMakeFiles/system_RTOS.dir/C_/Users/oinha/.pico-sdk/sdk/2.1.1/src/rp2_common/pico_double/double_aeabi_rp2040.S.obj
                0x100023e4                __wrap___aeabi_cdrcmple
                0x100023f4                __wrap___aeabi_cdcmpeq
                0x100023f4                __wrap___aeabi_cdcmple
 .text.__wrap___aeabi_dcmplt
                0x10002450        0xc src/CMakeFiles/system_RTOS.dir/C_/Users/oinha/.pico-sdk/sdk/2.1.1/src/rp2_common/pico_double/double_aeabi_rp2040.S.obj
                0x10002450                __wrap___aeabi_dcmplt
 .text.__wrap___aeabi_dcmple
                0x1000245c       0x10 src/CMakeFiles/system_RTOS.dir/C_/Users/oinha/.pico-sdk/sdk/2.1.1/src/rp2_common/pico_double/double_aeabi_rp2040.S.obj
                0x1000245c                __wrap___aeabi_dcmple
 .text.__wrap___aeabi_dcmpge
                0x1000246c       0x10 src/CMakeFiles/system_RTOS.dir/C_/Users/oinha/.pico-sdk/sdk/2.1.1/src/rp2_common/pico_double/double_aeabi_rp2040.S.obj
                0x1000246c                __wrap___aeabi_dcmpge
 .text.__wrap___aeabi_dcmpgt
                0x1000247c        0xa src/CMakeFiles/system_RTOS.dir/C_/Users/oinha/.pico-sdk/sdk/2.1.1/src/rp2_common/pico_double/double_aeabi_rp2040.S.obj
                0x1000247c                __wrap___aeabi_dcmpgt
 .text.__wrap___aeabi_dcmpun
                0x10002486       0x18 src/CMakeFiles/system_RTOS.dir/C_/Users/oinha/.pico-sdk/sdk/2.1.1/src/rp2_common/pico_double/double_aeabi_rp2040.S.obj
                0x10002486                __wrap___aeabi_dcmpun
 *fill*         0x1000249e        0x2 
 .text.__wrap___aeabi_i2d
                0x100024a0       0x38 src/CMakeFiles/system_RTOS.dir/C_/Users/oinha/.pico-sdk/sdk/2.1.1/src/rp2_common/pico_double/double_aeabi_rp2040.S.obj
                0x100024a0                uint2double
                0x100024a0                __wrap___aeabi_ui2d
                0x100024a8                int2double
                0x100024a8                __wrap___aeabi_i2d
 .text.__wrap___aeabi_d2iz
                0x100024d8       0x48 src/CMakeFiles/system_RTOS.dir/C_/Users/oinha/.pico-sdk/sdk/2.1.1/src/rp2_common/pico_double/double_aeabi_rp2040.S.obj
                0x100024d8                double2int_z
                0x100024d8                __wrap___aeabi_d2iz
 .text.__wrap___aeabi_d2uiz
                0x10002520       0x10 src/CMakeFiles/system_RTOS.dir/C_/Users/oinha/.pico-sdk/sdk/2.1.1/src/rp2_common/pico_double/double_aeabi_rp2040.S.obj
                0x10002520                double2uint
                0x10002520                __wrap___aeabi_d2uiz
                0x10002520                double2uint_z
 .text.missing_double_func_shim
                0x10002530        0xc src/CMakeFiles/system_RTOS.dir/C_/Users/oinha/.pico-sdk/sdk/2.1.1/src/rp2_common/pico_double/double_init_rom_rp2040.c.obj
 .text.__aeabi_double_init
                0x1000253c       0xa0 src/CMakeFiles/system_RTOS.dir/C_/Users/oinha/.pico-sdk/sdk/2.1.1/src/rp2_common/pico_double/double_init_rom_rp2040.c.obj
                0x1000253c                __aeabi_double_init
 .text.double_table_shim_on_use_helper
                0x100025dc       0x2c src/CMakeFiles/system_RTOS.dir/C_/Users/oinha/.pico-sdk/sdk/2.1.1/src/rp2_common/pico_double/double_v1_rom_shim_rp2040.S.obj
                0x100025dc                double_table_shim_on_use_helper
 .text.__aeabi_lmul
                0x10002608       0x32 src/CMakeFiles/system_RTOS.dir/C_/Users/oinha/.pico-sdk/sdk/2.1.1/src/rp2_common/pico_int64_ops/pico_int64_ops_aeabi.S.obj
                0x10002608                __wrap___aeabi_lmul
 *fill*         0x1000263a        0x2 
 .text.missing_float_func_shim
                0x1000263c        0xc src/CMakeFiles/system_RTOS.dir/C_/Users/oinha/.pico-sdk/sdk/2.1.1/src/rp2_common/pico_float/float_init_rom_rp2040.c.obj
 .text.__aeabi_float_init
                0x10002648       0x5c src/CMakeFiles/system_RTOS.dir/C_/Users/oinha/.pico-sdk/sdk/2.1.1/src/rp2_common/pico_float/float_init_rom_rp2040.c.obj
                0x10002648                __aeabi_float_init
 .text          0x100026a4       0x10 src/CMakeFiles/system_RTOS.dir/C_/Users/oinha/.pico-sdk/sdk/2.1.1/src/rp2_common/pico_mem_ops/mem_ops_aeabi.S.obj
                0x100026a4                __aeabi_mem_init
 .text.memset   0x100026b4        0xc src/CMakeFiles/system_RTOS.dir/C_/Users/oinha/.pico-sdk/sdk/2.1.1/src/rp2_common/pico_mem_ops/mem_ops_aeabi.S.obj
                0x100026b4                __wrap_memset
 .text.memcpy   0x100026c0        0xc src/CMakeFiles/system_RTOS.dir/C_/Users/oinha/.pico-sdk/sdk/2.1.1/src/rp2_common/pico_mem_ops/mem_ops_aeabi.S.obj
                0x100026c0                __wrap_memcpy
                0x100026c0                __wrap___aeabi_memcpy
 .text._out_null
                0x100026cc        0x4 src/CMakeFiles/system_RTOS.dir/C_/Users/oinha/.pico-sdk/sdk/2.1.1/src/rp2_common/pico_printf/printf.c.obj
 .text._out_rev
                0x100026d0       0xac src/CMakeFiles/system_RTOS.dir/C_/Users/oinha/.pico-sdk/sdk/2.1.1/src/rp2_common/pico_printf/printf.c.obj
 .text._ntoa_format
                0x1000277c      0x1cc src/CMakeFiles/system_RTOS.dir/C_/Users/oinha/.pico-sdk/sdk/2.1.1/src/rp2_common/pico_printf/printf.c.obj
 .text._out_char
                0x10002948       0x10 src/CMakeFiles/system_RTOS.dir/C_/Users/oinha/.pico-sdk/sdk/2.1.1/src/rp2_common/pico_printf/printf.c.obj
 .text._out_fct
                0x10002958       0x10 src/CMakeFiles/system_RTOS.dir/C_/Users/oinha/.pico-sdk/sdk/2.1.1/src/rp2_common/pico_printf/printf.c.obj
 .text._ftoa    0x10002968      0x4a8 src/CMakeFiles/system_RTOS.dir/C_/Users/oinha/.pico-sdk/sdk/2.1.1/src/rp2_common/pico_printf/printf.c.obj
 .text._etoa    0x10002e10      0x57c src/CMakeFiles/system_RTOS.dir/C_/Users/oinha/.pico-sdk/sdk/2.1.1/src/rp2_common/pico_printf/printf.c.obj
 .text._vsnprintf
                0x1000338c      0xbe0 src/CMakeFiles/system_RTOS.dir/C_/Users/oinha/.pico-sdk/sdk/2.1.1/src/rp2_common/pico_printf/printf.c.obj
 .text.vfctprintf
                0x10003f6c       0x24 src/CMakeFiles/system_RTOS.dir/C_/Users/oinha/.pico-sdk/sdk/2.1.1/src/rp2_common/pico_printf/printf.c.obj
                0x10003f6c                vfctprintf
 .text.weak_raw_vprintf
                0x10003f90       0x30 src/CMakeFiles/system_RTOS.dir/C_/Users/oinha/.pico-sdk/sdk/2.1.1/src/rp2_common/pico_printf/printf.c.obj
                0x10003f90                weak_raw_vprintf
 .text._exit    0x10003fc0        0x4 src/CMakeFiles/system_RTOS.dir/C_/Users/oinha/.pico-sdk/sdk/2.1.1/src/rp2_common/pico_clib_interface/newlib_interface.c.obj
                0x10003fc0                _exit
 .text.exit     0x10003fc4        0x8 src/CMakeFiles/system_RTOS.dir/C_/Users/oinha/.pico-sdk/sdk/2.1.1/src/rp2_common/pico_clib_interface/newlib_interface.c.obj
                0x10003fc4                exit
 .text.runtime_init
                0x10003fcc       0x2c src/CMakeFiles/system_RTOS.dir/C_/Users/oinha/.pico-sdk/sdk/2.1.1/src/rp2_common/pico_clib_interface/newlib_interface.c.obj
                0x10003fcc                runtime_init
 .text.stdio_out_chars_no_crlf
                0x10003ff8       0x10 src/CMakeFiles/system_RTOS.dir/C_/Users/oinha/.pico-sdk/sdk/2.1.1/src/rp2_common/pico_stdio/stdio.c.obj
 .text.stdio_out_chars_crlf
                0x10004008       0xb0 src/CMakeFiles/system_RTOS.dir/C_/Users/oinha/.pico-sdk/sdk/2.1.1/src/rp2_common/pico_stdio/stdio.c.obj
 .text.stdio_buffered_printer
                0x100040b8       0x64 src/CMakeFiles/system_RTOS.dir/C_/Users/oinha/.pico-sdk/sdk/2.1.1/src/rp2_common/pico_stdio/stdio.c.obj
 .text.stdio_put_string
                0x1000411c       0xfc src/CMakeFiles/system_RTOS.dir/C_/Users/oinha/.pico-sdk/sdk/2.1.1/src/rp2_common/pico_stdio/stdio.c.obj
                0x1000411c                stdio_put_string
 .text.stdio_set_driver_enabled
                0x10004218       0x30 src/CMakeFiles/system_RTOS.dir/C_/Users/oinha/.pico-sdk/sdk/2.1.1/src/rp2_common/pico_stdio/stdio.c.obj
                0x10004218                stdio_set_driver_enabled
 .text.__wrap_putchar
                0x10004248       0x94 src/CMakeFiles/system_RTOS.dir/C_/Users/oinha/.pico-sdk/sdk/2.1.1/src/rp2_common/pico_stdio/stdio.c.obj
                0x10004248                __wrap_putchar
                0x10004248                stdio_putchar
 .text.__wrap_puts
                0x100042dc       0x3c src/CMakeFiles/system_RTOS.dir/C_/Users/oinha/.pico-sdk/sdk/2.1.1/src/rp2_common/pico_stdio/stdio.c.obj
                0x100042dc                stdio_puts
                0x100042dc                __wrap_puts
 .text.__wrap_vprintf
                0x10004318       0xcc src/CMakeFiles/system_RTOS.dir/C_/Users/oinha/.pico-sdk/sdk/2.1.1/src/rp2_common/pico_stdio/stdio.c.obj
                0x10004318                stdio_vprintf
                0x10004318                __wrap_vprintf
 .text.__wrap_printf
                0x100043e4       0x18 src/CMakeFiles/system_RTOS.dir/C_/Users/oinha/.pico-sdk/sdk/2.1.1/src/rp2_common/pico_stdio/stdio.c.obj
                0x100043e4                __wrap_printf
                0x100043e4                stdio_printf
 .text.resetd_init
                0x100043fc        0x4 src/CMakeFiles/system_RTOS.dir/C_/Users/oinha/.pico-sdk/sdk/2.1.1/src/rp2_common/pico_stdio_usb/reset_interface.c.obj
 .text.resetd_reset
                0x10004400        0xc src/CMakeFiles/system_RTOS.dir/C_/Users/oinha/.pico-sdk/sdk/2.1.1/src/rp2_common/pico_stdio_usb/reset_interface.c.obj
 .text.resetd_open
                0x1000440c       0x28 src/CMakeFiles/system_RTOS.dir/C_/Users/oinha/.pico-sdk/sdk/2.1.1/src/rp2_common/pico_stdio_usb/reset_interface.c.obj
 .text.resetd_xfer_cb
                0x10004434        0x4 src/CMakeFiles/system_RTOS.dir/C_/Users/oinha/.pico-sdk/sdk/2.1.1/src/rp2_common/pico_stdio_usb/reset_interface.c.obj
 .text.resetd_control_xfer_cb
                0x10004438       0x54 src/CMakeFiles/system_RTOS.dir/C_/Users/oinha/.pico-sdk/sdk/2.1.1/src/rp2_common/pico_stdio_usb/reset_interface.c.obj
 .text.tud_descriptor_bos_cb
                0x1000448c        0x8 src/CMakeFiles/system_RTOS.dir/C_/Users/oinha/.pico-sdk/sdk/2.1.1/src/rp2_common/pico_stdio_usb/reset_interface.c.obj
                0x1000448c                tud_descriptor_bos_cb
 .text.tud_vendor_control_xfer_cb
                0x10004494       0x34 src/CMakeFiles/system_RTOS.dir/C_/Users/oinha/.pico-sdk/sdk/2.1.1/src/rp2_common/pico_stdio_usb/reset_interface.c.obj
                0x10004494                tud_vendor_control_xfer_cb
 .text.usbd_app_driver_get_cb
                0x100044c8        0xc src/CMakeFiles/system_RTOS.dir/C_/Users/oinha/.pico-sdk/sdk/2.1.1/src/rp2_common/pico_stdio_usb/reset_interface.c.obj
                0x100044c8                usbd_app_driver_get_cb
 .text.tud_cdc_line_coding_cb
                0x100044d4       0x2c src/CMakeFiles/system_RTOS.dir/C_/Users/oinha/.pico-sdk/sdk/2.1.1/src/rp2_common/pico_stdio_usb/reset_interface.c.obj
                0x100044d4                tud_cdc_line_coding_cb
 .text.stdio_usb_set_chars_available_callback
                0x10004500       0x14 src/CMakeFiles/system_RTOS.dir/C_/Users/oinha/.pico-sdk/sdk/2.1.1/src/rp2_common/pico_stdio_usb/stdio_usb.c.obj
                0x10004500                stdio_usb_set_chars_available_callback
 .text.usb_irq  0x10004514       0x10 src/CMakeFiles/system_RTOS.dir/C_/Users/oinha/.pico-sdk/sdk/2.1.1/src/rp2_common/pico_stdio_usb/stdio_usb.c.obj
 .text.timer_task
                0x10004524       0x64 src/CMakeFiles/system_RTOS.dir/C_/Users/oinha/.pico-sdk/sdk/2.1.1/src/rp2_common/pico_stdio_usb/stdio_usb.c.obj
 .text.stdio_usb_in_chars
                0x10004588       0x8c src/CMakeFiles/system_RTOS.dir/C_/Users/oinha/.pico-sdk/sdk/2.1.1/src/rp2_common/pico_stdio_usb/stdio_usb.c.obj
                0x10004588                stdio_usb_in_chars
 .text.stdio_usb_out_flush
                0x10004614       0x4c src/CMakeFiles/system_RTOS.dir/C_/Users/oinha/.pico-sdk/sdk/2.1.1/src/rp2_common/pico_stdio_usb/stdio_usb.c.obj
 .text.stdio_usb_out_chars
                0x10004660      0x100 src/CMakeFiles/system_RTOS.dir/C_/Users/oinha/.pico-sdk/sdk/2.1.1/src/rp2_common/pico_stdio_usb/stdio_usb.c.obj
 .text.low_priority_worker_irq
                0x10004760       0xc8 src/CMakeFiles/system_RTOS.dir/C_/Users/oinha/.pico-sdk/sdk/2.1.1/src/rp2_common/pico_stdio_usb/stdio_usb.c.obj
 .text.stdio_usb_init
                0x10004828       0xe8 src/CMakeFiles/system_RTOS.dir/C_/Users/oinha/.pico-sdk/sdk/2.1.1/src/rp2_common/pico_stdio_usb/stdio_usb.c.obj
                0x10004828                stdio_usb_init
 .text.tud_descriptor_device_cb
                0x10004910        0x8 src/CMakeFiles/system_RTOS.dir/C_/Users/oinha/.pico-sdk/sdk/2.1.1/src/rp2_common/pico_stdio_usb/stdio_usb_descriptors.c.obj
                0x10004910                tud_descriptor_device_cb
 .text.tud_descriptor_configuration_cb
                0x10004918        0x8 src/CMakeFiles/system_RTOS.dir/C_/Users/oinha/.pico-sdk/sdk/2.1.1/src/rp2_common/pico_stdio_usb/stdio_usb_descriptors.c.obj
                0x10004918                tud_descriptor_configuration_cb
 .text.tud_descriptor_string_cb
                0x10004920       0x78 src/CMakeFiles/system_RTOS.dir/C_/Users/oinha/.pico-sdk/sdk/2.1.1/src/rp2_common/pico_stdio_usb/stdio_usb_descriptors.c.obj
                0x10004920                tud_descriptor_string_cb
 .text.startup._retrieve_unique_id_on_boot
                0x10004998       0x10 src/CMakeFiles/system_RTOS.dir/C_/Users/oinha/.pico-sdk/sdk/2.1.1/src/rp2_common/pico_unique_id/unique_id.c.obj
 .text.pico_get_unique_board_id_string
                0x100049a8      0x1a8 src/CMakeFiles/system_RTOS.dir/C_/Users/oinha/.pico-sdk/sdk/2.1.1/src/rp2_common/pico_unique_id/unique_id.c.obj
                0x100049a8                pico_get_unique_board_id_string
 .text.flash_get_unique_id
                0x10004b50       0x3c src/CMakeFiles/system_RTOS.dir/C_/Users/oinha/.pico-sdk/sdk/2.1.1/src/rp2_common/hardware_flash/flash.c.obj
                0x10004b50                flash_get_unique_id
 .text.dcd_init
                0x10004b8c       0x90 src/CMakeFiles/system_RTOS.dir/C_/Users/oinha/.pico-sdk/sdk/2.1.1/lib/tinyusb/src/portable/raspberrypi/rp2040/dcd_rp2040.c.obj
                0x10004b8c                dcd_init
 .text.dcd_int_enable
                0x10004c1c        0xc src/CMakeFiles/system_RTOS.dir/C_/Users/oinha/.pico-sdk/sdk/2.1.1/lib/tinyusb/src/portable/raspberrypi/rp2040/dcd_rp2040.c.obj
                0x10004c1c                dcd_int_enable
 .text.dcd_set_address
                0x10004c28       0x14 src/CMakeFiles/system_RTOS.dir/C_/Users/oinha/.pico-sdk/sdk/2.1.1/lib/tinyusb/src/portable/raspberrypi/rp2040/dcd_rp2040.c.obj
                0x10004c28                dcd_set_address
 .text.dcd_sof_enable
                0x10004c3c       0x1c src/CMakeFiles/system_RTOS.dir/C_/Users/oinha/.pico-sdk/sdk/2.1.1/lib/tinyusb/src/portable/raspberrypi/rp2040/dcd_rp2040.c.obj
                0x10004c3c                dcd_sof_enable
 .text.dcd_edpt0_status_complete
                0x10004c58       0x1c src/CMakeFiles/system_RTOS.dir/C_/Users/oinha/.pico-sdk/sdk/2.1.1/lib/tinyusb/src/portable/raspberrypi/rp2040/dcd_rp2040.c.obj
                0x10004c58                dcd_edpt0_status_complete
 .text.dcd_edpt_open
                0x10004c74      0x114 src/CMakeFiles/system_RTOS.dir/C_/Users/oinha/.pico-sdk/sdk/2.1.1/lib/tinyusb/src/portable/raspberrypi/rp2040/dcd_rp2040.c.obj
                0x10004c74                dcd_edpt_open
 .text.dcd_edpt_close_all
                0x10004d88        0x8 src/CMakeFiles/system_RTOS.dir/C_/Users/oinha/.pico-sdk/sdk/2.1.1/lib/tinyusb/src/portable/raspberrypi/rp2040/dcd_rp2040.c.obj
                0x10004d88                dcd_edpt_close_all
 .text.dcd_edpt_xfer
                0x10004d90       0x24 src/CMakeFiles/system_RTOS.dir/C_/Users/oinha/.pico-sdk/sdk/2.1.1/lib/tinyusb/src/portable/raspberrypi/rp2040/dcd_rp2040.c.obj
                0x10004d90                dcd_edpt_xfer
 .text.dcd_edpt_stall
                0x10004db4       0x3c src/CMakeFiles/system_RTOS.dir/C_/Users/oinha/.pico-sdk/sdk/2.1.1/lib/tinyusb/src/portable/raspberrypi/rp2040/dcd_rp2040.c.obj
                0x10004db4                dcd_edpt_stall
 .text.dcd_edpt_clear_stall
                0x10004df0       0x30 src/CMakeFiles/system_RTOS.dir/C_/Users/oinha/.pico-sdk/sdk/2.1.1/lib/tinyusb/src/portable/raspberrypi/rp2040/dcd_rp2040.c.obj
                0x10004df0                dcd_edpt_clear_stall
 .text.rp2040_usb_init
                0x10004e20       0x40 src/CMakeFiles/system_RTOS.dir/C_/Users/oinha/.pico-sdk/sdk/2.1.1/lib/tinyusb/src/portable/raspberrypi/rp2040/rp2040_usb.c.obj
                0x10004e20                rp2040_usb_init
 .text.hw_endpoint_xfer_start
                0x10004e60       0x40 src/CMakeFiles/system_RTOS.dir/C_/Users/oinha/.pico-sdk/sdk/2.1.1/lib/tinyusb/src/portable/raspberrypi/rp2040/rp2040_usb.c.obj
                0x10004e60                hw_endpoint_xfer_start
 .text.tud_event_hook_cb
                0x10004ea0        0x4 src/CMakeFiles/system_RTOS.dir/C_/Users/oinha/.pico-sdk/sdk/2.1.1/lib/tinyusb/src/device/usbd.c.obj
                0x10004ea0                tud_event_hook_cb
 .text.tud_sof_cb
                0x10004ea4        0x4 src/CMakeFiles/system_RTOS.dir/C_/Users/oinha/.pico-sdk/sdk/2.1.1/lib/tinyusb/src/device/usbd.c.obj
                0x10004ea4                tud_sof_cb
 .text.tud_descriptor_device_qualifier_cb
                0x10004ea8        0x4 src/CMakeFiles/system_RTOS.dir/C_/Users/oinha/.pico-sdk/sdk/2.1.1/lib/tinyusb/src/device/usbd.c.obj
                0x10004ea8                tud_descriptor_device_qualifier_cb
 .text.tud_descriptor_other_speed_configuration_cb
                0x10004eac        0x4 src/CMakeFiles/system_RTOS.dir/C_/Users/oinha/.pico-sdk/sdk/2.1.1/lib/tinyusb/src/device/usbd.c.obj
                0x10004eac                tud_descriptor_other_speed_configuration_cb
 .text.tud_mount_cb
                0x10004eb0        0x4 src/CMakeFiles/system_RTOS.dir/C_/Users/oinha/.pico-sdk/sdk/2.1.1/lib/tinyusb/src/device/usbd.c.obj
                0x10004eb0                tud_mount_cb
 .text.tud_umount_cb
                0x10004eb4        0x4 src/CMakeFiles/system_RTOS.dir/C_/Users/oinha/.pico-sdk/sdk/2.1.1/lib/tinyusb/src/device/usbd.c.obj
                0x10004eb4                tud_umount_cb
 .text.tud_suspend_cb
                0x10004eb8        0x4 src/CMakeFiles/system_RTOS.dir/C_/Users/oinha/.pico-sdk/sdk/2.1.1/lib/tinyusb/src/device/usbd.c.obj
                0x10004eb8                tud_suspend_cb
 .text.tud_resume_cb
                0x10004ebc        0x4 src/CMakeFiles/system_RTOS.dir/C_/Users/oinha/.pico-sdk/sdk/2.1.1/lib/tinyusb/src/device/usbd.c.obj
                0x10004ebc                tud_resume_cb
 .text.tud_mounted
                0x10004ec0       0x10 src/CMakeFiles/system_RTOS.dir/C_/Users/oinha/.pico-sdk/sdk/2.1.1/lib/tinyusb/src/device/usbd.c.obj
                0x10004ec0                tud_mounted
 .text.tud_suspended
                0x10004ed0       0x10 src/CMakeFiles/system_RTOS.dir/C_/Users/oinha/.pico-sdk/sdk/2.1.1/lib/tinyusb/src/device/usbd.c.obj
                0x10004ed0                tud_suspended
 .text.tud_rhport_init
                0x10004ee0       0xf4 src/CMakeFiles/system_RTOS.dir/C_/Users/oinha/.pico-sdk/sdk/2.1.1/lib/tinyusb/src/device/usbd.c.obj
                0x10004ee0                tud_rhport_init
 .text.tud_task_ext
                0x10004fd4      0x800 src/CMakeFiles/system_RTOS.dir/C_/Users/oinha/.pico-sdk/sdk/2.1.1/lib/tinyusb/src/device/usbd.c.obj
                0x10004fd4                tud_task_ext
 .text.usbd_open_edpt_pair
                0x100057d4       0x9c src/CMakeFiles/system_RTOS.dir/C_/Users/oinha/.pico-sdk/sdk/2.1.1/lib/tinyusb/src/device/usbd.c.obj
                0x100057d4                usbd_open_edpt_pair
 .text.usbd_edpt_open
                0x10005870       0x34 src/CMakeFiles/system_RTOS.dir/C_/Users/oinha/.pico-sdk/sdk/2.1.1/lib/tinyusb/src/device/usbd.c.obj
                0x10005870                usbd_edpt_open
 .text.usbd_edpt_claim
                0x100058a4       0x28 src/CMakeFiles/system_RTOS.dir/C_/Users/oinha/.pico-sdk/sdk/2.1.1/lib/tinyusb/src/device/usbd.c.obj
                0x100058a4                usbd_edpt_claim
 .text.usbd_edpt_release
                0x100058cc       0x28 src/CMakeFiles/system_RTOS.dir/C_/Users/oinha/.pico-sdk/sdk/2.1.1/lib/tinyusb/src/device/usbd.c.obj
                0x100058cc                usbd_edpt_release
 .text.usbd_edpt_xfer
                0x100058f4       0x4c src/CMakeFiles/system_RTOS.dir/C_/Users/oinha/.pico-sdk/sdk/2.1.1/lib/tinyusb/src/device/usbd.c.obj
                0x100058f4                usbd_edpt_xfer
 .text.tud_control_status
                0x10005940       0x2c src/CMakeFiles/system_RTOS.dir/C_/Users/oinha/.pico-sdk/sdk/2.1.1/lib/tinyusb/src/device/usbd_control.c.obj
                0x10005940                tud_control_status
 .text.tud_control_xfer
                0x1000596c       0xa8 src/CMakeFiles/system_RTOS.dir/C_/Users/oinha/.pico-sdk/sdk/2.1.1/lib/tinyusb/src/device/usbd_control.c.obj
                0x1000596c                tud_control_xfer
 .text.usbd_control_reset
                0x10005a14       0x14 src/CMakeFiles/system_RTOS.dir/C_/Users/oinha/.pico-sdk/sdk/2.1.1/lib/tinyusb/src/device/usbd_control.c.obj
                0x10005a14                usbd_control_reset
 .text.usbd_control_set_complete_callback
                0x10005a28        0xc src/CMakeFiles/system_RTOS.dir/C_/Users/oinha/.pico-sdk/sdk/2.1.1/lib/tinyusb/src/device/usbd_control.c.obj
                0x10005a28                usbd_control_set_complete_callback
 .text.usbd_control_set_request
                0x10005a34       0x1c src/CMakeFiles/system_RTOS.dir/C_/Users/oinha/.pico-sdk/sdk/2.1.1/lib/tinyusb/src/device/usbd_control.c.obj
                0x10005a34                usbd_control_set_request
 .text.usbd_control_xfer_cb
                0x10005a50       0xec src/CMakeFiles/system_RTOS.dir/C_/Users/oinha/.pico-sdk/sdk/2.1.1/lib/tinyusb/src/device/usbd_control.c.obj
                0x10005a50                usbd_control_xfer_cb
 .text._prep_out_transaction.isra.0
                0x10005b3c       0x6c src/CMakeFiles/system_RTOS.dir/C_/Users/oinha/.pico-sdk/sdk/2.1.1/lib/tinyusb/src/class/cdc/cdc_device.c.obj
 .text.tud_cdc_n_connected
                0x10005ba8       0x2c src/CMakeFiles/system_RTOS.dir/C_/Users/oinha/.pico-sdk/sdk/2.1.1/lib/tinyusb/src/class/cdc/cdc_device.c.obj
                0x10005ba8                tud_cdc_n_connected
 .text.tud_cdc_n_available
                0x10005bd4       0x14 src/CMakeFiles/system_RTOS.dir/C_/Users/oinha/.pico-sdk/sdk/2.1.1/lib/tinyusb/src/class/cdc/cdc_device.c.obj
                0x10005bd4                tud_cdc_n_available
 .text.tud_cdc_n_read
                0x10005be8       0x88 src/CMakeFiles/system_RTOS.dir/C_/Users/oinha/.pico-sdk/sdk/2.1.1/lib/tinyusb/src/class/cdc/cdc_device.c.obj
                0x10005be8                tud_cdc_n_read
 .text.tud_cdc_n_write_flush
                0x10005c70       0x74 src/CMakeFiles/system_RTOS.dir/C_/Users/oinha/.pico-sdk/sdk/2.1.1/lib/tinyusb/src/class/cdc/cdc_device.c.obj
                0x10005c70                tud_cdc_n_write_flush
 .text.tud_cdc_n_write
                0x10005ce4       0x40 src/CMakeFiles/system_RTOS.dir/C_/Users/oinha/.pico-sdk/sdk/2.1.1/lib/tinyusb/src/class/cdc/cdc_device.c.obj
                0x10005ce4                tud_cdc_n_write
 .text.tud_cdc_n_write_available
                0x10005d24       0x14 src/CMakeFiles/system_RTOS.dir/C_/Users/oinha/.pico-sdk/sdk/2.1.1/lib/tinyusb/src/class/cdc/cdc_device.c.obj
                0x10005d24                tud_cdc_n_write_available
 .text.cdcd_init
                0x10005d38       0x70 src/CMakeFiles/system_RTOS.dir/C_/Users/oinha/.pico-sdk/sdk/2.1.1/lib/tinyusb/src/class/cdc/cdc_device.c.obj
                0x10005d38                cdcd_init
 .text.cdcd_deinit
                0x10005da8       0x30 src/CMakeFiles/system_RTOS.dir/C_/Users/oinha/.pico-sdk/sdk/2.1.1/lib/tinyusb/src/class/cdc/cdc_device.c.obj
                0x10005da8                cdcd_deinit
 .text.cdcd_reset
                0x10005dd8       0x4c src/CMakeFiles/system_RTOS.dir/C_/Users/oinha/.pico-sdk/sdk/2.1.1/lib/tinyusb/src/class/cdc/cdc_device.c.obj
                0x10005dd8                cdcd_reset
 .text.cdcd_open
                0x10005e24       0xa4 src/CMakeFiles/system_RTOS.dir/C_/Users/oinha/.pico-sdk/sdk/2.1.1/lib/tinyusb/src/class/cdc/cdc_device.c.obj
                0x10005e24                cdcd_open
 .text.cdcd_control_xfer_cb
                0x10005ec8       0xe8 src/CMakeFiles/system_RTOS.dir/C_/Users/oinha/.pico-sdk/sdk/2.1.1/lib/tinyusb/src/class/cdc/cdc_device.c.obj
                0x10005ec8                cdcd_control_xfer_cb
 .text.cdcd_xfer_cb
                0x10005fb0      0x100 src/CMakeFiles/system_RTOS.dir/C_/Users/oinha/.pico-sdk/sdk/2.1.1/lib/tinyusb/src/class/cdc/cdc_device.c.obj
                0x10005fb0                cdcd_xfer_cb
 .text.vendord_init
                0x100060b0       0x5c src/CMakeFiles/system_RTOS.dir/C_/Users/oinha/.pico-sdk/sdk/2.1.1/lib/tinyusb/src/class/vendor/vendor_device.c.obj
                0x100060b0                vendord_init
 .text.vendord_deinit
                0x1000610c       0x1c src/CMakeFiles/system_RTOS.dir/C_/Users/oinha/.pico-sdk/sdk/2.1.1/lib/tinyusb/src/class/vendor/vendor_device.c.obj
                0x1000610c                vendord_deinit
 .text.vendord_reset
                0x10006128       0x28 src/CMakeFiles/system_RTOS.dir/C_/Users/oinha/.pico-sdk/sdk/2.1.1/lib/tinyusb/src/class/vendor/vendor_device.c.obj
                0x10006128                vendord_reset
 .text.vendord_open
                0x10006150      0x120 src/CMakeFiles/system_RTOS.dir/C_/Users/oinha/.pico-sdk/sdk/2.1.1/lib/tinyusb/src/class/vendor/vendor_device.c.obj
                0x10006150                vendord_open
 .text.vendord_xfer_cb
                0x10006270       0x9c src/CMakeFiles/system_RTOS.dir/C_/Users/oinha/.pico-sdk/sdk/2.1.1/lib/tinyusb/src/class/vendor/vendor_device.c.obj
                0x10006270                vendord_xfer_cb
 .text.tusb_rhport_init
                0x1000630c       0x4c src/CMakeFiles/system_RTOS.dir/C_/Users/oinha/.pico-sdk/sdk/2.1.1/lib/tinyusb/src/tusb.c.obj
                0x1000630c                tusb_rhport_init
 .text.tu_edpt_claim
                0x10006358       0x50 src/CMakeFiles/system_RTOS.dir/C_/Users/oinha/.pico-sdk/sdk/2.1.1/lib/tinyusb/src/tusb.c.obj
                0x10006358                tu_edpt_claim
 .text.tu_edpt_release
                0x100063a8       0x38 src/CMakeFiles/system_RTOS.dir/C_/Users/oinha/.pico-sdk/sdk/2.1.1/lib/tinyusb/src/tusb.c.obj
                0x100063a8                tu_edpt_release
 .text.tu_edpt_validate
                0x100063e0       0x7c src/CMakeFiles/system_RTOS.dir/C_/Users/oinha/.pico-sdk/sdk/2.1.1/lib/tinyusb/src/tusb.c.obj
                0x100063e0                tu_edpt_validate
 .text.tu_edpt_bind_driver
                0x1000645c       0x34 src/CMakeFiles/system_RTOS.dir/C_/Users/oinha/.pico-sdk/sdk/2.1.1/lib/tinyusb/src/tusb.c.obj
                0x1000645c                tu_edpt_bind_driver
 .text.tu_edpt_stream_init
                0x10006490       0x6c src/CMakeFiles/system_RTOS.dir/C_/Users/oinha/.pico-sdk/sdk/2.1.1/lib/tinyusb/src/tusb.c.obj
                0x10006490                tu_edpt_stream_init
 .text.tu_edpt_stream_deinit
                0x100064fc        0x4 src/CMakeFiles/system_RTOS.dir/C_/Users/oinha/.pico-sdk/sdk/2.1.1/lib/tinyusb/src/tusb.c.obj
                0x100064fc                tu_edpt_stream_deinit
 .text.tu_edpt_stream_write_zlp_if_needed
                0x10006500       0x68 src/CMakeFiles/system_RTOS.dir/C_/Users/oinha/.pico-sdk/sdk/2.1.1/lib/tinyusb/src/tusb.c.obj
                0x10006500                tu_edpt_stream_write_zlp_if_needed
 .text.tu_edpt_stream_write_xfer
                0x10006568       0x68 src/CMakeFiles/system_RTOS.dir/C_/Users/oinha/.pico-sdk/sdk/2.1.1/lib/tinyusb/src/tusb.c.obj
                0x10006568                tu_edpt_stream_write_xfer
 .text.tu_edpt_stream_read_xfer
                0x100065d0       0xd8 src/CMakeFiles/system_RTOS.dir/C_/Users/oinha/.pico-sdk/sdk/2.1.1/lib/tinyusb/src/tusb.c.obj
                0x100065d0                tu_edpt_stream_read_xfer
 .text.tu_fifo_config
                0x100066a8       0x6c src/CMakeFiles/system_RTOS.dir/C_/Users/oinha/.pico-sdk/sdk/2.1.1/lib/tinyusb/src/common/tusb_fifo.c.obj
                0x100066a8                tu_fifo_config
 .text.tu_fifo_count
                0x10006714       0x2c src/CMakeFiles/system_RTOS.dir/C_/Users/oinha/.pico-sdk/sdk/2.1.1/lib/tinyusb/src/common/tusb_fifo.c.obj
                0x10006714                tu_fifo_count
 .text.tu_fifo_empty
                0x10006740       0x10 src/CMakeFiles/system_RTOS.dir/C_/Users/oinha/.pico-sdk/sdk/2.1.1/lib/tinyusb/src/common/tusb_fifo.c.obj
                0x10006740                tu_fifo_empty
 .text.tu_fifo_remaining
                0x10006750       0x2c src/CMakeFiles/system_RTOS.dir/C_/Users/oinha/.pico-sdk/sdk/2.1.1/lib/tinyusb/src/common/tusb_fifo.c.obj
                0x10006750                tu_fifo_remaining
 .text.tu_fifo_read
                0x1000677c       0x9c src/CMakeFiles/system_RTOS.dir/C_/Users/oinha/.pico-sdk/sdk/2.1.1/lib/tinyusb/src/common/tusb_fifo.c.obj
                0x1000677c                tu_fifo_read
 .text.tu_fifo_read_n
                0x10006818       0xe8 src/CMakeFiles/system_RTOS.dir/C_/Users/oinha/.pico-sdk/sdk/2.1.1/lib/tinyusb/src/common/tusb_fifo.c.obj
                0x10006818                tu_fifo_read_n
 .text.tu_fifo_write
                0x10006900       0xa4 src/CMakeFiles/system_RTOS.dir/C_/Users/oinha/.pico-sdk/sdk/2.1.1/lib/tinyusb/src/common/tusb_fifo.c.obj
                0x10006900                tu_fifo_write
 .text.tu_fifo_write_n
                0x100069a4      0x178 src/CMakeFiles/system_RTOS.dir/C_/Users/oinha/.pico-sdk/sdk/2.1.1/lib/tinyusb/src/common/tusb_fifo.c.obj
                0x100069a4                tu_fifo_write_n
 .text.tu_fifo_clear
                0x10006b1c       0x40 src/CMakeFiles/system_RTOS.dir/C_/Users/oinha/.pico-sdk/sdk/2.1.1/lib/tinyusb/src/common/tusb_fifo.c.obj
                0x10006b1c                tu_fifo_clear
 .text.tu_fifo_set_overwritable
                0x10006b5c       0x48 src/CMakeFiles/system_RTOS.dir/C_/Users/oinha/.pico-sdk/sdk/2.1.1/lib/tinyusb/src/common/tusb_fifo.c.obj
                0x10006b5c                tu_fifo_set_overwritable
 *fill*         0x10006ba4        0xc 
 .text.vPortStartFirstTask
                0x10006bb0       0x34 src/CMakeFiles/system_RTOS.dir/__/lib/FreeRTOS-Kernel/portable/ThirdParty/GCC/RP2040/port.c.obj
 *fill*         0x10006be4        0xc 
 .text.xPortPendSVHandler
                0x10006bf0       0x64 src/CMakeFiles/system_RTOS.dir/__/lib/FreeRTOS-Kernel/portable/ThirdParty/GCC/RP2040/port.c.obj
                0x10006bf0                xPortPendSVHandler
 .text.prvTaskExitError
                0x10006c54        0x8 src/CMakeFiles/system_RTOS.dir/__/lib/FreeRTOS-Kernel/portable/ThirdParty/GCC/RP2040/port.c.obj
 .text.prvFIFOInterruptHandler
                0x10006c5c       0x78 src/CMakeFiles/system_RTOS.dir/__/lib/FreeRTOS-Kernel/portable/ThirdParty/GCC/RP2040/port.c.obj
 .text.vPortSVCHandler
                0x10006cd4        0x4 src/CMakeFiles/system_RTOS.dir/__/lib/FreeRTOS-Kernel/portable/ThirdParty/GCC/RP2040/port.c.obj
                0x10006cd4                vPortSVCHandler
 .text.pxPortInitialiseStack
                0x10006cd8       0x20 src/CMakeFiles/system_RTOS.dir/__/lib/FreeRTOS-Kernel/portable/ThirdParty/GCC/RP2040/port.c.obj
                0x10006cd8                pxPortInitialiseStack
 .text.vPortYield
                0x10006cf8       0x18 src/CMakeFiles/system_RTOS.dir/__/lib/FreeRTOS-Kernel/portable/ThirdParty/GCC/RP2040/port.c.obj
                0x10006cf8                vPortYield
 .text.vPortEnterCritical
                0x10006d10       0x18 src/CMakeFiles/system_RTOS.dir/__/lib/FreeRTOS-Kernel/portable/ThirdParty/GCC/RP2040/port.c.obj
                0x10006d10                vPortEnterCritical
 .text.vPortExitCritical
                0x10006d28       0x14 src/CMakeFiles/system_RTOS.dir/__/lib/FreeRTOS-Kernel/portable/ThirdParty/GCC/RP2040/port.c.obj
                0x10006d28                vPortExitCritical
 .text.ulSetInterruptMaskFromISR
                0x10006d3c        0x8 src/CMakeFiles/system_RTOS.dir/__/lib/FreeRTOS-Kernel/portable/ThirdParty/GCC/RP2040/port.c.obj
                0x10006d3c                ulSetInterruptMaskFromISR
 .text.vClearInterruptMaskFromISR
                0x10006d44        0x8 src/CMakeFiles/system_RTOS.dir/__/lib/FreeRTOS-Kernel/portable/ThirdParty/GCC/RP2040/port.c.obj
                0x10006d44                vClearInterruptMaskFromISR
 .text.xPortSysTickHandler
                0x10006d4c       0x24 src/CMakeFiles/system_RTOS.dir/__/lib/FreeRTOS-Kernel/portable/ThirdParty/GCC/RP2040/port.c.obj
                0x10006d4c                xPortSysTickHandler
 .text.vPortSetupTimerInterrupt
                0x10006d70       0x34 src/CMakeFiles/system_RTOS.dir/__/lib/FreeRTOS-Kernel/portable/ThirdParty/GCC/RP2040/port.c.obj
                0x10006d70                vPortSetupTimerInterrupt
 .text.xPortStartScheduler
                0x10006da4       0x9c src/CMakeFiles/system_RTOS.dir/__/lib/FreeRTOS-Kernel/portable/ThirdParty/GCC/RP2040/port.c.obj
                0x10006da4                xPortStartScheduler
 .text.ulPortLockGetCurrentOwnerId
                0x10006e40       0x2c src/CMakeFiles/system_RTOS.dir/__/lib/FreeRTOS-Kernel/portable/ThirdParty/GCC/RP2040/port.c.obj
                0x10006e40                ulPortLockGetCurrentOwnerId
 .text.vPortLockInternalSpinUnlockWithWait
                0x10006e6c       0x68 src/CMakeFiles/system_RTOS.dir/__/lib/FreeRTOS-Kernel/portable/ThirdParty/GCC/RP2040/port.c.obj
                0x10006e6c                vPortLockInternalSpinUnlockWithWait
 .text.vPortLockInternalSpinUnlockWithNotify
                0x10006ed4       0xc8 src/CMakeFiles/system_RTOS.dir/__/lib/FreeRTOS-Kernel/portable/ThirdParty/GCC/RP2040/port.c.obj
                0x10006ed4                vPortLockInternalSpinUnlockWithNotify
 .text.xPortLockInternalSpinUnlockWithBestEffortWaitOrTimeout
                0x10006f9c       0xf4 src/CMakeFiles/system_RTOS.dir/__/lib/FreeRTOS-Kernel/portable/ThirdParty/GCC/RP2040/port.c.obj
                0x10006f9c                xPortLockInternalSpinUnlockWithBestEffortWaitOrTimeout
 .text.startup.prvRuntimeInitializer
                0x10007090       0x28 src/CMakeFiles/system_RTOS.dir/__/lib/FreeRTOS-Kernel/portable/ThirdParty/GCC/RP2040/port.c.obj
 .text.vEventGroupSetBitsCallback
                0x100070b8       0x90 src/CMakeFiles/system_RTOS.dir/__/lib/FreeRTOS-Kernel/event_groups.c.obj
                0x100070b8                vEventGroupSetBitsCallback
 .text.xEventGroupCreate
                0x10007148       0x18 src/CMakeFiles/system_RTOS.dir/__/lib/FreeRTOS-Kernel/event_groups.c.obj
                0x10007148                xEventGroupCreate
 .text.xEventGroupWaitBits
                0x10007160       0xb8 src/CMakeFiles/system_RTOS.dir/__/lib/FreeRTOS-Kernel/event_groups.c.obj
                0x10007160                xEventGroupWaitBits
 .text.xEventGroupSetBits
                0x10007218       0x9c src/CMakeFiles/system_RTOS.dir/__/lib/FreeRTOS-Kernel/event_groups.c.obj
                0x10007218                xEventGroupSetBits
 .text.xEventGroupSetBitsFromISR
                0x100072b4       0x18 src/CMakeFiles/system_RTOS.dir/__/lib/FreeRTOS-Kernel/event_groups.c.obj
                0x100072b4                xEventGroupSetBitsFromISR
 .text.vListInitialise
                0x100072cc       0x18 src/CMakeFiles/system_RTOS.dir/__/lib/FreeRTOS-Kernel/list.c.obj
                0x100072cc                vListInitialise
 .text.vListInitialiseItem
                0x100072e4        0x8 src/CMakeFiles/system_RTOS.dir/__/lib/FreeRTOS-Kernel/list.c.obj
                0x100072e4                vListInitialiseItem
 .text.vListInsertEnd
                0x100072ec       0x18 src/CMakeFiles/system_RTOS.dir/__/lib/FreeRTOS-Kernel/list.c.obj
                0x100072ec                vListInsertEnd
 .text.vListInsert
                0x10007304       0x30 src/CMakeFiles/system_RTOS.dir/__/lib/FreeRTOS-Kernel/list.c.obj
                0x10007304                vListInsert
 .text.uxListRemove
                0x10007334       0x20 src/CMakeFiles/system_RTOS.dir/__/lib/FreeRTOS-Kernel/list.c.obj
                0x10007334                uxListRemove
 .text.prvUnlockQueue
                0x10007354      0x17c src/CMakeFiles/system_RTOS.dir/__/lib/FreeRTOS-Kernel/queue.c.obj
 .text.prvNotifyQueueSetContainer
                0x100074d0       0x90 src/CMakeFiles/system_RTOS.dir/__/lib/FreeRTOS-Kernel/queue.c.obj
 .text.xQueueGenericCreate
                0x10007560       0xa4 src/CMakeFiles/system_RTOS.dir/__/lib/FreeRTOS-Kernel/queue.c.obj
                0x10007560                xQueueGenericCreate
 .text.xQueueGenericSendFromISR
                0x10007604      0x150 src/CMakeFiles/system_RTOS.dir/__/lib/FreeRTOS-Kernel/queue.c.obj
                0x10007604                xQueueGenericSendFromISR
 .text.xQueueReceive
                0x10007754      0x11c src/CMakeFiles/system_RTOS.dir/__/lib/FreeRTOS-Kernel/queue.c.obj
                0x10007754                xQueueReceive
 .text.vQueueAddToRegistry
                0x10007870      0x118 src/CMakeFiles/system_RTOS.dir/__/lib/FreeRTOS-Kernel/queue.c.obj
                0x10007870                vQueueAddToRegistry
 .text.vQueueWaitForMessageRestricted
                0x10007988       0x48 src/CMakeFiles/system_RTOS.dir/__/lib/FreeRTOS-Kernel/queue.c.obj
                0x10007988                vQueueWaitForMessageRestricted
 .text.prvAddNewTaskToReadyList
                0x100079d0      0x124 src/CMakeFiles/system_RTOS.dir/__/lib/FreeRTOS-Kernel/tasks.c.obj
 .text.prvAddCurrentTaskToDelayedList
                0x10007af4       0xc0 src/CMakeFiles/system_RTOS.dir/__/lib/FreeRTOS-Kernel/tasks.c.obj
 .text.prvCreateTask
                0x10007bb4      0x130 src/CMakeFiles/system_RTOS.dir/__/lib/FreeRTOS-Kernel/tasks.c.obj
 .text.prvIdleTask
                0x10007ce4       0x60 src/CMakeFiles/system_RTOS.dir/__/lib/FreeRTOS-Kernel/tasks.c.obj
 .text.xTaskIncrementTick.part.0
                0x10007d44      0x194 src/CMakeFiles/system_RTOS.dir/__/lib/FreeRTOS-Kernel/tasks.c.obj
 .text.xTaskCreate
                0x10007ed8       0x24 src/CMakeFiles/system_RTOS.dir/__/lib/FreeRTOS-Kernel/tasks.c.obj
                0x10007ed8                xTaskCreate
 .text.vTaskDelete
                0x10007efc       0xc0 src/CMakeFiles/system_RTOS.dir/__/lib/FreeRTOS-Kernel/tasks.c.obj
                0x10007efc                vTaskDelete
 .text.vTaskStartScheduler
                0x10007fbc       0x74 src/CMakeFiles/system_RTOS.dir/__/lib/FreeRTOS-Kernel/tasks.c.obj
                0x10007fbc                vTaskStartScheduler
 .text.vTaskSuspendAll
                0x10008030       0x10 src/CMakeFiles/system_RTOS.dir/__/lib/FreeRTOS-Kernel/tasks.c.obj
                0x10008030                vTaskSuspendAll
 .text.xTaskResumeAll
                0x10008040      0x188 src/CMakeFiles/system_RTOS.dir/__/lib/FreeRTOS-Kernel/tasks.c.obj
                0x10008040                xTaskResumeAll
 .text.vTaskDelay
                0x100081c8       0x84 src/CMakeFiles/system_RTOS.dir/__/lib/FreeRTOS-Kernel/tasks.c.obj
                0x100081c8                vTaskDelay
 .text.xTaskGetTickCount
                0x1000824c        0xc src/CMakeFiles/system_RTOS.dir/__/lib/FreeRTOS-Kernel/tasks.c.obj
                0x1000824c                xTaskGetTickCount
 .text.uxTaskGetNumberOfTasks
                0x10008258        0xc src/CMakeFiles/system_RTOS.dir/__/lib/FreeRTOS-Kernel/tasks.c.obj
                0x10008258                uxTaskGetNumberOfTasks
 .text.xTaskIncrementTick
                0x10008264       0x24 src/CMakeFiles/system_RTOS.dir/__/lib/FreeRTOS-Kernel/tasks.c.obj
                0x10008264                xTaskIncrementTick
 .text.vTaskSwitchContext
                0x10008288       0x7c src/CMakeFiles/system_RTOS.dir/__/lib/FreeRTOS-Kernel/tasks.c.obj
                0x10008288                vTaskSwitchContext
 .text.vTaskPlaceOnEventList
                0x10008304       0xa0 src/CMakeFiles/system_RTOS.dir/__/lib/FreeRTOS-Kernel/tasks.c.obj
                0x10008304                vTaskPlaceOnEventList
 .text.vTaskPlaceOnUnorderedEventList
                0x100083a4       0xc4 src/CMakeFiles/system_RTOS.dir/__/lib/FreeRTOS-Kernel/tasks.c.obj
                0x100083a4                vTaskPlaceOnUnorderedEventList
 .text.vTaskPlaceOnEventListRestricted
                0x10008468       0xf4 src/CMakeFiles/system_RTOS.dir/__/lib/FreeRTOS-Kernel/tasks.c.obj
                0x10008468                vTaskPlaceOnEventListRestricted
 .text.xTaskRemoveFromEventList
                0x1000855c       0xcc src/CMakeFiles/system_RTOS.dir/__/lib/FreeRTOS-Kernel/tasks.c.obj
                0x1000855c                xTaskRemoveFromEventList
 .text.vTaskRemoveFromUnorderedEventList
                0x10008628       0x94 src/CMakeFiles/system_RTOS.dir/__/lib/FreeRTOS-Kernel/tasks.c.obj
                0x10008628                vTaskRemoveFromUnorderedEventList
 .text.vTaskInternalSetTimeOutState
                0x100086bc       0x18 src/CMakeFiles/system_RTOS.dir/__/lib/FreeRTOS-Kernel/tasks.c.obj
                0x100086bc                vTaskInternalSetTimeOutState
 .text.xTaskCheckForTimeOut
                0x100086d4       0x74 src/CMakeFiles/system_RTOS.dir/__/lib/FreeRTOS-Kernel/tasks.c.obj
                0x100086d4                xTaskCheckForTimeOut
 .text.vTaskMissedYield
                0x10008748        0xc src/CMakeFiles/system_RTOS.dir/__/lib/FreeRTOS-Kernel/tasks.c.obj
                0x10008748                vTaskMissedYield
 .text.xTaskGetCurrentTaskHandle
                0x10008754        0xc src/CMakeFiles/system_RTOS.dir/__/lib/FreeRTOS-Kernel/tasks.c.obj
                0x10008754                xTaskGetCurrentTaskHandle
 .text.xTaskPriorityDisinherit
                0x10008760       0x64 src/CMakeFiles/system_RTOS.dir/__/lib/FreeRTOS-Kernel/tasks.c.obj
                0x10008760                xTaskPriorityDisinherit
 .text.uxTaskResetEventItemValue
                0x100087c4       0x18 src/CMakeFiles/system_RTOS.dir/__/lib/FreeRTOS-Kernel/tasks.c.obj
                0x100087c4                uxTaskResetEventItemValue
 .text.ulTaskGenericNotifyTake
                0x100087dc       0xac src/CMakeFiles/system_RTOS.dir/__/lib/FreeRTOS-Kernel/tasks.c.obj
                0x100087dc                ulTaskGenericNotifyTake
 .text.xTaskGenericNotify
                0x10008888       0xe0 src/CMakeFiles/system_RTOS.dir/__/lib/FreeRTOS-Kernel/tasks.c.obj
                0x10008888                xTaskGenericNotify
 .text.prvTimerTask
                0x10008968      0x39c src/CMakeFiles/system_RTOS.dir/__/lib/FreeRTOS-Kernel/timers.c.obj
 .text.xTimerCreateTimerTask
                0x10008d04       0x8c src/CMakeFiles/system_RTOS.dir/__/lib/FreeRTOS-Kernel/timers.c.obj
                0x10008d04                xTimerCreateTimerTask
 .text.xTimerPendFunctionCallFromISR
                0x10008d90       0x2c src/CMakeFiles/system_RTOS.dir/__/lib/FreeRTOS-Kernel/timers.c.obj
                0x10008d90                xTimerPendFunctionCallFromISR
 .text.exception_set_exclusive_handler
                0x10008dbc       0x48 src/CMakeFiles/system_RTOS.dir/C_/Users/oinha/.pico-sdk/sdk/2.1.1/src/rp2_common/hardware_exception/exception.c.obj
                0x10008dbc                exception_set_exclusive_handler
 .text.adc_init
                0x10008e04       0x38 src/CMakeFiles/system_RTOS.dir/C_/Users/oinha/.pico-sdk/sdk/2.1.1/src/rp2_common/hardware_adc/adc.c.obj
                0x10008e04                adc_init
 .text.strlen   0x10008e3c       0x5c C:/Users/oinha/.pico-sdk/toolchain/14_2_Rel1/bin/../lib/gcc/arm-none-eabi/14.2.1/thumb/v6-m/nofp\libg.a(libc_a-strlen-stub.o)
                0x10008e3c                strlen
 *(.fini)
 .fini          0x10008e98        0x4 C:/Users/oinha/.pico-sdk/toolchain/14_2_Rel1/bin/../lib/gcc/arm-none-eabi/14.2.1/thumb/v6-m/nofp/crti.o
                0x10008e98                _fini
 *fill*         0x10008e9c        0x4 
 .fini.__stub   0x10008ea0       0xc0 linker stubs
 *crtbegin.o(.ctors)
 *crtbegin?.o(.ctors)
 *(EXCLUDE_FILE(*crtend.o *crtend?.o) .ctors)
 *(SORT_BY_NAME(.ctors.*))
 *(.ctors)
 *crtbegin.o(.dtors)
 *crtbegin?.o(.dtors)
 *(EXCLUDE_FILE(*crtend.o *crtend?.o) .dtors)
 *(SORT_BY_NAME(.dtors.*))
 *(.dtors)
                0x10008f60                        . = ALIGN (0x4)
                0x10008f60                        PROVIDE (__preinit_array_start = .)
 *(SORT_BY_NAME(.preinit_array.*))
 .preinit_array.00100
                0x10008f60        0x4 src/CMakeFiles/system_RTOS.dir/C_/Users/oinha/.pico-sdk/sdk/2.1.1/src/rp2_common/pico_runtime_init/runtime_init.c.obj
                0x10008f60                __pre_init_runtime_init_early_resets
 .preinit_array.00101
                0x10008f64        0x4 src/CMakeFiles/system_RTOS.dir/C_/Users/oinha/.pico-sdk/sdk/2.1.1/src/rp2_common/pico_runtime_init/runtime_init.c.obj
                0x10008f64                __pre_init_runtime_init_usb_power_down
 .preinit_array.00275
                0x10008f68        0x4 src/CMakeFiles/system_RTOS.dir/C_/Users/oinha/.pico-sdk/sdk/2.1.1/src/rp2_common/pico_bit_ops/bit_ops_aeabi.S.obj
 .preinit_array.00300
                0x10008f6c        0x4 src/CMakeFiles/system_RTOS.dir/C_/Users/oinha/.pico-sdk/sdk/2.1.1/src/rp2_common/pico_mem_ops/mem_ops_aeabi.S.obj
 .preinit_array.00350
                0x10008f70        0x4 src/CMakeFiles/system_RTOS.dir/C_/Users/oinha/.pico-sdk/sdk/2.1.1/src/rp2_common/pico_double/double_aeabi_rp2040.S.obj
 .preinit_array.00350
                0x10008f74        0x4 src/CMakeFiles/system_RTOS.dir/C_/Users/oinha/.pico-sdk/sdk/2.1.1/src/rp2_common/pico_float/float_aeabi_rp2040.S.obj
 .preinit_array.00500
                0x10008f78        0x4 src/CMakeFiles/system_RTOS.dir/C_/Users/oinha/.pico-sdk/sdk/2.1.1/src/rp2_common/pico_runtime_init/runtime_init.c.obj
                0x10008f78                __pre_init_runtime_init_clocks
 .preinit_array.00600
                0x10008f7c        0x4 src/CMakeFiles/system_RTOS.dir/C_/Users/oinha/.pico-sdk/sdk/2.1.1/src/rp2_common/pico_runtime_init/runtime_init.c.obj
                0x10008f7c                __pre_init_runtime_init_post_clock_resets
 .preinit_array.00700
                0x10008f80        0x4 src/CMakeFiles/system_RTOS.dir/C_/Users/oinha/.pico-sdk/sdk/2.1.1/src/rp2_common/pico_runtime_init/runtime_init.c.obj
                0x10008f80                __pre_init_runtime_init_rp2040_gpio_ie_disable
 .preinit_array.01000
                0x10008f84        0x4 src/CMakeFiles/system_RTOS.dir/C_/Users/oinha/.pico-sdk/sdk/2.1.1/src/rp2_common/pico_runtime_init/runtime_init.c.obj
                0x10008f84                __pre_init_runtime_init_spin_locks_reset
 .preinit_array.01100
                0x10008f88        0x4 src/CMakeFiles/system_RTOS.dir/C_/Users/oinha/.pico-sdk/sdk/2.1.1/src/common/pico_sync/mutex.c.obj
                0x10008f88                __pre_init_runtime_init_mutex
 .preinit_array.10080
                0x10008f8c        0x4 src/CMakeFiles/system_RTOS.dir/C_/Users/oinha/.pico-sdk/sdk/2.1.1/src/rp2_common/pico_runtime_init/runtime_init.c.obj
                0x10008f8c                __pre_init_runtime_init_install_ram_vector_table
 .preinit_array.11000
                0x10008f90        0x4 src/CMakeFiles/system_RTOS.dir/C_/Users/oinha/.pico-sdk/sdk/2.1.1/src/common/pico_time/time.c.obj
                0x10008f90                __pre_init_runtime_init_default_alarm_pool
 .preinit_array.YYYYY
                0x10008f94        0x4 src/CMakeFiles/system_RTOS.dir/C_/Users/oinha/.pico-sdk/sdk/2.1.1/src/rp2_common/pico_runtime/runtime.c.obj
                0x10008f94                __pre_init_first_per_core_initializer
 .preinit_array.ZZZZZ.01200
                0x10008f98        0x4 src/CMakeFiles/system_RTOS.dir/C_/Users/oinha/.pico-sdk/sdk/2.1.1/src/rp2_common/hardware_irq/irq.c.obj
                0x10008f98                __pre_init_runtime_init_per_core_irq_priorities
 *(.preinit_array)
                0x10008f9c                        PROVIDE (__preinit_array_end = .)
                0x10008f9c                        . = ALIGN (0x4)
                0x10008f9c                        PROVIDE (__init_array_start = .)
 *(SORT_BY_NAME(.init_array.*))
 *(.init_array)
 .init_array    0x10008f9c        0x4 C:/Users/oinha/.pico-sdk/toolchain/14_2_Rel1/bin/../lib/gcc/arm-none-eabi/14.2.1/thumb/v6-m/nofp/crtbegin.o
 .init_array    0x10008fa0        0x4 src/CMakeFiles/system_RTOS.dir/C_/Users/oinha/.pico-sdk/sdk/2.1.1/src/rp2_common/pico_unique_id/unique_id.c.obj
 .init_array    0x10008fa4        0x4 src/CMakeFiles/system_RTOS.dir/__/lib/FreeRTOS-Kernel/portable/ThirdParty/GCC/RP2040/port.c.obj
                0x10008fa8                        PROVIDE (__init_array_end = .)
                0x10008fa8                        . = ALIGN (0x4)
                [!provide]                        PROVIDE (__fini_array_start = .)
 *(SORT_BY_NAME(.fini_array.*))
 *(.fini_array)
                [!provide]                        PROVIDE (__fini_array_end = .)
 *(.eh_frame*)
 .eh_frame      0x10008fa8        0x0 C:/Users/oinha/.pico-sdk/toolchain/14_2_Rel1/bin/../lib/gcc/arm-none-eabi/14.2.1/thumb/v6-m/nofp/crtbegin.o
                0x10008fa8                        . = ALIGN (0x4)

.glue_7         0x10008fa8        0x0
 .glue_7        0x10008fa8        0x0 linker stubs

.glue_7t        0x10008fa8        0x0
 .glue_7t       0x10008fa8        0x0 linker stubs

.vfp11_veneer   0x10008fa8        0x0
 .vfp11_veneer  0x10008fa8        0x0 linker stubs

.v4_bx          0x10008fa8        0x0
 .v4_bx         0x10008fa8        0x0 linker stubs

.iplt           0x10008fa8        0x0
 .iplt          0x10008fa8        0x0 C:/Users/oinha/.pico-sdk/toolchain/14_2_Rel1/bin/../lib/gcc/arm-none-eabi/14.2.1/thumb/v6-m/nofp/crtbegin.o

.rodata         0x10008fa8      0x7e0
 *(EXCLUDE_FILE(*libm.a: *libc.a:*lib_a-mem*.o *libgcc.a:) .rodata*)
 .rodata.test_leds_task.str1.4
                0x10008fa8      0x310 src/CMakeFiles/system_RTOS.dir/system_RTOS.c.obj
                                 0x3e (size before relaxing)
 .rodata.test_buzzer_task.str1.4
                0x100092b8       0x10 src/CMakeFiles/system_RTOS.dir/system_RTOS.c.obj
 .rodata.monitor_joystick_task.str1.4
                0x100092b8       0x18 src/CMakeFiles/system_RTOS.dir/system_RTOS.c.obj
 .rodata.test_buttons_task.str1.4
                0x100092b8       0x48 src/CMakeFiles/system_RTOS.dir/system_RTOS.c.obj
 .rodata.test_microphone_task.str1.4
                0x100092b8       0x2d src/CMakeFiles/system_RTOS.dir/system_RTOS.c.obj
 .rodata.test_joystick_adc_task.str1.4
                0x100092b8       0x1c src/CMakeFiles/system_RTOS.dir/system_RTOS.c.obj
 .rodata.main.str1.4
                0x100092b8       0x6b src/CMakeFiles/system_RTOS.dir/system_RTOS.c.obj
 .rodata.panic.str1.4
                0x100092b8       0x12 src/CMakeFiles/system_RTOS.dir/C_/Users/oinha/.pico-sdk/sdk/2.1.1/src/rp2_common/pico_platform_panic/panic.c.obj
 .rodata.panic_unsupported.str1.4
                0x100092b8        0xe src/CMakeFiles/system_RTOS.dir/C_/Users/oinha/.pico-sdk/sdk/2.1.1/src/rp2_common/pico_platform_panic/panic.c.obj
 .rodata.spin_lock_claim_unused.str1.4
                0x100092b8       0x1b src/CMakeFiles/system_RTOS.dir/C_/Users/oinha/.pico-sdk/sdk/2.1.1/src/rp2_common/hardware_sync/sync.c.obj
 .rodata.user_irq_claim_unused.str1.4
                0x100092b8       0x1b src/CMakeFiles/system_RTOS.dir/C_/Users/oinha/.pico-sdk/sdk/2.1.1/src/rp2_common/hardware_irq/irq.c.obj
 .rodata.timer_hardware_alarm_claim.str1.4
                0x100092b8       0x22 src/CMakeFiles/system_RTOS.dir/C_/Users/oinha/.pico-sdk/sdk/2.1.1/src/rp2_common/hardware_timer/timer.c.obj
 .rodata.hard_assertion_failure.str1.4
                0x100092b8        0xc src/CMakeFiles/system_RTOS.dir/C_/Users/oinha/.pico-sdk/sdk/2.1.1/src/rp2_common/pico_runtime/runtime.c.obj
 .rodata.missing_double_func_shim.str1.4
                0x100092b8       0x18 src/CMakeFiles/system_RTOS.dir/C_/Users/oinha/.pico-sdk/sdk/2.1.1/src/rp2_common/pico_double/double_init_rom_rp2040.c.obj
 .rodata.missing_float_func_shim.str1.4
                0x100092b8        0x1 src/CMakeFiles/system_RTOS.dir/C_/Users/oinha/.pico-sdk/sdk/2.1.1/src/rp2_common/pico_float/float_init_rom_rp2040.c.obj
 .rodata.str1.4
                0x100092b8       0x40 src/CMakeFiles/system_RTOS.dir/C_/Users/oinha/.pico-sdk/sdk/2.1.1/src/rp2_common/pico_standard_binary_info/standard_binary_info.c.obj
 .rodata.__bi_84
                0x100092b8        0xc src/CMakeFiles/system_RTOS.dir/C_/Users/oinha/.pico-sdk/sdk/2.1.1/src/rp2_common/pico_standard_binary_info/standard_binary_info.c.obj
 .rodata.__bi_78
                0x100092c4        0xc src/CMakeFiles/system_RTOS.dir/C_/Users/oinha/.pico-sdk/sdk/2.1.1/src/rp2_common/pico_standard_binary_info/standard_binary_info.c.obj
 .rodata.__bi_54
                0x100092d0        0xc src/CMakeFiles/system_RTOS.dir/C_/Users/oinha/.pico-sdk/sdk/2.1.1/src/rp2_common/pico_standard_binary_info/standard_binary_info.c.obj
 .rodata.__bi_48
                0x100092dc        0xc src/CMakeFiles/system_RTOS.dir/C_/Users/oinha/.pico-sdk/sdk/2.1.1/src/rp2_common/pico_standard_binary_info/standard_binary_info.c.obj
 .rodata.__bi_42
                0x100092e8        0xc src/CMakeFiles/system_RTOS.dir/C_/Users/oinha/.pico-sdk/sdk/2.1.1/src/rp2_common/pico_standard_binary_info/standard_binary_info.c.obj
 .rodata.__bi_34
                0x100092f4        0xc src/CMakeFiles/system_RTOS.dir/C_/Users/oinha/.pico-sdk/sdk/2.1.1/src/rp2_common/pico_standard_binary_info/standard_binary_info.c.obj
 .rodata.__bi_26
                0x10009300        0xc src/CMakeFiles/system_RTOS.dir/C_/Users/oinha/.pico-sdk/sdk/2.1.1/src/rp2_common/pico_standard_binary_info/standard_binary_info.c.obj
 .rodata._ftoa.str1.4
                0x1000930c       0x15 src/CMakeFiles/system_RTOS.dir/C_/Users/oinha/.pico-sdk/sdk/2.1.1/src/rp2_common/pico_printf/printf.c.obj
 .rodata._vsnprintf
                0x1000930c      0x19c src/CMakeFiles/system_RTOS.dir/C_/Users/oinha/.pico-sdk/sdk/2.1.1/src/rp2_common/pico_printf/printf.c.obj
 .rodata.pow10.0
                0x100094a8       0x50 src/CMakeFiles/system_RTOS.dir/C_/Users/oinha/.pico-sdk/sdk/2.1.1/src/rp2_common/pico_printf/printf.c.obj
 .rodata.crlf_str.0
                0x100094f8        0x2 src/CMakeFiles/system_RTOS.dir/C_/Users/oinha/.pico-sdk/sdk/2.1.1/src/rp2_common/pico_stdio/stdio.c.obj
 *fill*         0x100094fa        0x2 
 .rodata._resetd_driver
                0x100094fc       0x20 src/CMakeFiles/system_RTOS.dir/C_/Users/oinha/.pico-sdk/sdk/2.1.1/src/rp2_common/pico_stdio_usb/reset_interface.c.obj
 .rodata.desc_ms_os_20
                0x1000951c       0xa6 src/CMakeFiles/system_RTOS.dir/C_/Users/oinha/.pico-sdk/sdk/2.1.1/src/rp2_common/pico_stdio_usb/reset_interface.c.obj
 *fill*         0x100095c2        0x2 
 .rodata.desc_bos
                0x100095c4       0x21 src/CMakeFiles/system_RTOS.dir/C_/Users/oinha/.pico-sdk/sdk/2.1.1/src/rp2_common/pico_stdio_usb/reset_interface.c.obj
                0x100095c4                desc_bos
 .rodata.str1.4
                0x100095e5       0x13 src/CMakeFiles/system_RTOS.dir/C_/Users/oinha/.pico-sdk/sdk/2.1.1/src/rp2_common/pico_stdio_usb/stdio_usb.c.obj
 *fill*         0x100095e5        0x3 
 .rodata.__bi_197.0
                0x100095e8        0xc src/CMakeFiles/system_RTOS.dir/C_/Users/oinha/.pico-sdk/sdk/2.1.1/src/rp2_common/pico_stdio_usb/stdio_usb.c.obj
 .rodata.str1.4
                0x100095f4       0x2a src/CMakeFiles/system_RTOS.dir/C_/Users/oinha/.pico-sdk/sdk/2.1.1/src/rp2_common/pico_stdio_usb/stdio_usb_descriptors.c.obj
 .rodata.usbd_desc_str
                0x100095f4       0x18 src/CMakeFiles/system_RTOS.dir/C_/Users/oinha/.pico-sdk/sdk/2.1.1/src/rp2_common/pico_stdio_usb/stdio_usb_descriptors.c.obj
 .rodata.usbd_desc_cfg
                0x1000960c       0x54 src/CMakeFiles/system_RTOS.dir/C_/Users/oinha/.pico-sdk/sdk/2.1.1/src/rp2_common/pico_stdio_usb/stdio_usb_descriptors.c.obj
 .rodata.usbd_desc_device
                0x10009660       0x12 src/CMakeFiles/system_RTOS.dir/C_/Users/oinha/.pico-sdk/sdk/2.1.1/src/rp2_common/pico_stdio_usb/stdio_usb_descriptors.c.obj
 .rodata.str1.4
                0x10009672       0x14 src/CMakeFiles/system_RTOS.dir/C_/Users/oinha/.pico-sdk/sdk/2.1.1/lib/tinyusb/src/portable/raspberrypi/rp2040/dcd_rp2040.c.obj
 .rodata.str1.4
                0x10009672       0x48 src/CMakeFiles/system_RTOS.dir/C_/Users/oinha/.pico-sdk/sdk/2.1.1/lib/tinyusb/src/portable/raspberrypi/rp2040/rp2040_usb.c.obj
 *fill*         0x10009672        0x2 
 .rodata.tud_task_ext
                0x10009674       0x8c src/CMakeFiles/system_RTOS.dir/C_/Users/oinha/.pico-sdk/sdk/2.1.1/lib/tinyusb/src/device/usbd.c.obj
 .rodata        0x10009700       0x1c src/CMakeFiles/system_RTOS.dir/C_/Users/oinha/.pico-sdk/sdk/2.1.1/lib/tinyusb/src/device/usbd.c.obj
 .rodata._usbd_driver
                0x1000971c       0x40 src/CMakeFiles/system_RTOS.dir/C_/Users/oinha/.pico-sdk/sdk/2.1.1/lib/tinyusb/src/device/usbd.c.obj
 .rodata.uxTopUsedPriority
                0x1000975c        0x4 src/CMakeFiles/system_RTOS.dir/__/lib/FreeRTOS-Kernel/tasks.c.obj
 .rodata.prvTimerTask
                0x10009760       0x28 src/CMakeFiles/system_RTOS.dir/__/lib/FreeRTOS-Kernel/timers.c.obj
 .rodata.xTimerCreateTimerTask.str1.4
                0x10009788       0x10 src/CMakeFiles/system_RTOS.dir/__/lib/FreeRTOS-Kernel/timers.c.obj
                0x10009798                        . = ALIGN (0x4)
 *(SORT_BY_ALIGNMENT(SORT_BY_NAME(.flashdata*)))
                0x10009798                        . = ALIGN (0x4)

.ARM.extab
 *(.ARM.extab* .gnu.linkonce.armextab.*)
                0x10009788                        __exidx_start = .

.ARM.exidx
 *(.ARM.exidx* .gnu.linkonce.armexidx.*)
                0x10009788                        __exidx_end = .
                0x10009798                        . = ALIGN (0x4)
                0x10009788                        __binary_info_start = .

.binary_info    0x10009788       0x20
 *(.binary_info.keep.*)
 .binary_info.keep.__bi_ptr84
                0x10009788        0x4 src/CMakeFiles/system_RTOS.dir/C_/Users/oinha/.pico-sdk/sdk/2.1.1/src/rp2_common/pico_standard_binary_info/standard_binary_info.c.obj
 .binary_info.keep.__bi_ptr78
                0x1000978c        0x4 src/CMakeFiles/system_RTOS.dir/C_/Users/oinha/.pico-sdk/sdk/2.1.1/src/rp2_common/pico_standard_binary_info/standard_binary_info.c.obj
 .binary_info.keep.__bi_ptr54
                0x10009790        0x4 src/CMakeFiles/system_RTOS.dir/C_/Users/oinha/.pico-sdk/sdk/2.1.1/src/rp2_common/pico_standard_binary_info/standard_binary_info.c.obj
 .binary_info.keep.__bi_ptr48
                0x10009794        0x4 src/CMakeFiles/system_RTOS.dir/C_/Users/oinha/.pico-sdk/sdk/2.1.1/src/rp2_common/pico_standard_binary_info/standard_binary_info.c.obj
 .binary_info.keep.__bi_ptr42
                0x10009798        0x4 src/CMakeFiles/system_RTOS.dir/C_/Users/oinha/.pico-sdk/sdk/2.1.1/src/rp2_common/pico_standard_binary_info/standard_binary_info.c.obj
 .binary_info.keep.__bi_ptr34
                0x1000979c        0x4 src/CMakeFiles/system_RTOS.dir/C_/Users/oinha/.pico-sdk/sdk/2.1.1/src/rp2_common/pico_standard_binary_info/standard_binary_info.c.obj
 .binary_info.keep.__bi_ptr26
                0x100097a0        0x4 src/CMakeFiles/system_RTOS.dir/C_/Users/oinha/.pico-sdk/sdk/2.1.1/src/rp2_common/pico_standard_binary_info/standard_binary_info.c.obj
 *(.binary_info.*)
 .binary_info.__bi_ptr197
                0x100097a4        0x4 src/CMakeFiles/system_RTOS.dir/C_/Users/oinha/.pico-sdk/sdk/2.1.1/src/rp2_common/pico_stdio_usb/stdio_usb.c.obj
                0x100097a8                        __binary_info_end = .

.rel.dyn        0x100097a8        0x0
 .rel.iplt      0x100097a8        0x0 C:/Users/oinha/.pico-sdk/toolchain/14_2_Rel1/bin/../lib/gcc/arm-none-eabi/14.2.1/thumb/v6-m/nofp/crtbegin.o
                0x100097a8                        . = ALIGN (0x4)

.ram_vector_table
                0x20000000       0xc0
 *(.ram_vector_table)
 .ram_vector_table
                0x20000000       0xc0 src/CMakeFiles/system_RTOS.dir/C_/Users/oinha/.pico-sdk/sdk/2.1.1/src/rp2_common/pico_runtime_init/runtime_init.c.obj
                0x20000000                ram_vector_table

.uninitialized_data
                0x200000c0        0x0
                0x200000c0                        . = ALIGN (0x4)
 *(.uninitialized_data*)

.data           0x200000c0      0xfb8 load address 0x100097a8
                0x200000c0                        __data_start__ = .
 *(vtable)
 *(.time_critical*)
 .time_critical.mutex_try_enter
                0x200000c0       0x40 src/CMakeFiles/system_RTOS.dir/C_/Users/oinha/.pico-sdk/sdk/2.1.1/src/common/pico_sync/mutex.c.obj
                0x200000c0                mutex_try_enter
 .time_critical.mutex_try_enter_block_until
                0x20000100       0xa0 src/CMakeFiles/system_RTOS.dir/C_/Users/oinha/.pico-sdk/sdk/2.1.1/src/common/pico_sync/mutex.c.obj
                0x20000100                mutex_try_enter_block_until
 .time_critical.mutex_enter_timeout_ms
                0x200001a0       0x74 src/CMakeFiles/system_RTOS.dir/C_/Users/oinha/.pico-sdk/sdk/2.1.1/src/common/pico_sync/mutex.c.obj
                0x200001a0                mutex_enter_timeout_ms
 .time_critical.mutex_exit
                0x20000214       0x20 src/CMakeFiles/system_RTOS.dir/C_/Users/oinha/.pico-sdk/sdk/2.1.1/src/common/pico_sync/mutex.c.obj
                0x20000214                mutex_exit
 .time_critical.flash_init_boot2_copyout
                0x20000234       0x30 src/CMakeFiles/system_RTOS.dir/C_/Users/oinha/.pico-sdk/sdk/2.1.1/src/rp2_common/hardware_flash/flash.c.obj
 .time_critical.flash_enable_xip_via_boot2
                0x20000264        0xc src/CMakeFiles/system_RTOS.dir/C_/Users/oinha/.pico-sdk/sdk/2.1.1/src/rp2_common/hardware_flash/flash.c.obj
 .time_critical.flash_cs_force
                0x20000270       0x38 src/CMakeFiles/system_RTOS.dir/C_/Users/oinha/.pico-sdk/sdk/2.1.1/src/rp2_common/hardware_flash/flash.c.obj
 .time_critical.flash_do_cmd
                0x200002a8      0x130 src/CMakeFiles/system_RTOS.dir/C_/Users/oinha/.pico-sdk/sdk/2.1.1/src/rp2_common/hardware_flash/flash.c.obj
                0x200002a8                flash_do_cmd
 .time_critical.reset_non_control_endpoints
                0x200003d8       0x68 src/CMakeFiles/system_RTOS.dir/C_/Users/oinha/.pico-sdk/sdk/2.1.1/lib/tinyusb/src/portable/raspberrypi/rp2040/dcd_rp2040.c.obj
 .time_critical.hw_handle_buff_status
                0x20000440       0xa0 src/CMakeFiles/system_RTOS.dir/C_/Users/oinha/.pico-sdk/sdk/2.1.1/lib/tinyusb/src/portable/raspberrypi/rp2040/dcd_rp2040.c.obj
 .time_critical.dcd_rp2040_irq
                0x200004e0      0x548 src/CMakeFiles/system_RTOS.dir/C_/Users/oinha/.pico-sdk/sdk/2.1.1/lib/tinyusb/src/portable/raspberrypi/rp2040/dcd_rp2040.c.obj
 .time_critical.prepare_ep_buffer
                0x20000a28       0xc8 src/CMakeFiles/system_RTOS.dir/C_/Users/oinha/.pico-sdk/sdk/2.1.1/lib/tinyusb/src/portable/raspberrypi/rp2040/rp2040_usb.c.obj
 .time_critical.sync_ep_buffer
                0x20000af0       0x9c src/CMakeFiles/system_RTOS.dir/C_/Users/oinha/.pico-sdk/sdk/2.1.1/lib/tinyusb/src/portable/raspberrypi/rp2040/rp2040_usb.c.obj
 .time_critical._hw_endpoint_xfer_sync
                0x20000b8c       0x28 src/CMakeFiles/system_RTOS.dir/C_/Users/oinha/.pico-sdk/sdk/2.1.1/lib/tinyusb/src/portable/raspberrypi/rp2040/rp2040_usb.c.obj
 .time_critical.e15_is_bulkin_ep
                0x20000bb4       0x28 src/CMakeFiles/system_RTOS.dir/C_/Users/oinha/.pico-sdk/sdk/2.1.1/lib/tinyusb/src/portable/raspberrypi/rp2040/rp2040_usb.c.obj
 .time_critical.e15_is_critical_frame_period
                0x20000bdc       0x34 src/CMakeFiles/system_RTOS.dir/C_/Users/oinha/.pico-sdk/sdk/2.1.1/lib/tinyusb/src/portable/raspberrypi/rp2040/rp2040_usb.c.obj
 .time_critical.hw_endpoint_reset_transfer
                0x20000c10        0xc src/CMakeFiles/system_RTOS.dir/C_/Users/oinha/.pico-sdk/sdk/2.1.1/lib/tinyusb/src/portable/raspberrypi/rp2040/rp2040_usb.c.obj
                0x20000c10                hw_endpoint_reset_transfer
 .time_critical._hw_endpoint_buffer_control_update32
                0x20000c1c       0x50 src/CMakeFiles/system_RTOS.dir/C_/Users/oinha/.pico-sdk/sdk/2.1.1/lib/tinyusb/src/portable/raspberrypi/rp2040/rp2040_usb.c.obj
                0x20000c1c                _hw_endpoint_buffer_control_update32
 .time_critical.hw_endpoint_start_next_buffer
                0x20000c6c       0x68 src/CMakeFiles/system_RTOS.dir/C_/Users/oinha/.pico-sdk/sdk/2.1.1/lib/tinyusb/src/portable/raspberrypi/rp2040/rp2040_usb.c.obj
                0x20000c6c                hw_endpoint_start_next_buffer
 .time_critical.hw_endpoint_xfer_continue
                0x20000cd4       0x40 src/CMakeFiles/system_RTOS.dir/C_/Users/oinha/.pico-sdk/sdk/2.1.1/lib/tinyusb/src/portable/raspberrypi/rp2040/rp2040_usb.c.obj
                0x20000cd4                hw_endpoint_xfer_continue
 .time_critical.tinyusb
                0x20000d14      0x1e4 src/CMakeFiles/system_RTOS.dir/C_/Users/oinha/.pico-sdk/sdk/2.1.1/lib/tinyusb/src/device/usbd.c.obj
                0x20000d14                dcd_event_handler
 *(.text*)
 .text          0x20000ef8        0x4 C:/Users/oinha/.pico-sdk/toolchain/14_2_Rel1/bin/../lib/gcc/arm-none-eabi/14.2.1/thumb/v6-m/nofp\libgcc.a(_dvmd_tls.o)
                0x20000ef8                __aeabi_idiv0
                0x20000ef8                __aeabi_ldiv0
 *fill*         0x20000efc        0x4 
 .text.__stub   0x20000f00       0xa0 linker stubs
                0x20000fa0                        . = ALIGN (0x4)
 *(.rodata*)
                0x20000fa0                        . = ALIGN (0x4)
 *(.data*)
 .data.striped_spin_lock_num
                0x20000fa0        0x1 src/CMakeFiles/system_RTOS.dir/C_/Users/oinha/.pico-sdk/sdk/2.1.1/src/rp2_common/hardware_sync/sync.c.obj
 *fill*         0x20000fa1        0x3 
 .data          0x20000fa4       0x48 src/CMakeFiles/system_RTOS.dir/C_/Users/oinha/.pico-sdk/sdk/2.1.1/src/rp2_common/hardware_irq/irq_handler_chain.S.obj
                0x20000fa4                irq_handler_chain_slots
                0x20000fd4                irq_handler_chain_first_slot
                0x20000fde                irq_handler_chain_remove_tail
 .data.default_alarm_pool
                0x20000fec       0x18 src/CMakeFiles/system_RTOS.dir/C_/Users/oinha/.pico-sdk/sdk/2.1.1/src/common/pico_time/time.c.obj
 *fill*         0x20001004        0xc 
 .data.aeabi_bits_funcs
                0x20001010       0x10 src/CMakeFiles/system_RTOS.dir/C_/Users/oinha/.pico-sdk/sdk/2.1.1/src/rp2_common/pico_bit_ops/bit_ops_aeabi.S.obj
                0x20001010                aeabi_bits_funcs
                0x20001020                aeabi_bits_funcs_end
 .data.aeabi_mem_funcs
                0x20001020       0x10 src/CMakeFiles/system_RTOS.dir/C_/Users/oinha/.pico-sdk/sdk/2.1.1/src/rp2_common/pico_mem_ops/mem_ops_aeabi.S.obj
                0x20001020                aeabi_mem_funcs
                0x20001030                aeabi_mem_funcs_end
 .data.stdio_usb
                0x20001030       0x18 src/CMakeFiles/system_RTOS.dir/C_/Users/oinha/.pico-sdk/sdk/2.1.1/src/rp2_common/pico_stdio_usb/stdio_usb.c.obj
                0x20001030                stdio_usb
 .data._usbd_qdef
                0x20001048       0x1c src/CMakeFiles/system_RTOS.dir/C_/Users/oinha/.pico-sdk/sdk/2.1.1/lib/tinyusb/src/device/usbd.c.obj
                0x20001048                _usbd_qdef
 .data._usbd_rhport
                0x20001064        0x1 src/CMakeFiles/system_RTOS.dir/C_/Users/oinha/.pico-sdk/sdk/2.1.1/lib/tinyusb/src/device/usbd.c.obj
 .data.ucPrimaryCoreNum
                0x20001065        0x1 src/CMakeFiles/system_RTOS.dir/__/lib/FreeRTOS-Kernel/portable/ThirdParty/GCC/RP2040/port.c.obj
                0x20001068                        . = ALIGN (0x4)
 *fill*         0x20001066        0x2 
 *(.after_data.*)
                0x20001068                        . = ALIGN (0x4)
                0x20001068                        PROVIDE (__mutex_array_start = .)
 *(SORT_BY_NAME(.mutex_array.*))
 *(.mutex_array)
 .mutex_array   0x20001068        0x8 src/CMakeFiles/system_RTOS.dir/C_/Users/oinha/.pico-sdk/sdk/2.1.1/src/rp2_common/pico_malloc/malloc.c.obj
 .mutex_array   0x20001070        0x8 src/CMakeFiles/system_RTOS.dir/C_/Users/oinha/.pico-sdk/sdk/2.1.1/src/rp2_common/pico_stdio/stdio.c.obj
                0x20001078                        PROVIDE (__mutex_array_end = .)
                0x20001078                        . = ALIGN (0x4)
 *(.jcr)
                0x20001078                        . = ALIGN (0x4)

.tm_clone_table
                0x20001078        0x0 load address 0x1000a760
 .tm_clone_table
                0x20001078        0x0 C:/Users/oinha/.pico-sdk/toolchain/14_2_Rel1/bin/../lib/gcc/arm-none-eabi/14.2.1/thumb/v6-m/nofp/crtbegin.o
 .tm_clone_table
                0x20001078        0x0 C:/Users/oinha/.pico-sdk/toolchain/14_2_Rel1/bin/../lib/gcc/arm-none-eabi/14.2.1/thumb/v6-m/nofp/crtend.o

.igot.plt       0x20001078        0x0 load address 0x1000a760
 .igot.plt      0x20001078        0x0 C:/Users/oinha/.pico-sdk/toolchain/14_2_Rel1/bin/../lib/gcc/arm-none-eabi/14.2.1/thumb/v6-m/nofp/crtbegin.o

.tdata          0x20001078        0x0 load address 0x1000a760
                0x20001078                        . = ALIGN (0x4)
 *(.tdata .tdata.* .gnu.linkonce.td.*)
                0x20001078                        __tdata_end = .