Archive member included to satisfy reference by file (symbol)

C:/Users/oinha/.pico-sdk/toolchain/14_2_Rel1/bin/../lib/gcc/arm-none-eabi/14.2.1/thumb/v6-m/nofp\libgcc.a(_dvmd_tls.o)
                              src/CMakeFiles/semaf_RTOS.dir/C_/Users/oinha/.pico-sdk/sdk/2.1.1/src/rp2_common/pico_divider/divider_hardware.S.obj (__aeabi_idiv0)
C:/Users/oinha/.pico-sdk/toolchain/14_2_Rel1/bin/../lib/gcc/arm-none-eabi/14.2.1/thumb/v6-m/nofp\libg.a(libc_a-calloc.o)
                              src/CMakeFiles/semaf_RTOS.dir/C_/Users/oinha/.pico-sdk/sdk/2.1.1/src/rp2_common/pico_malloc/malloc.c.obj (calloc)
C:/Users/oinha/.pico-sdk/toolchain/14_2_Rel1/bin/../lib/gcc/arm-none-eabi/14.2.1/thumb/v6-m/nofp\libg.a(libc_a-callocr.o)
                              C:/Users/oinha/.pico-sdk/toolchain/14_2_Rel1/bin/../lib/gcc/arm-none-eabi/14.2.1/thumb/v6-m/nofp\libg.a(libc_a-calloc.o) (_calloc_r)
C:/Users/oinha/.pico-sdk/toolchain/14_2_Rel1/bin/../lib/gcc/arm-none-eabi/14.2.1/thumb/v6-m/nofp\libg.a(libc_a-malloc.o)
                              src/CMakeFiles/semaf_RTOS.dir/C_/Users/oinha/.pico-sdk/sdk/2.1.1/src/rp2_common/pico_malloc/malloc.c.obj (malloc)
C:/Users/oinha/.pico-sdk/toolchain/14_2_Rel1/bin/../lib/gcc/arm-none-eabi/14.2.1/thumb/v6-m/nofp\libg.a(libc_a-mallocr.o)
                              C:/Users/oinha/.pico-sdk/toolchain/14_2_Rel1/bin/../lib/gcc/arm-none-eabi/14.2.1/thumb/v6-m/nofp\libg.a(libc_a-callocr.o) (_malloc_r)
C:/Users/oinha/.pico-sdk/toolchain/14_2_Rel1/bin/../lib/gcc/arm-none-eabi/14.2.1/thumb/v6-m/nofp\libg.a(libc_a-mlock.o)
                              C:/Users/oinha/.pico-sdk/toolchain/14_2_Rel1/bin/../lib/gcc/arm-none-eabi/14.2.1/thumb/v6-m/nofp\libg.a(libc_a-mallocr.o) (__malloc_lock)
C:/Users/oinha/.pico-sdk/toolchain/14_2_Rel1/bin/../lib/gcc/arm-none-eabi/14.2.1/thumb/v6-m/nofp\libg.a(libc_a-realloc.o)
                              src/CMakeFiles/semaf_RTOS.dir/C_/Users/oinha/.pico-sdk/sdk/2.1.1/src/rp2_common/pico_malloc/malloc.c.obj (realloc)
C:/Users/oinha/.pico-sdk/toolchain/14_2_Rel1/bin/../lib/gcc/arm-none-eabi/14.2.1/thumb/v6-m/nofp\libg.a(libc_a-reallocr.o)
                              C:/Users/oinha/.pico-sdk/toolchain/14_2_Rel1/bin/../lib/gcc/arm-none-eabi/14.2.1/thumb/v6-m/nofp\libg.a(libc_a-realloc.o) (_realloc_r)
C:/Users/oinha/.pico-sdk/toolchain/14_2_Rel1/bin/../lib/gcc/arm-none-eabi/14.2.1/thumb/v6-m/nofp\libg.a(libc_a-memcmp.o)
                              src/CMakeFiles/semaf_RTOS.dir/C_/Users/oinha/.pico-sdk/sdk/2.1.1/src/rp2_common/pico_atomic/atomic.c.obj (memcmp)
C:/Users/oinha/.pico-sdk/toolchain/14_2_Rel1/bin/../lib/gcc/arm-none-eabi/14.2.1/thumb/v6-m/nofp\libg.a(libc_a-memmove.o)
                              C:/Users/oinha/.pico-sdk/toolchain/14_2_Rel1/bin/../lib/gcc/arm-none-eabi/14.2.1/thumb/v6-m/nofp\libg.a(libc_a-reallocr.o) (memmove)
C:/Users/oinha/.pico-sdk/toolchain/14_2_Rel1/bin/../lib/gcc/arm-none-eabi/14.2.1/thumb/v6-m/nofp\libg.a(libc_a-lcltime_r.o)
                              src/CMakeFiles/semaf_RTOS.dir/C_/Users/oinha/.pico-sdk/sdk/2.1.1/src/common/pico_util/datetime.c.obj (localtime_r)
C:/Users/oinha/.pico-sdk/toolchain/14_2_Rel1/bin/../lib/gcc/arm-none-eabi/14.2.1/thumb/v6-m/nofp\libg.a(libc_a-mktime.o)
                              src/CMakeFiles/semaf_RTOS.dir/C_/Users/oinha/.pico-sdk/sdk/2.1.1/src/common/pico_util/datetime.c.obj (mktime)
C:/Users/oinha/.pico-sdk/toolchain/14_2_Rel1/bin/../lib/gcc/arm-none-eabi/14.2.1/thumb/v6-m/nofp\libg.a(libc_a-month_lengths.o)
                              C:/Users/oinha/.pico-sdk/toolchain/14_2_Rel1/bin/../lib/gcc/arm-none-eabi/14.2.1/thumb/v6-m/nofp\libg.a(libc_a-lcltime_r.o) (__month_lengths)
C:/Users/oinha/.pico-sdk/toolchain/14_2_Rel1/bin/../lib/gcc/arm-none-eabi/14.2.1/thumb/v6-m/nofp\libg.a(libc_a-tzcalc_limits.o)
                              C:/Users/oinha/.pico-sdk/toolchain/14_2_Rel1/bin/../lib/gcc/arm-none-eabi/14.2.1/thumb/v6-m/nofp\libg.a(libc_a-lcltime_r.o) (__tzcalc_limits)
C:/Users/oinha/.pico-sdk/toolchain/14_2_Rel1/bin/../lib/gcc/arm-none-eabi/14.2.1/thumb/v6-m/nofp\libg.a(libc_a-tzlock.o)
                              C:/Users/oinha/.pico-sdk/toolchain/14_2_Rel1/bin/../lib/gcc/arm-none-eabi/14.2.1/thumb/v6-m/nofp\libg.a(libc_a-lcltime_r.o) (__tz_lock)
C:/Users/oinha/.pico-sdk/toolchain/14_2_Rel1/bin/../lib/gcc/arm-none-eabi/14.2.1/thumb/v6-m/nofp\libg.a(libc_a-tzset.o)
                              C:/Users/oinha/.pico-sdk/toolchain/14_2_Rel1/bin/../lib/gcc/arm-none-eabi/14.2.1/thumb/v6-m/nofp\libg.a(libc_a-lcltime_r.o) (_tzset_unlocked)
C:/Users/oinha/.pico-sdk/toolchain/14_2_Rel1/bin/../lib/gcc/arm-none-eabi/14.2.1/thumb/v6-m/nofp\libg.a(libc_a-tzset_r.o)
                              C:/Users/oinha/.pico-sdk/toolchain/14_2_Rel1/bin/../lib/gcc/arm-none-eabi/14.2.1/thumb/v6-m/nofp\libg.a(libc_a-tzset.o) (_tzset_unlocked_r)
C:/Users/oinha/.pico-sdk/toolchain/14_2_Rel1/bin/../lib/gcc/arm-none-eabi/14.2.1/thumb/v6-m/nofp\libg.a(libc_a-tzvars.o)
[...]
Memory Configuration

Name             Origin             Length             Attributes
FLASH            0x10000000         0x00200000         xr
RAM              0x20000000         0x00040000         xrw
SCRATCH_X        0x20040000         0x00001000         xrw
SCRATCH_Y        0x20041000         0x00001000         xrw
*default*        0x00000000         0xffffffff

Linker script and memory map

LOAD C:/Users/oinha/.pico-sdk/toolchain/14_2_Rel1/bin/../lib/gcc/arm-none-eabi/14.2.1/thumb/v6-m/nofp/crti.o
LOAD C:/Users/oinha/.pico-sdk/toolchain/14_2_Rel1/bin/../lib/gcc/arm-none-eabi/14.2.1/thumb/v6-m/nofp/crtbegin.o
LOAD C:/Users/oinha/.pico-sdk/toolchain/14_2_Rel1/bin/../lib/gcc/arm-none-eabi/14.2.1/thumb/v6-m/nofp/crt0.o

.flash_begin    0x10000000        0x0
                0x10000000                        __flash_binary_start = .

.boot2          0x10000000      0x100
                0x10000000                        __boot2_start__ = .
 *(.boot2)
 .boot2         0x10000000      0x100 pico-sdk/src/rp2040/boot_stage2/CMakeFiles/bs2_default_library.dir/./bs2_default_padded_checksummed.S.obj
                0x10000100                        __boot2_end__ = .
                0x00000001                        ASSERT (((__boot2_end__ - __boot2_start__) == 0x100), ERROR: Pico second stage bootloader must be 256 bytes in size)

.text           0x10000100     0x6f88
                0x10000100                        __logical_binary_start = .
 *(.vectors)
 .vectors       0x10000100       0xd4 src/CMakeFiles/semaf_RTOS.dir/C_/Users/oinha/.pico-sdk/sdk/2.1.1/src/rp2_common/pico_crt0/crt0.S.obj
                0x10000100                __VECTOR_TABLE
                0x10000100                __vectors
                0x100001c0                isr_invalid
                0x100001c0                __default_isrs_start
                0x100001c2                isr_nmi
                0x100001c4                isr_hardfault
                0x100001c6                isr_svcall
                0x100001c8                isr_pendsv
                0x100001ca                isr_systick
                0x100001cc                isr_irq23
                0x100001cc                isr_irq18
                0x100001cc                isr_irq11
                0x100001cc                isr_irq28
                0x100001cc                isr_irq19
                0x100001cc                isr_irq0
                0x100001cc                isr_irq6
                0x100001cc                isr_irq5
                0x100001cc                isr_irq12
                0x100001cc                isr_irq22
                0x100001cc                isr_irq31
                0x100001cc                isr_irq17
                0x100001cc                isr_irq27
                0x100001cc                isr_irq30
                0x100001cc                isr_irq2
                0x100001cc                isr_irq10
                0x100001cc                isr_irq8
                0x100001cc                isr_irq24
                0x100001cc                isr_irq1
                0x100001cc                isr_irq7
                0x100001cc                isr_irq21
                0x100001cc                isr_irq20
                0x100001cc                isr_irq15
                0x100001cc                isr_irq25
                0x100001cc                isr_irq13
                0x100001cc                __unhandled_user_irq
                0x100001cc                isr_irq4
                0x100001cc                isr_irq16
                0x100001cc                isr_irq29
                0x100001cc                isr_irq26
                0x100001cc                __default_isrs_end
                0x100001cc                isr_irq3
                0x100001cc                isr_irq14
                0x100001cc                isr_irq9
                0x100001d2                unhandled_user_irq_num_in_r0
 *(.binary_info_header)
 .binary_info_header
                0x100001d4       0x14 src/CMakeFiles/semaf_RTOS.dir/C_/Users/oinha/.pico-sdk/sdk/2.1.1/src/rp2_common/pico_crt0/crt0.S.obj
                0x100001e8                        __binary_info_header_end = .
 *(.embedded_block)
                0x100001e8                        __embedded_block_end = .
 *(.reset)
 .reset         0x100001e8       0x9c src/CMakeFiles/semaf_RTOS.dir/C_/Users/oinha/.pico-sdk/sdk/2.1.1/src/rp2_common/pico_crt0/crt0.S.obj
                0x100001e8                _entry_point
 *(.init)
 .init          0x10000284        0x4 C:/Users/oinha/.pico-sdk/toolchain/14_2_Rel1/bin/../lib/gcc/arm-none-eabi/14.2.1/thumb/v6-m/nofp/crti.o
                0x10000284                _init
 *(EXCLUDE_FILE(*libm.a: *libc.a:*lib_a-mem*.o *libgcc.a:) .text*)
 .text.register_tm_clones
                0x10000288       0x28 C:/Users/oinha/.pico-sdk/toolchain/14_2_Rel1/bin/../lib/gcc/arm-none-eabi/14.2.1/thumb/v6-m/nofp/crtbegin.o
 .text.frame_dummy
                0x100002b0       0x24 C:/Users/oinha/.pico-sdk/toolchain/14_2_Rel1/bin/../lib/gcc/arm-none-eabi/14.2.1/thumb/v6-m/nofp/crtbegin.o
 .text.tarefa_vermelha
                0x100002d4       0x50 src/CMakeFiles/semaf_RTOS.dir/semaf_RTOS.c.obj
                0x100002d4                tarefa_vermelha
 .text.tarefa_verde
                0x10000324       0x50 src/CMakeFiles/semaf_RTOS.dir/semaf_RTOS.c.obj
                0x10000324                tarefa_verde
 .text.tarefa_amarela
                0x10000374       0x5c src/CMakeFiles/semaf_RTOS.dir/semaf_RTOS.c.obj
                0x10000374                tarefa_amarela
 .text.setup_all
                0x100003d0       0x34 src/CMakeFiles/semaf_RTOS.dir/semaf_RTOS.c.obj
                0x100003d0                setup_all
 .text.startup.main
                0x10000404       0xb8 src/CMakeFiles/semaf_RTOS.dir/semaf_RTOS.c.obj
                0x10000404                main
 .text.pvPortMalloc
                0x100004bc      0x124 src/CMakeFiles/semaf_RTOS.dir/__/lib/FreeRTOS-Kernel/portable/MemMang/heap_4.c.obj
                0x100004bc                pvPortMalloc
 .text.vPortFree
                0x100005e0       0x98 src/CMakeFiles/semaf_RTOS.dir/__/lib/FreeRTOS-Kernel/portable/MemMang/heap_4.c.obj
                0x100005e0                vPortFree
 .text.gpio_init
                0x10000678       0x40 src/CMakeFiles/semaf_RTOS.dir/C_/Users/oinha/.pico-sdk/sdk/2.1.1/src/rp2_common/hardware_gpio/gpio.c.obj
                0x10000678                gpio_init
 .text.rp2040_chip_version
                0x100006b8        0xc src/CMakeFiles/semaf_RTOS.dir/C_/Users/oinha/.pico-sdk/sdk/2.1.1/src/rp2040/pico_platform/platform.c.obj
                0x100006b8                rp2040_chip_version
 .text.panic    0x100006c4       0x30 src/CMakeFiles/semaf_RTOS.dir/C_/Users/oinha/.pico-sdk/sdk/2.1.1/src/rp2_common/pico_platform_panic/panic.c.obj
                0x100006c4                panic
 .text.panic_unsupported
                0x100006f4        0xc src/CMakeFiles/semaf_RTOS.dir/C_/Users/oinha/.pico-sdk/sdk/2.1.1/src/rp2_common/pico_platform_panic/panic.c.obj
                0x100006f4                panic_unsupported
 .text.hw_claim_or_assert
                0x10000700       0x44 src/CMakeFiles/semaf_RTOS.dir/C_/Users/oinha/.pico-sdk/sdk/2.1.1/src/common/hardware_claim/claim.c.obj
                0x10000700                hw_claim_or_assert
 .text.hw_claim_unused_from_range
                0x10000744       0x88 src/CMakeFiles/semaf_RTOS.dir/C_/Users/oinha/.pico-sdk/sdk/2.1.1/src/common/hardware_claim/claim.c.obj
                0x10000744                hw_claim_unused_from_range
 .text.next_striped_spin_lock_num
                0x100007cc       0x18 src/CMakeFiles/semaf_RTOS.dir/C_/Users/oinha/.pico-sdk/sdk/2.1.1/src/rp2_common/hardware_sync/sync.c.obj
                0x100007cc                next_striped_spin_lock_num
 .text.spin_lock_claim_unused
                0x100007e4       0x24 src/CMakeFiles/semaf_RTOS.dir/C_/Users/oinha/.pico-sdk/sdk/2.1.1/src/rp2_common/hardware_sync/sync.c.obj
                0x100007e4                spin_lock_claim_unused
 .text.spin_locks_reset
                0x10000808       0x1c src/CMakeFiles/semaf_RTOS.dir/C_/Users/oinha/.pico-sdk/sdk/2.1.1/src/rp2_common/hardware_sync_spin_lock/sync_spin_lock.c.obj
                0x10000808                spin_locks_reset
 .text.runtime_init_per_core_irq_priorities
                0x10000824       0x24 src/CMakeFiles/semaf_RTOS.dir/C_/Users/oinha/.pico-sdk/sdk/2.1.1/src/rp2_common/hardware_irq/irq.c.obj
                0x10000824                runtime_init_per_core_irq_priorities
 .text.irq_set_enabled
                0x10000848       0x24 src/CMakeFiles/semaf_RTOS.dir/C_/Users/oinha/.pico-sdk/sdk/2.1.1/src/rp2_common/hardware_irq/irq.c.obj
                0x10000848                irq_set_enabled
 .text.irq_is_enabled
                0x1000086c       0x18 src/CMakeFiles/semaf_RTOS.dir/C_/Users/oinha/.pico-sdk/sdk/2.1.1/src/rp2_common/hardware_irq/irq.c.obj
                0x1000086c                irq_is_enabled
 .text.irq_set_pending
                0x10000884       0x10 src/CMakeFiles/semaf_RTOS.dir/C_/Users/oinha/.pico-sdk/sdk/2.1.1/src/rp2_common/hardware_irq/irq.c.obj
                0x10000884                irq_set_pending
 .text.irq_has_shared_handler
                0x10000894       0x24 src/CMakeFiles/semaf_RTOS.dir/C_/Users/oinha/.pico-sdk/sdk/2.1.1/src/rp2_common/hardware_irq/irq.c.obj
                0x10000894                irq_has_shared_handler
 .text.irq_set_exclusive_handler
                0x100008b8       0x54 src/CMakeFiles/semaf_RTOS.dir/C_/Users/oinha/.pico-sdk/sdk/2.1.1/src/rp2_common/hardware_irq/irq.c.obj
                0x100008b8                irq_set_exclusive_handler
 .text.irq_add_shared_handler
                0x1000090c      0x1f4 src/CMakeFiles/semaf_RTOS.dir/C_/Users/oinha/.pico-sdk/sdk/2.1.1/src/rp2_common/hardware_irq/irq.c.obj
                0x1000090c                irq_add_shared_handler
 .text.irq_set_priority
                0x10000b00       0x28 src/CMakeFiles/semaf_RTOS.dir/C_/Users/oinha/.pico-sdk/sdk/2.1.1/src/rp2_common/hardware_irq/irq.c.obj
                0x10000b00                irq_set_priority
 .text.irq_add_tail_to_free_list
                0x10000b28       0xb4 src/CMakeFiles/semaf_RTOS.dir/C_/Users/oinha/.pico-sdk/sdk/2.1.1/src/rp2_common/hardware_irq/irq.c.obj
                0x10000b28                irq_add_tail_to_free_list
 .text.user_irq_claim_unused
                0x10000bdc       0x2c src/CMakeFiles/semaf_RTOS.dir/C_/Users/oinha/.pico-sdk/sdk/2.1.1/src/rp2_common/hardware_irq/irq.c.obj
                0x10000bdc                user_irq_claim_unused
 .text.lock_init
                0x10000c08       0x10 src/CMakeFiles/semaf_RTOS.dir/C_/Users/oinha/.pico-sdk/sdk/2.1.1/src/common/pico_sync/lock_core.c.obj
                0x10000c08                lock_init
 .text.runtime_init_mutex
                0x10000c18       0x54 src/CMakeFiles/semaf_RTOS.dir/C_/Users/oinha/.pico-sdk/sdk/2.1.1/src/common/pico_sync/mutex.c.obj
                0x10000c18                runtime_init_mutex
 .text.mutex_init
                0x10000c6c       0x1c src/CMakeFiles/semaf_RTOS.dir/C_/Users/oinha/.pico-sdk/sdk/2.1.1/src/common/pico_sync/mutex.c.obj
                0x10000c6c                mutex_init
 .text.critical_section_init
                0x10000c88       0x1c src/CMakeFiles/semaf_RTOS.dir/C_/Users/oinha/.pico-sdk/sdk/2.1.1/src/common/pico_sync/critical_section.c.obj
                0x10000c88                critical_section_init
 .text.critical_section_init_with_lock_num
                0x10000ca4       0x14 src/CMakeFiles/semaf_RTOS.dir/C_/Users/oinha/.pico-sdk/sdk/2.1.1/src/common/pico_sync/critical_section.c.obj
                0x10000ca4                critical_section_init_with_lock_num
 .text.alarm_pool_irq_handler
                0x10000cb8      0x300 src/CMakeFiles/semaf_RTOS.dir/C_/Users/oinha/.pico-sdk/sdk/2.1.1/src/common/pico_time/time.c.obj
 .text.sleep_until_callback
                0x10000fb8       0x24 src/CMakeFiles/semaf_RTOS.dir/C_/Users/oinha/.pico-sdk/sdk/2.1.1/src/common/pico_time/time.c.obj
 .text.runtime_init_default_alarm_pool
                0x10000fdc       0xdc src/CMakeFiles/semaf_RTOS.dir/C_/Users/oinha/.pico-sdk/sdk/2.1.1/src/common/pico_time/time.c.obj
                0x10000fdc                runtime_init_default_alarm_pool
 .text.alarm_pool_get_default
                0x100010b8        0x8 src/CMakeFiles/semaf_RTOS.dir/C_/Users/oinha/.pico-sdk/sdk/2.1.1/src/common/pico_time/time.c.obj
                0x100010b8                alarm_pool_get_default
 .text.alarm_pool_add_alarm_at
                0x100010c0       0xd0 src/CMakeFiles/semaf_RTOS.dir/C_/Users/oinha/.pico-sdk/sdk/2.1.1/src/common/pico_time/time.c.obj
                0x100010c0                alarm_pool_add_alarm_at
 .text.alarm_pool_add_alarm_at_force_in_context
                0x10001190       0xb0 src/CMakeFiles/semaf_RTOS.dir/C_/Users/oinha/.pico-sdk/sdk/2.1.1/src/common/pico_time/time.c.obj
                0x10001190                alarm_pool_add_alarm_at_force_in_context
 .text.alarm_pool_cancel_alarm
                0x10001240       0x74 src/CMakeFiles/semaf_RTOS.dir/C_/Users/oinha/.pico-sdk/sdk/2.1.1/src/common/pico_time/time.c.obj
                0x10001240                alarm_pool_cancel_alarm
 .text.alarm_pool_core_num
                0x100012b4        0x4 src/CMakeFiles/semaf_RTOS.dir/C_/Users/oinha/.pico-sdk/sdk/2.1.1/src/common/pico_time/time.c.obj
                0x100012b4                alarm_pool_core_num
 .text.sleep_ms
                0x100012b8       0xf8 src/CMakeFiles/semaf_RTOS.dir/C_/Users/oinha/.pico-sdk/sdk/2.1.1/src/common/pico_time/time.c.obj
                0x100012b8                sleep_ms
 .text.best_effort_wfe_or_timeout
                0x100013b0      0x10c src/CMakeFiles/semaf_RTOS.dir/C_/Users/oinha/.pico-sdk/sdk/2.1.1/src/common/pico_time/time.c.obj
                0x100013b0                best_effort_wfe_or_timeout
 .text.timer_hardware_alarm_claim
                0x100014bc       0x14 src/CMakeFiles/semaf_RTOS.dir/C_/Users/oinha/.pico-sdk/sdk/2.1.1/src/rp2_common/hardware_timer/timer.c.obj
                0x100014bc                timer_hardware_alarm_claim
 .text.timer_time_us_64
                0x100014d0       0x10 src/CMakeFiles/semaf_RTOS.dir/C_/Users/oinha/.pico-sdk/sdk/2.1.1/src/rp2_common/hardware_timer/timer.c.obj
                0x100014d0                timer_time_us_64
 .text.time_us_64
                0x100014e0       0x14 src/CMakeFiles/semaf_RTOS.dir/C_/Users/oinha/.pico-sdk/sdk/2.1.1/src/rp2_common/hardware_timer/timer.c.obj
                0x100014e0                time_us_64
 .text.busy_wait_until
                0x100014f4       0x20 src/CMakeFiles/semaf_RTOS.dir/C_/Users/oinha/.pico-sdk/sdk/2.1.1/src/rp2_common/hardware_timer/timer.c.obj
                0x100014f4                busy_wait_until
 .text.clock_configure_int_divider
                0x10001514       0xf4 src/CMakeFiles/semaf_RTOS.dir/C_/Users/oinha/.pico-sdk/sdk/2.1.1/src/rp2_common/hardware_clocks/clocks.c.obj
                0x10001514                clock_configure_int_divider
 .text.clock_configure_undivided
                0x10001608       0xe8 src/CMakeFiles/semaf_RTOS.dir/C_/Users/oinha/.pico-sdk/sdk/2.1.1/src/rp2_common/hardware_clocks/clocks.c.obj
                0x10001608                clock_configure_undivided
 .text.clock_get_hz
                0x100016f0        0xc src/CMakeFiles/semaf_RTOS.dir/C_/Users/oinha/.pico-sdk/sdk/2.1.1/src/rp2_common/hardware_clocks/clocks.c.obj
                0x100016f0                clock_get_hz
 .text.pll_init
                0x100016fc       0xa4 src/CMakeFiles/semaf_RTOS.dir/C_/Users/oinha/.pico-sdk/sdk/2.1.1/src/rp2_common/hardware_pll/pll.c.obj
                0x100016fc                pll_init
 .text.watchdog_reboot
                0x100017a0       0x9c src/CMakeFiles/semaf_RTOS.dir/C_/Users/oinha/.pico-sdk/sdk/2.1.1/src/rp2_common/hardware_watchdog/watchdog.c.obj
                0x100017a0                watchdog_reboot
 .text.tick_start
                0x1000183c       0x10 src/CMakeFiles/semaf_RTOS.dir/C_/Users/oinha/.pico-sdk/sdk/2.1.1/src/rp2_common/hardware_ticks/ticks.c.obj
                0x1000183c                tick_start
 .text.rom_func_lookup
                0x1000184c       0x10 src/CMakeFiles/semaf_RTOS.dir/C_/Users/oinha/.pico-sdk/sdk/2.1.1/src/rp2_common/pico_bootrom/bootrom.c.obj
                0x1000184c                rom_func_lookup
 .text.rom_data_lookup
                0x1000185c       0x10 src/CMakeFiles/semaf_RTOS.dir/C_/Users/oinha/.pico-sdk/sdk/2.1.1/src/rp2_common/pico_bootrom/bootrom.c.obj
                0x1000185c                rom_data_lookup
 .text.rom_funcs_lookup
                0x1000186c       0x44 src/CMakeFiles/semaf_RTOS.dir/C_/Users/oinha/.pico-sdk/sdk/2.1.1/src/rp2_common/pico_bootrom/bootrom.c.obj
                0x1000186c                rom_funcs_lookup
 .text.rom_reset_usb_boot_extra
                0x100018b0       0x24 src/CMakeFiles/semaf_RTOS.dir/C_/Users/oinha/.pico-sdk/sdk/2.1.1/src/rp2_common/pico_bootrom/bootrom.c.obj
                0x100018b0                rom_reset_usb_boot_extra
 .text.xosc_init
                0x100018d4       0x28 src/CMakeFiles/semaf_RTOS.dir/C_/Users/oinha/.pico-sdk/sdk/2.1.1/src/rp2_common/hardware_xosc/xosc.c.obj
                0x100018d4                xosc_init
 .text.first_per_core_initializer
                0x100018fc        0x4 src/CMakeFiles/semaf_RTOS.dir/C_/Users/oinha/.pico-sdk/sdk/2.1.1/src/rp2_common/pico_runtime/runtime.c.obj
 .text.hard_assertion_failure
                0x10001900        0xc src/CMakeFiles/semaf_RTOS.dir/C_/Users/oinha/.pico-sdk/sdk/2.1.1/src/rp2_common/pico_runtime/runtime.c.obj
                0x10001900                hard_assertion_failure
 .text.runtime_run_initializers
                0x1000190c       0x28 src/CMakeFiles/semaf_RTOS.dir/C_/Users/oinha/.pico-sdk/sdk/2.1.1/src/rp2_common/pico_runtime/runtime.c.obj
                0x1000190c                runtime_run_initializers
 .text.runtime_init_early_resets
                0x10001934       0x2c src/CMakeFiles/semaf_RTOS.dir/C_/Users/oinha/.pico-sdk/sdk/2.1.1/src/rp2_common/pico_runtime_init/runtime_init.c.obj
                0x10001934                runtime_init_early_resets
 .text.runtime_init_usb_power_down
                0x10001960       0x1c src/CMakeFiles/semaf_RTOS.dir/C_/Users/oinha/.pico-sdk/sdk/2.1.1/src/rp2_common/pico_runtime_init/runtime_init.c.obj
                0x10001960                runtime_init_usb_power_down
 .text.runtime_init_post_clock_resets
                0x1000197c       0x20 src/CMakeFiles/semaf_RTOS.dir/C_/Users/oinha/.pico-sdk/sdk/2.1.1/src/rp2_common/pico_runtime_init/runtime_init.c.obj
                0x1000197c                runtime_init_post_clock_resets
 .text.runtime_init_rp2040_gpio_ie_disable
                0x1000199c       0x14 src/CMakeFiles/semaf_RTOS.dir/C_/Users/oinha/.pico-sdk/sdk/2.1.1/src/rp2_common/pico_runtime_init/runtime_init.c.obj
                0x1000199c                runtime_init_rp2040_gpio_ie_disable
 .text.runtime_init_spin_locks_reset
                0x100019b0        0x8 src/CMakeFiles/semaf_RTOS.dir/C_/Users/oinha/.pico-sdk/sdk/2.1.1/src/rp2_common/pico_runtime_init/runtime_init.c.obj
                0x100019b0                runtime_init_spin_locks_reset
 .text.runtime_init_install_ram_vector_table
                0x100019b8       0x1c src/CMakeFiles/semaf_RTOS.dir/C_/Users/oinha/.pico-sdk/sdk/2.1.1/src/rp2_common/pico_runtime_init/runtime_init.c.obj
                0x100019b8                runtime_init_install_ram_vector_table
 .text.runtime_init_clocks
                0x100019d4       0xd8 src/CMakeFiles/semaf_RTOS.dir/C_/Users/oinha/.pico-sdk/sdk/2.1.1/src/rp2_common/pico_runtime_init/runtime_init_clocks.c.obj
                0x100019d4                runtime_init_clocks
 .text          0x10001aac       0x10 src/CMakeFiles/semaf_RTOS.dir/C_/Users/oinha/.pico-sdk/sdk/2.1.1/src/rp2_common/pico_bit_ops/bit_ops_aeabi.S.obj
 .text.__wrap___aeabi_uidiv
                0x10001abc       0x4c src/CMakeFiles/semaf_RTOS.dir/C_/Users/oinha/.pico-sdk/sdk/2.1.1/src/rp2_common/pico_divider/divider_hardware.S.obj
                0x10001abc                __wrap___aeabi_uidiv
                0x10001abc                __wrap___aeabi_uidivmod
                0x10001abc                div_u32u32
                0x10001abc                divmod_u32u32
                0x10001ac4                divmod_u32u32_unsafe
                0x10001aec                divmod_u32u32_savestate
 .text.__wrap___aeabi_ldiv
                0x10001b08      0x424 src/CMakeFiles/semaf_RTOS.dir/C_/Users/oinha/.pico-sdk/sdk/2.1.1/src/rp2_common/pico_divider/divider_hardware.S.obj
                0x10001b08                div_s64s64
                0x10001b08                divmod_s64s64
                0x10001b08                __wrap___aeabi_ldivmod
                0x10001b38                divmod_u64u64
                0x10001b38                div_u64u64
                0x10001b38                __wrap___aeabi_uldivmod
                0x10001b48                divmod_u64u64_savestate
                0x10001b68                divmod_s64s64_unsafe
                0x10001bf0                divmod_u64u64_unsafe
 .text.missing_double_func_shim
                0x10001f2c        0xc src/CMakeFiles/semaf_RTOS.dir/C_/Users/oinha/.pico-sdk/sdk/2.1.1/src/rp2_common/pico_double/double_init_rom_rp2040.c.obj
 .text.__aeabi_double_init
                0x10001f38       0xa0 src/CMakeFiles/semaf_RTOS.dir/C_/Users/oinha/.pico-sdk/sdk/2.1.1/src/rp2_common/pico_double/double_init_rom_rp2040.c.obj
                0x10001f38                __aeabi_double_init
 .text.double_table_shim_on_use_helper
                0x10001fd8       0x2c src/CMakeFiles/semaf_RTOS.dir/C_/Users/oinha/.pico-sdk/sdk/2.1.1/src/rp2_common/pico_double/double_v1_rom_shim_rp2040.S.obj
                0x10001fd8                double_table_shim_on_use_helper
 .text.__aeabi_lmul
                0x10002004       0x32 src/CMakeFiles/semaf_RTOS.dir/C_/Users/oinha/.pico-sdk/sdk/2.1.1/src/rp2_common/pico_int64_ops/pico_int64_ops_aeabi.S.obj
                0x10002004                __wrap___aeabi_lmul
 *fill*         0x10002036        0x2 
 .text.missing_float_func_shim
                0x10002038        0xc src/CMakeFiles/semaf_RTOS.dir/C_/Users/oinha/.pico-sdk/sdk/2.1.1/src/rp2_common/pico_float/float_init_rom_rp2040.c.obj
 .text.__aeabi_float_init
                0x10002044       0x5c src/CMakeFiles/semaf_RTOS.dir/C_/Users/oinha/.pico-sdk/sdk/2.1.1/src/rp2_common/pico_float/float_init_rom_rp2040.c.obj
                0x10002044                __aeabi_float_init
 .text          0x100020a0       0x10 src/CMakeFiles/semaf_RTOS.dir/C_/Users/oinha/.pico-sdk/sdk/2.1.1/src/rp2_common/pico_mem_ops/mem_ops_aeabi.S.obj
                0x100020a0                __aeabi_mem_init
 .text.memset   0x100020b0        0xc src/CMakeFiles/semaf_RTOS.dir/C_/Users/oinha/.pico-sdk/sdk/2.1.1/src/rp2_common/pico_mem_ops/mem_ops_aeabi.S.obj
                0x100020b0                __wrap_memset
 .text.memcpy   0x100020bc        0xc src/CMakeFiles/semaf_RTOS.dir/C_/Users/oinha/.pico-sdk/sdk/2.1.1/src/rp2_common/pico_mem_ops/mem_ops_aeabi.S.obj
                0x100020bc                __wrap_memcpy
                0x100020bc                __wrap___aeabi_memcpy
 .text._out_char
                0x100020c8       0x10 src/CMakeFiles/semaf_RTOS.dir/C_/Users/oinha/.pico-sdk/sdk/2.1.1/src/rp2_common/pico_printf/printf.c.obj
 .text.weak_raw_vprintf
                0x100020d8       0x30 src/CMakeFiles/semaf_RTOS.dir/C_/Users/oinha/.pico-sdk/sdk/2.1.1/src/rp2_common/pico_printf/printf.c.obj
                0x100020d8                weak_raw_vprintf
 .text._exit    0x10002108        0x4 src/CMakeFiles/semaf_RTOS.dir/C_/Users/oinha/.pico-sdk/sdk/2.1.1/src/rp2_common/pico_clib_interface/newlib_interface.c.obj
                0x10002108                _exit
 .text.exit     0x1000210c        0x8 src/CMakeFiles/semaf_RTOS.dir/C_/Users/oinha/.pico-sdk/sdk/2.1.1/src/rp2_common/pico_clib_interface/newlib_interface.c.obj
                0x1000210c                exit
 .text.runtime_init
                0x10002114       0x2c src/CMakeFiles/semaf_RTOS.dir/C_/Users/oinha/.pico-sdk/sdk/2.1.1/src/rp2_common/pico_clib_interface/newlib_interface.c.obj
                0x10002114                runtime_init
 .text.stdio_out_chars_no_crlf
                0x10002140       0x10 src/CMakeFiles/semaf_RTOS.dir/C_/Users/oinha/.pico-sdk/sdk/2.1.1/src/rp2_common/pico_stdio/stdio.c.obj
 .text.stdio_out_chars_crlf
                0x10002150       0xb0 src/CMakeFiles/semaf_RTOS.dir/C_/Users/oinha/.pico-sdk/sdk/2.1.1/src/rp2_common/pico_stdio/stdio.c.obj
 .text.stdio_put_string
                0x10002200       0xfc src/CMakeFiles/semaf_RTOS.dir/C_/Users/oinha/.pico-sdk/sdk/2.1.1/src/rp2_common/pico_stdio/stdio.c.obj
                0x10002200                stdio_put_string
 .text.stdio_set_driver_enabled
                0x100022fc       0x30 src/CMakeFiles/semaf_RTOS.dir/C_/Users/oinha/.pico-sdk/sdk/2.1.1/src/rp2_common/pico_stdio/stdio.c.obj
                0x100022fc                stdio_set_driver_enabled
 .text.stdio_init_all
                0x1000232c        0x8 src/CMakeFiles/semaf_RTOS.dir/C_/Users/oinha/.pico-sdk/sdk/2.1.1/src/rp2_common/pico_stdio/stdio.c.obj
                0x1000232c                stdio_init_all
 .text.__wrap_putchar
                0x10002334       0x94 src/CMakeFiles/semaf_RTOS.dir/C_/Users/oinha/.pico-sdk/sdk/2.1.1/src/rp2_common/pico_stdio/stdio.c.obj
                0x10002334                __wrap_putchar
                0x10002334                stdio_putchar
 .text.__wrap_puts
                0x100023c8       0x3c src/CMakeFiles/semaf_RTOS.dir/C_/Users/oinha/.pico-sdk/sdk/2.1.1/src/rp2_common/pico_stdio/stdio.c.obj
                0x100023c8                stdio_puts
                0x100023c8                __wrap_puts
 .text.resetd_init
                0x10002404        0x4 src/CMakeFiles/semaf_RTOS.dir/C_/Users/oinha/.pico-sdk/sdk/2.1.1/src/rp2_common/pico_stdio_usb/reset_interface.c.obj
 .text.resetd_reset
                0x10002408        0xc src/CMakeFiles/semaf_RTOS.dir/C_/Users/oinha/.pico-sdk/sdk/2.1.1/src/rp2_common/pico_stdio_usb/reset_interface.c.obj
 .text.resetd_open
                0x10002414       0x28 src/CMakeFiles/semaf_RTOS.dir/C_/Users/oinha/.pico-sdk/sdk/2.1.1/src/rp2_common/pico_stdio_usb/reset_interface.c.obj
 .text.resetd_xfer_cb
                0x1000243c        0x4 src/CMakeFiles/semaf_RTOS.dir/C_/Users/oinha/.pico-sdk/sdk/2.1.1/src/rp2_common/pico_stdio_usb/reset_interface.c.obj
 .text.resetd_control_xfer_cb
                0x10002440       0x54 src/CMakeFiles/semaf_RTOS.dir/C_/Users/oinha/.pico-sdk/sdk/2.1.1/src/rp2_common/pico_stdio_usb/reset_interface.c.obj
 .text.tud_descriptor_bos_cb
                0x10002494        0x8 src/CMakeFiles/semaf_RTOS.dir/C_/Users/oinha/.pico-sdk/sdk/2.1.1/src/rp2_common/pico_stdio_usb/reset_interface.c.obj
                0x10002494                tud_descriptor_bos_cb
 .text.tud_vendor_control_xfer_cb
                0x1000249c       0x34 src/CMakeFiles/semaf_RTOS.dir/C_/Users/oinha/.pico-sdk/sdk/2.1.1/src/rp2_common/pico_stdio_usb/reset_interface.c.obj
                0x1000249c                tud_vendor_control_xfer_cb
 .text.usbd_app_driver_get_cb
                0x100024d0        0xc src/CMakeFiles/semaf_RTOS.dir/C_/Users/oinha/.pico-sdk/sdk/2.1.1/src/rp2_common/pico_stdio_usb/reset_interface.c.obj
                0x100024d0                usbd_app_driver_get_cb
 .text.tud_cdc_line_coding_cb
                0x100024dc       0x2c src/CMakeFiles/semaf_RTOS.dir/C_/Users/oinha/.pico-sdk/sdk/2.1.1/src/rp2_common/pico_stdio_usb/reset_interface.c.obj
                0x100024dc                tud_cdc_line_coding_cb
 .text.stdio_usb_set_chars_available_callback
                0x10002508       0x14 src/CMakeFiles/semaf_RTOS.dir/C_/Users/oinha/.pico-sdk/sdk/2.1.1/src/rp2_common/pico_stdio_usb/stdio_usb.c.obj
                0x10002508                stdio_usb_set_chars_available_callback
 .text.usb_irq  0x1000251c       0x10 src/CMakeFiles/semaf_RTOS.dir/C_/Users/oinha/.pico-sdk/sdk/2.1.1/src/rp2_common/pico_stdio_usb/stdio_usb.c.obj
 .text.timer_task
                0x1000252c       0x64 src/CMakeFiles/semaf_RTOS.dir/C_/Users/oinha/.pico-sdk/sdk/2.1.1/src/rp2_common/pico_stdio_usb/stdio_usb.c.obj
 .text.stdio_usb_in_chars
                0x10002590       0x8c src/CMakeFiles/semaf_RTOS.dir/C_/Users/oinha/.pico-sdk/sdk/2.1.1/src/rp2_common/pico_stdio_usb/stdio_usb.c.obj
                0x10002590                stdio_usb_in_chars
 .text.stdio_usb_out_flush
                0x1000261c       0x4c src/CMakeFiles/semaf_RTOS.dir/C_/Users/oinha/.pico-sdk/sdk/2.1.1/src/rp2_common/pico_stdio_usb/stdio_usb.c.obj
 .text.stdio_usb_out_chars
                0x10002668      0x100 src/CMakeFiles/semaf_RTOS.dir/C_/Users/oinha/.pico-sdk/sdk/2.1.1/src/rp2_common/pico_stdio_usb/stdio_usb.c.obj
 .text.low_priority_worker_irq
                0x10002768       0xc8 src/CMakeFiles/semaf_RTOS.dir/C_/Users/oinha/.pico-sdk/sdk/2.1.1/src/rp2_common/pico_stdio_usb/stdio_usb.c.obj
 .text.stdio_usb_init
                0x10002830       0xe8 src/CMakeFiles/semaf_RTOS.dir/C_/Users/oinha/.pico-sdk/sdk/2.1.1/src/rp2_common/pico_stdio_usb/stdio_usb.c.obj
                0x10002830                stdio_usb_init
 .text.tud_descriptor_device_cb
                0x10002918        0x8 src/CMakeFiles/semaf_RTOS.dir/C_/Users/oinha/.pico-sdk/sdk/2.1.1/src/rp2_common/pico_stdio_usb/stdio_usb_descriptors.c.obj
                0x10002918                tud_descriptor_device_cb
 .text.tud_descriptor_configuration_cb
                0x10002920        0x8 src/CMakeFiles/semaf_RTOS.dir/C_/Users/oinha/.pico-sdk/sdk/2.1.1/src/rp2_common/pico_stdio_usb/stdio_usb_descriptors.c.obj
                0x10002920                tud_descriptor_configuration_cb
 .text.tud_descriptor_string_cb
                0x10002928       0x78 src/CMakeFiles/semaf_RTOS.dir/C_/Users/oinha/.pico-sdk/sdk/2.1.1/src/rp2_common/pico_stdio_usb/stdio_usb_descriptors.c.obj
                0x10002928                tud_descriptor_string_cb
 .text.startup._retrieve_unique_id_on_boot
                0x100029a0       0x10 src/CMakeFiles/semaf_RTOS.dir/C_/Users/oinha/.pico-sdk/sdk/2.1.1/src/rp2_common/pico_unique_id/unique_id.c.obj
 .text.pico_get_unique_board_id_string
                0x100029b0      0x1a8 src/CMakeFiles/semaf_RTOS.dir/C_/Users/oinha/.pico-sdk/sdk/2.1.1/src/rp2_common/pico_unique_id/unique_id.c.obj
                0x100029b0                pico_get_unique_board_id_string
 .text.flash_get_unique_id
                0x10002b58       0x3c src/CMakeFiles/semaf_RTOS.dir/C_/Users/oinha/.pico-sdk/sdk/2.1.1/src/rp2_common/hardware_flash/flash.c.obj
                0x10002b58                flash_get_unique_id
 .text.dcd_init
                0x10002b94       0x90 src/CMakeFiles/semaf_RTOS.dir/C_/Users/oinha/.pico-sdk/sdk/2.1.1/lib/tinyusb/src/portable/raspberrypi/rp2040/dcd_rp2040.c.obj
                0x10002b94                dcd_init
 .text.dcd_int_enable
                0x10002c24        0xc src/CMakeFiles/semaf_RTOS.dir/C_/Users/oinha/.pico-sdk/sdk/2.1.1/lib/tinyusb/src/portable/raspberrypi/rp2040/dcd_rp2040.c.obj
                0x10002c24                dcd_int_enable
 .text.dcd_set_address
                0x10002c30       0x14 src/CMakeFiles/semaf_RTOS.dir/C_/Users/oinha/.pico-sdk/sdk/2.1.1/lib/tinyusb/src/portable/raspberrypi/rp2040/dcd_rp2040.c.obj
                0x10002c30                dcd_set_address
 .text.dcd_sof_enable
                0x10002c44       0x1c src/CMakeFiles/semaf_RTOS.dir/C_/Users/oinha/.pico-sdk/sdk/2.1.1/lib/tinyusb/src/portable/raspberrypi/rp2040/dcd_rp2040.c.obj
                0x10002c44                dcd_sof_enable
 .text.dcd_edpt0_status_complete
                0x10002c60       0x1c src/CMakeFiles/semaf_RTOS.dir/C_/Users/oinha/.pico-sdk/sdk/2.1.1/lib/tinyusb/src/portable/raspberrypi/rp2040/dcd_rp2040.c.obj
                0x10002c60                dcd_edpt0_status_complete
 .text.dcd_edpt_open
                0x10002c7c      0x114 src/CMakeFiles/semaf_RTOS.dir/C_/Users/oinha/.pico-sdk/sdk/2.1.1/lib/tinyusb/src/portable/raspberrypi/rp2040/dcd_rp2040.c.obj
                0x10002c7c                dcd_edpt_open
 .text.dcd_edpt_close_all
                0x10002d90        0x8 src/CMakeFiles/semaf_RTOS.dir/C_/Users/oinha/.pico-sdk/sdk/2.1.1/lib/tinyusb/src/portable/raspberrypi/rp2040/dcd_rp2040.c.obj
                0x10002d90                dcd_edpt_close_all
 .text.dcd_edpt_xfer
                0x10002d98       0x24 src/CMakeFiles/semaf_RTOS.dir/C_/Users/oinha/.pico-sdk/sdk/2.1.1/lib/tinyusb/src/portable/raspberrypi/rp2040/dcd_rp2040.c.obj
                0x10002d98                dcd_edpt_xfer
 .text.dcd_edpt_stall
                0x10002dbc       0x3c src/CMakeFiles/semaf_RTOS.dir/C_/Users/oinha/.pico-sdk/sdk/2.1.1/lib/tinyusb/src/portable/raspberrypi/rp2040/dcd_rp2040.c.obj
                0x10002dbc                dcd_edpt_stall
 .text.dcd_edpt_clear_stall
                0x10002df8       0x30 src/CMakeFiles/semaf_RTOS.dir/C_/Users/oinha/.pico-sdk/sdk/2.1.1/lib/tinyusb/src/portable/raspberrypi/rp2040/dcd_rp2040.c.obj
                0x10002df8                dcd_edpt_clear_stall
 .text.rp2040_usb_init
                0x10002e28       0x40 src/CMakeFiles/semaf_RTOS.dir/C_/Users/oinha/.pico-sdk/sdk/2.1.1/lib/tinyusb/src/portable/raspberrypi/rp2040/rp2040_usb.c.obj
                0x10002e28                rp2040_usb_init
 .text.hw_endpoint_xfer_start
                0x10002e68       0x40 src/CMakeFiles/semaf_RTOS.dir/C_/Users/oinha/.pico-sdk/sdk/2.1.1/lib/tinyusb/src/portable/raspberrypi/rp2040/rp2040_usb.c.obj
                0x10002e68                hw_endpoint_xfer_start
 .text.tud_event_hook_cb
                0x10002ea8        0x4 src/CMakeFiles/semaf_RTOS.dir/C_/Users/oinha/.pico-sdk/sdk/2.1.1/lib/tinyusb/src/device/usbd.c.obj
                0x10002ea8                tud_event_hook_cb
 .text.tud_sof_cb
                0x10002eac        0x4 src/CMakeFiles/semaf_RTOS.dir/C_/Users/oinha/.pico-sdk/sdk/2.1.1/lib/tinyusb/src/device/usbd.c.obj
                0x10002eac                tud_sof_cb
 .text.tud_descriptor_device_qualifier_cb
                0x10002eb0        0x4 src/CMakeFiles/semaf_RTOS.dir/C_/Users/oinha/.pico-sdk/sdk/2.1.1/lib/tinyusb/src/device/usbd.c.obj
                0x10002eb0                tud_descriptor_device_qualifier_cb
 .text.tud_descriptor_other_speed_configuration_cb
                0x10002eb4        0x4 src/CMakeFiles/semaf_RTOS.dir/C_/Users/oinha/.pico-sdk/sdk/2.1.1/lib/tinyusb/src/device/usbd.c.obj
                0x10002eb4                tud_descriptor_other_speed_configuration_cb
 .text.tud_mount_cb
                0x10002eb8        0x4 src/CMakeFiles/semaf_RTOS.dir/C_/Users/oinha/.pico-sdk/sdk/2.1.1/lib/tinyusb/src/device/usbd.c.obj
                0x10002eb8                tud_mount_cb
 .text.tud_umount_cb
                0x10002ebc        0x4 src/CMakeFiles/semaf_RTOS.dir/C_/Users/oinha/.pico-sdk/sdk/2.1.1/lib/tinyusb/src/device/usbd.c.obj
                0x10002ebc                tud_umount_cb
 .text.tud_suspend_cb
                0x10002ec0        0x4 src/CMakeFiles/semaf_RTOS.dir/C_/Users/oinha/.pico-sdk/sdk/2.1.1/lib/tinyusb/src/device/usbd.c.obj
                0x10002ec0                tud_suspend_cb
 .text.tud_resume_cb
                0x10002ec4        0x4 src/CMakeFiles/semaf_RTOS.dir/C_/Users/oinha/.pico-sdk/sdk/2.1.1/lib/tinyusb/src/device/usbd.c.obj
                0x10002ec4                tud_resume_cb
 .text.tud_mounted
                0x10002ec8       0x10 src/CMakeFiles/semaf_RTOS.dir/C_/Users/oinha/.pico-sdk/sdk/2.1.1/lib/tinyusb/src/device/usbd.c.obj
                0x10002ec8                tud_mounted
 .text.tud_suspended
                0x10002ed8       0x10 src/CMakeFiles/semaf_RTOS.dir/C_/Users/oinha/.pico-sdk/sdk/2.1.1/lib/tinyusb/src/device/usbd.c.obj
                0x10002ed8                tud_suspended
 .text.tud_rhport_init
                0x10002ee8       0xf4 src/CMakeFiles/semaf_RTOS.dir/C_/Users/oinha/.pico-sdk/sdk/2.1.1/lib/tinyusb/src/device/usbd.c.obj
                0x10002ee8                tud_rhport_init
 .text.tud_task_ext
                0x10002fdc      0x800 src/CMakeFiles/semaf_RTOS.dir/C_/Users/oinha/.pico-sdk/sdk/2.1.1/lib/tinyusb/src/device/usbd.c.obj
                0x10002fdc                tud_task_ext
 .text.usbd_open_edpt_pair
                0x100037dc       0x9c src/CMakeFiles/semaf_RTOS.dir/C_/Users/oinha/.pico-sdk/sdk/2.1.1/lib/tinyusb/src/device/usbd.c.obj
                0x100037dc                usbd_open_edpt_pair
 .text.usbd_edpt_open
                0x10003878       0x34 src/CMakeFiles/semaf_RTOS.dir/C_/Users/oinha/.pico-sdk/sdk/2.1.1/lib/tinyusb/src/device/usbd.c.obj
                0x10003878                usbd_edpt_open
 .text.usbd_edpt_claim
                0x100038ac       0x28 src/CMakeFiles/semaf_RTOS.dir/C_/Users/oinha/.pico-sdk/sdk/2.1.1/lib/tinyusb/src/device/usbd.c.obj
                0x100038ac                usbd_edpt_claim
 .text.usbd_edpt_release
                0x100038d4       0x28 src/CMakeFiles/semaf_RTOS.dir/C_/Users/oinha/.pico-sdk/sdk/2.1.1/lib/tinyusb/src/device/usbd.c.obj
                0x100038d4                usbd_edpt_release
 .text.usbd_edpt_xfer
                0x100038fc       0x4c src/CMakeFiles/semaf_RTOS.dir/C_/Users/oinha/.pico-sdk/sdk/2.1.1/lib/tinyusb/src/device/usbd.c.obj
                0x100038fc                usbd_edpt_xfer
 .text.tud_control_status
                0x10003948       0x2c src/CMakeFiles/semaf_RTOS.dir/C_/Users/oinha/.pico-sdk/sdk/2.1.1/lib/tinyusb/src/device/usbd_control.c.obj
                0x10003948                tud_control_status
 .text.tud_control_xfer
                0x10003974       0xa8 src/CMakeFiles/semaf_RTOS.dir/C_/Users/oinha/.pico-sdk/sdk/2.1.1/lib/tinyusb/src/device/usbd_control.c.obj
                0x10003974                tud_control_xfer
 .text.usbd_control_reset
                0x10003a1c       0x14 src/CMakeFiles/semaf_RTOS.dir/C_/Users/oinha/.pico-sdk/sdk/2.1.1/lib/tinyusb/src/device/usbd_control.c.obj
                0x10003a1c                usbd_control_reset
 .text.usbd_control_set_complete_callback
                0x10003a30        0xc src/CMakeFiles/semaf_RTOS.dir/C_/Users/oinha/.pico-sdk/sdk/2.1.1/lib/tinyusb/src/device/usbd_control.c.obj
                0x10003a30                usbd_control_set_complete_callback
 .text.usbd_control_set_request
                0x10003a3c       0x1c src/CMakeFiles/semaf_RTOS.dir/C_/Users/oinha/.pico-sdk/sdk/2.1.1/lib/tinyusb/src/device/usbd_control.c.obj
                0x10003a3c                usbd_control_set_request
 .text.usbd_control_xfer_cb
                0x10003a58       0xec src/CMakeFiles/semaf_RTOS.dir/C_/Users/oinha/.pico-sdk/sdk/2.1.1/lib/tinyusb/src/device/usbd_control.c.obj
                0x10003a58                usbd_control_xfer_cb
 .text._prep_out_transaction.isra.0
                0x10003b44       0x6c src/CMakeFiles/semaf_RTOS.dir/C_/Users/oinha/.pico-sdk/sdk/2.1.1/lib/tinyusb/src/class/cdc/cdc_device.c.obj
 .text.tud_cdc_n_connected
                0x10003bb0       0x2c src/CMakeFiles/semaf_RTOS.dir/C_/Users/oinha/.pico-sdk/sdk/2.1.1/lib/tinyusb/src/class/cdc/cdc_device.c.obj
                0x10003bb0                tud_cdc_n_connected
 .text.tud_cdc_n_available
                0x10003bdc       0x14 src/CMakeFiles/semaf_RTOS.dir/C_/Users/oinha/.pico-sdk/sdk/2.1.1/lib/tinyusb/src/class/cdc/cdc_device.c.obj
                0x10003bdc                tud_cdc_n_available
 .text.tud_cdc_n_read
                0x10003bf0       0x88 src/CMakeFiles/semaf_RTOS.dir/C_/Users/oinha/.pico-sdk/sdk/2.1.1/lib/tinyusb/src/class/cdc/cdc_device.c.obj
                0x10003bf0                tud_cdc_n_read
 .text.tud_cdc_n_write_flush
                0x10003c78       0x74 src/CMakeFiles/semaf_RTOS.dir/C_/Users/oinha/.pico-sdk/sdk/2.1.1/lib/tinyusb/src/class/cdc/cdc_device.c.obj
                0x10003c78                tud_cdc_n_write_flush
 .text.tud_cdc_n_write
                0x10003cec       0x40 src/CMakeFiles/semaf_RTOS.dir/C_/Users/oinha/.pico-sdk/sdk/2.1.1/lib/tinyusb/src/class/cdc/cdc_device.c.obj
                0x10003cec                tud_cdc_n_write
 .text.tud_cdc_n_write_available
                0x10003d2c       0x14 src/CMakeFiles/semaf_RTOS.dir/C_/Users/oinha/.pico-sdk/sdk/2.1.1/lib/tinyusb/src/class/cdc/cdc_device.c.obj
                0x10003d2c                tud_cdc_n_write_available
 .text.cdcd_init
                0x10003d40       0x70 src/CMakeFiles/semaf_RTOS.dir/C_/Users/oinha/.pico-sdk/sdk/2.1.1/lib/tinyusb/src/class/cdc/cdc_device.c.obj
                0x10003d40                cdcd_init
 .text.cdcd_deinit
                0x10003db0       0x30 src/CMakeFiles/semaf_RTOS.dir/C_/Users/oinha/.pico-sdk/sdk/2.1.1/lib/tinyusb/src/class/cdc/cdc_device.c.obj
                0x10003db0                cdcd_deinit
 .text.cdcd_reset
                0x10003de0       0x4c src/CMakeFiles/semaf_RTOS.dir/C_/Users/oinha/.pico-sdk/sdk/2.1.1/lib/tinyusb/src/class/cdc/cdc_device.c.obj
                0x10003de0                cdcd_reset
 .text.cdcd_open
                0x10003e2c       0xa4 src/CMakeFiles/semaf_RTOS.dir/C_/Users/oinha/.pico-sdk/sdk/2.1.1/lib/tinyusb/src/class/cdc/cdc_device.c.obj
                0x10003e2c                cdcd_open
 .text.cdcd_control_xfer_cb
                0x10003ed0       0xe8 src/CMakeFiles/semaf_RTOS.dir/C_/Users/oinha/.pico-sdk/sdk/2.1.1/lib/tinyusb/src/class/cdc/cdc_device.c.obj
                0x10003ed0                cdcd_control_xfer_cb
 .text.cdcd_xfer_cb
                0x10003fb8      0x100 src/CMakeFiles/semaf_RTOS.dir/C_/Users/oinha/.pico-sdk/sdk/2.1.1/lib/tinyusb/src/class/cdc/cdc_device.c.obj
                0x10003fb8                cdcd_xfer_cb
 .text.vendord_init
                0x100040b8       0x5c src/CMakeFiles/semaf_RTOS.dir/C_/Users/oinha/.pico-sdk/sdk/2.1.1/lib/tinyusb/src/class/vendor/vendor_device.c.obj
                0x100040b8                vendord_init
 .text.vendord_deinit
                0x10004114       0x1c src/CMakeFiles/semaf_RTOS.dir/C_/Users/oinha/.pico-sdk/sdk/2.1.1/lib/tinyusb/src/class/vendor/vendor_device.c.obj
                0x10004114                vendord_deinit
 .text.vendord_reset
                0x10004130       0x28 src/CMakeFiles/semaf_RTOS.dir/C_/Users/oinha/.pico-sdk/sdk/2.1.1/lib/tinyusb/src/class/vendor/vendor_device.c.obj
                0x10004130                vendord_reset
 .text.vendord_open
                0x10004158      0x120 src/CMakeFiles/semaf_RTOS.dir/C_/Users/oinha/.pico-sdk/sdk/2.1.1/lib/tinyusb/src/class/vendor/vendor_device.c.obj
                0x10004158                vendord_open
 .text.vendord_xfer_cb
                0x10004278       0x9c src/CMakeFiles/semaf_RTOS.dir/C_/Users/oinha/.pico-sdk/sdk/2.1.1/lib/tinyusb/src/class/vendor/vendor_device.c.obj
                0x10004278                vendord_xfer_cb
 .text.tusb_rhport_init
                0x10004314       0x4c src/CMakeFiles/semaf_RTOS.dir/C_/Users/oinha/.pico-sdk/sdk/2.1.1/lib/tinyusb/src/tusb.c.obj
                0x10004314                tusb_rhport_init
 .text.tu_edpt_claim
                0x10004360       0x50 src/CMakeFiles/semaf_RTOS.dir/C_/Users/oinha/.pico-sdk/sdk/2.1.1/lib/tinyusb/src/tusb.c.obj
                0x10004360                tu_edpt_claim
 .text.tu_edpt_release
                0x100043b0       0x38 src/CMakeFiles/semaf_RTOS.dir/C_/Users/oinha/.pico-sdk/sdk/2.1.1/lib/tinyusb/src/tusb.c.obj
                0x100043b0                tu_edpt_release
 .text.tu_edpt_validate
                0x100043e8       0x7c src/CMakeFiles/semaf_RTOS.dir/C_/Users/oinha/.pico-sdk/sdk/2.1.1/lib/tinyusb/src/tusb.c.obj
                0x100043e8                tu_edpt_validate
 .text.tu_edpt_bind_driver
                0x10004464       0x34 src/CMakeFiles/semaf_RTOS.dir/C_/Users/oinha/.pico-sdk/sdk/2.1.1/lib/tinyusb/src/tusb.c.obj
                0x10004464                tu_edpt_bind_driver
 .text.tu_edpt_stream_init
                0x10004498       0x6c src/CMakeFiles/semaf_RTOS.dir/C_/Users/oinha/.pico-sdk/sdk/2.1.1/lib/tinyusb/src/tusb.c.obj
                0x10004498                tu_edpt_stream_init
 .text.tu_edpt_stream_deinit
                0x10004504        0x4 src/CMakeFiles/semaf_RTOS.dir/C_/Users/oinha/.pico-sdk/sdk/2.1.1/lib/tinyusb/src/tusb.c.obj
                0x10004504                tu_edpt_stream_deinit
 .text.tu_edpt_stream_write_zlp_if_needed
                0x10004508       0x68 src/CMakeFiles/semaf_RTOS.dir/C_/Users/oinha/.pico-sdk/sdk/2.1.1/lib/tinyusb/src/tusb.c.obj
                0x10004508                tu_edpt_stream_write_zlp_if_needed
 .text.tu_edpt_stream_write_xfer
                0x10004570       0x68 src/CMakeFiles/semaf_RTOS.dir/C_/Users/oinha/.pico-sdk/sdk/2.1.1/lib/tinyusb/src/tusb.c.obj
                0x10004570                tu_edpt_stream_write_xfer
 .text.tu_edpt_stream_read_xfer
                0x100045d8       0xd8 src/CMakeFiles/semaf_RTOS.dir/C_/Users/oinha/.pico-sdk/sdk/2.1.1/lib/tinyusb/src/tusb.c.obj
                0x100045d8                tu_edpt_stream_read_xfer
 .text.tu_fifo_config
                0x100046b0       0x6c src/CMakeFiles/semaf_RTOS.dir/C_/Users/oinha/.pico-sdk/sdk/2.1.1/lib/tinyusb/src/common/tusb_fifo.c.obj
                0x100046b0                tu_fifo_config
 .text.tu_fifo_count
                0x1000471c       0x2c src/CMakeFiles/semaf_RTOS.dir/C_/Users/oinha/.pico-sdk/sdk/2.1.1/lib/tinyusb/src/common/tusb_fifo.c.obj
                0x1000471c                tu_fifo_count
 .text.tu_fifo_empty
                0x10004748       0x10 src/CMakeFiles/semaf_RTOS.dir/C_/Users/oinha/.pico-sdk/sdk/2.1.1/lib/tinyusb/src/common/tusb_fifo.c.obj
                0x10004748                tu_fifo_empty
 .text.tu_fifo_remaining
                0x10004758       0x2c src/CMakeFiles/semaf_RTOS.dir/C_/Users/oinha/.pico-sdk/sdk/2.1.1/lib/tinyusb/src/common/tusb_fifo.c.obj
                0x10004758                tu_fifo_remaining
 .text.tu_fifo_read
                0x10004784       0x9c src/CMakeFiles/semaf_RTOS.dir/C_/Users/oinha/.pico-sdk/sdk/2.1.1/lib/tinyusb/src/common/tusb_fifo.c.obj
                0x10004784                tu_fifo_read
 .text.tu_fifo_read_n
                0x10004820       0xe8 src/CMakeFiles/semaf_RTOS.dir/C_/Users/oinha/.pico-sdk/sdk/2.1.1/lib/tinyusb/src/common/tusb_fifo.c.obj
                0x10004820                tu_fifo_read_n
 .text.tu_fifo_write
                0x10004908       0xa4 src/CMakeFiles/semaf_RTOS.dir/C_/Users/oinha/.pico-sdk/sdk/2.1.1/lib/tinyusb/src/common/tusb_fifo.c.obj
                0x10004908                tu_fifo_write
 .text.tu_fifo_write_n
                0x100049ac      0x178 src/CMakeFiles/semaf_RTOS.dir/C_/Users/oinha/.pico-sdk/sdk/2.1.1/lib/tinyusb/src/common/tusb_fifo.c.obj
                0x100049ac                tu_fifo_write_n
 .text.tu_fifo_clear
                0x10004b24       0x40 src/CMakeFiles/semaf_RTOS.dir/C_/Users/oinha/.pico-sdk/sdk/2.1.1/lib/tinyusb/src/common/tusb_fifo.c.obj
                0x10004b24                tu_fifo_clear
 .text.tu_fifo_set_overwritable
                0x10004b64       0x48 src/CMakeFiles/semaf_RTOS.dir/C_/Users/oinha/.pico-sdk/sdk/2.1.1/lib/tinyusb/src/common/tusb_fifo.c.obj
                0x10004b64                tu_fifo_set_overwritable
 *fill*         0x10004bac        0x4 
 .text.vPortStartFirstTask
                0x10004bb0       0x34 src/CMakeFiles/semaf_RTOS.dir/__/lib/FreeRTOS-Kernel/portable/ThirdParty/GCC/RP2040/port.c.obj
 *fill*         0x10004be4        0xc 
 .text.xPortPendSVHandler
                0x10004bf0       0x64 src/CMakeFiles/semaf_RTOS.dir/__/lib/FreeRTOS-Kernel/portable/ThirdParty/GCC/RP2040/port.c.obj
                0x10004bf0                xPortPendSVHandler
 .text.prvTaskExitError
                0x10004c54        0x8 src/CMakeFiles/semaf_RTOS.dir/__/lib/FreeRTOS-Kernel/portable/ThirdParty/GCC/RP2040/port.c.obj
 .text.prvFIFOInterruptHandler
                0x10004c5c       0x78 src/CMakeFiles/semaf_RTOS.dir/__/lib/FreeRTOS-Kernel/portable/ThirdParty/GCC/RP2040/port.c.obj
 .text.vPortSVCHandler
                0x10004cd4        0x4 src/CMakeFiles/semaf_RTOS.dir/__/lib/FreeRTOS-Kernel/portable/ThirdParty/GCC/RP2040/port.c.obj
                0x10004cd4                vPortSVCHandler
 .text.pxPortInitialiseStack
                0x10004cd8       0x20 src/CMakeFiles/semaf_RTOS.dir/__/lib/FreeRTOS-Kernel/portable/ThirdParty/GCC/RP2040/port.c.obj
                0x10004cd8                pxPortInitialiseStack
 .text.vPortYield
                0x10004cf8       0x18 src/CMakeFiles/semaf_RTOS.dir/__/lib/FreeRTOS-Kernel/portable/ThirdParty/GCC/RP2040/port.c.obj
                0x10004cf8                vPortYield
 .text.vPortEnterCritical
                0x10004d10       0x18 src/CMakeFiles/semaf_RTOS.dir/__/lib/FreeRTOS-Kernel/portable/ThirdParty/GCC/RP2040/port.c.obj
                0x10004d10                vPortEnterCritical
 .text.vPortExitCritical
                0x10004d28       0x14 src/CMakeFiles/semaf_RTOS.dir/__/lib/FreeRTOS-Kernel/portable/ThirdParty/GCC/RP2040/port.c.obj
                0x10004d28                vPortExitCritical
 .text.ulSetInterruptMaskFromISR
                0x10004d3c        0x8 src/CMakeFiles/semaf_RTOS.dir/__/lib/FreeRTOS-Kernel/portable/ThirdParty/GCC/RP2040/port.c.obj
                0x10004d3c                ulSetInterruptMaskFromISR
 .text.vClearInterruptMaskFromISR
                0x10004d44        0x8 src/CMakeFiles/semaf_RTOS.dir/__/lib/FreeRTOS-Kernel/portable/ThirdParty/GCC/RP2040/port.c.obj
                0x10004d44                vClearInterruptMaskFromISR
 .text.xPortSysTickHandler
                0x10004d4c       0x24 src/CMakeFiles/semaf_RTOS.dir/__/lib/FreeRTOS-Kernel/portable/ThirdParty/GCC/RP2040/port.c.obj
                0x10004d4c                xPortSysTickHandler
 .text.vPortSetupTimerInterrupt
                0x10004d70       0x34 src/CMakeFiles/semaf_RTOS.dir/__/lib/FreeRTOS-Kernel/portable/ThirdParty/GCC/RP2040/port.c.obj
                0x10004d70                vPortSetupTimerInterrupt
 .text.xPortStartScheduler
                0x10004da4       0x9c src/CMakeFiles/semaf_RTOS.dir/__/lib/FreeRTOS-Kernel/portable/ThirdParty/GCC/RP2040/port.c.obj
                0x10004da4                xPortStartScheduler
 .text.ulPortLockGetCurrentOwnerId
                0x10004e40       0x2c src/CMakeFiles/semaf_RTOS.dir/__/lib/FreeRTOS-Kernel/portable/ThirdParty/GCC/RP2040/port.c.obj
                0x10004e40                ulPortLockGetCurrentOwnerId
 .text.vPortLockInternalSpinUnlockWithWait
                0x10004e6c       0x68 src/CMakeFiles/semaf_RTOS.dir/__/lib/FreeRTOS-Kernel/portable/ThirdParty/GCC/RP2040/port.c.obj
                0x10004e6c                vPortLockInternalSpinUnlockWithWait
 .text.vPortLockInternalSpinUnlockWithNotify
                0x10004ed4       0xc8 src/CMakeFiles/semaf_RTOS.dir/__/lib/FreeRTOS-Kernel/portable/ThirdParty/GCC/RP2040/port.c.obj
                0x10004ed4                vPortLockInternalSpinUnlockWithNotify
 .text.xPortLockInternalSpinUnlockWithBestEffortWaitOrTimeout
                0x10004f9c       0xf4 src/CMakeFiles/semaf_RTOS.dir/__/lib/FreeRTOS-Kernel/portable/ThirdParty/GCC/RP2040/port.c.obj
                0x10004f9c                xPortLockInternalSpinUnlockWithBestEffortWaitOrTimeout
 .text.startup.prvRuntimeInitializer
                0x10005090       0x28 src/CMakeFiles/semaf_RTOS.dir/__/lib/FreeRTOS-Kernel/portable/ThirdParty/GCC/RP2040/port.c.obj
 .text.vEventGroupSetBitsCallback
                0x100050b8       0x90 src/CMakeFiles/semaf_RTOS.dir/__/lib/FreeRTOS-Kernel/event_groups.c.obj
                0x100050b8                vEventGroupSetBitsCallback
 .text.xEventGroupCreate
                0x10005148       0x18 src/CMakeFiles/semaf_RTOS.dir/__/lib/FreeRTOS-Kernel/event_groups.c.obj
                0x10005148                xEventGroupCreate
 .text.xEventGroupWaitBits
                0x10005160       0xb8 src/CMakeFiles/semaf_RTOS.dir/__/lib/FreeRTOS-Kernel/event_groups.c.obj
                0x10005160                xEventGroupWaitBits
 .text.xEventGroupSetBits
                0x10005218       0x9c src/CMakeFiles/semaf_RTOS.dir/__/lib/FreeRTOS-Kernel/event_groups.c.obj
                0x10005218                xEventGroupSetBits
 .text.xEventGroupSetBitsFromISR
                0x100052b4       0x18 src/CMakeFiles/semaf_RTOS.dir/__/lib/FreeRTOS-Kernel/event_groups.c.obj
                0x100052b4                xEventGroupSetBitsFromISR
 .text.vListInitialise
                0x100052cc       0x18 src/CMakeFiles/semaf_RTOS.dir/__/lib/FreeRTOS-Kernel/list.c.obj
                0x100052cc                vListInitialise
 .text.vListInitialiseItem
                0x100052e4        0x8 src/CMakeFiles/semaf_RTOS.dir/__/lib/FreeRTOS-Kernel/list.c.obj
                0x100052e4                vListInitialiseItem
 .text.vListInsert
                0x100052ec       0x30 src/CMakeFiles/semaf_RTOS.dir/__/lib/FreeRTOS-Kernel/list.c.obj
                0x100052ec                vListInsert
 .text.uxListRemove
                0x1000531c       0x20 src/CMakeFiles/semaf_RTOS.dir/__/lib/FreeRTOS-Kernel/list.c.obj
                0x1000531c                uxListRemove
 .text.prvUnlockQueue
                0x1000533c      0x17c src/CMakeFiles/semaf_RTOS.dir/__/lib/FreeRTOS-Kernel/queue.c.obj
 .text.prvNotifyQueueSetContainer
                0x100054b8       0x90 src/CMakeFiles/semaf_RTOS.dir/__/lib/FreeRTOS-Kernel/queue.c.obj
 .text.xQueueGenericCreate
                0x10005548       0xa4 src/CMakeFiles/semaf_RTOS.dir/__/lib/FreeRTOS-Kernel/queue.c.obj
                0x10005548                xQueueGenericCreate
 .text.xQueueGenericSend
                0x100055ec      0x1d4 src/CMakeFiles/semaf_RTOS.dir/__/lib/FreeRTOS-Kernel/queue.c.obj
                0x100055ec                xQueueGenericSend
 .text.xQueueGenericSendFromISR
                0x100057c0      0x150 src/CMakeFiles/semaf_RTOS.dir/__/lib/FreeRTOS-Kernel/queue.c.obj
                0x100057c0                xQueueGenericSendFromISR
 .text.xQueueReceive
                0x10005910      0x11c src/CMakeFiles/semaf_RTOS.dir/__/lib/FreeRTOS-Kernel/queue.c.obj
                0x10005910                xQueueReceive
 .text.xQueueSemaphoreTake
                0x10005a2c      0x144 src/CMakeFiles/semaf_RTOS.dir/__/lib/FreeRTOS-Kernel/queue.c.obj
                0x10005a2c                xQueueSemaphoreTake
 .text.vQueueAddToRegistry
                0x10005b70      0x118 src/CMakeFiles/semaf_RTOS.dir/__/lib/FreeRTOS-Kernel/queue.c.obj
                0x10005b70                vQueueAddToRegistry
 .text.vQueueWaitForMessageRestricted
                0x10005c88       0x48 src/CMakeFiles/semaf_RTOS.dir/__/lib/FreeRTOS-Kernel/queue.c.obj
                0x10005c88                vQueueWaitForMessageRestricted
 .text.prvAddNewTaskToReadyList
                0x10005cd0      0x124 src/CMakeFiles/semaf_RTOS.dir/__/lib/FreeRTOS-Kernel/tasks.c.obj
 .text.prvCreateTask
                0x10005df4      0x130 src/CMakeFiles/semaf_RTOS.dir/__/lib/FreeRTOS-Kernel/tasks.c.obj
 .text.prvIdleTask
                0x10005f24       0x60 src/CMakeFiles/semaf_RTOS.dir/__/lib/FreeRTOS-Kernel/tasks.c.obj
 .text.xTaskIncrementTick.part.0
                0x10005f84      0x194 src/CMakeFiles/semaf_RTOS.dir/__/lib/FreeRTOS-Kernel/tasks.c.obj
 .text.xTaskCreate
                0x10006118       0x24 src/CMakeFiles/semaf_RTOS.dir/__/lib/FreeRTOS-Kernel/tasks.c.obj
                0x10006118                xTaskCreate
 .text.vTaskStartScheduler
                0x1000613c       0x74 src/CMakeFiles/semaf_RTOS.dir/__/lib/FreeRTOS-Kernel/tasks.c.obj
                0x1000613c                vTaskStartScheduler
 .text.vTaskSuspendAll
                0x100061b0       0x10 src/CMakeFiles/semaf_RTOS.dir/__/lib/FreeRTOS-Kernel/tasks.c.obj
                0x100061b0                vTaskSuspendAll
 .text.xTaskResumeAll
                0x100061c0      0x188 src/CMakeFiles/semaf_RTOS.dir/__/lib/FreeRTOS-Kernel/tasks.c.obj
                0x100061c0                xTaskResumeAll
 .text.vTaskDelay
                0x10006348       0x84 src/CMakeFiles/semaf_RTOS.dir/__/lib/FreeRTOS-Kernel/tasks.c.obj
                0x10006348                vTaskDelay
 .text.xTaskGetTickCount
                0x100063cc        0xc src/CMakeFiles/semaf_RTOS.dir/__/lib/FreeRTOS-Kernel/tasks.c.obj
                0x100063cc                xTaskGetTickCount
 .text.uxTaskGetNumberOfTasks
                0x100063d8        0xc src/CMakeFiles/semaf_RTOS.dir/__/lib/FreeRTOS-Kernel/tasks.c.obj
                0x100063d8                uxTaskGetNumberOfTasks
 .text.xTaskIncrementTick
                0x100063e4       0x24 src/CMakeFiles/semaf_RTOS.dir/__/lib/FreeRTOS-Kernel/tasks.c.obj
                0x100063e4                xTaskIncrementTick
 .text.vTaskSwitchContext
                0x10006408       0x7c src/CMakeFiles/semaf_RTOS.dir/__/lib/FreeRTOS-Kernel/tasks.c.obj
                0x10006408                vTaskSwitchContext
 .text.vTaskPlaceOnEventList
                0x10006484       0xa0 src/CMakeFiles/semaf_RTOS.dir/__/lib/FreeRTOS-Kernel/tasks.c.obj
                0x10006484                vTaskPlaceOnEventList
 .text.vTaskPlaceOnUnorderedEventList
                0x10006524       0xc4 src/CMakeFiles/semaf_RTOS.dir/__/lib/FreeRTOS-Kernel/tasks.c.obj
                0x10006524                vTaskPlaceOnUnorderedEventList
 .text.vTaskPlaceOnEventListRestricted
                0x100065e8       0xf4 src/CMakeFiles/semaf_RTOS.dir/__/lib/FreeRTOS-Kernel/tasks.c.obj
                0x100065e8                vTaskPlaceOnEventListRestricted
 .text.xTaskRemoveFromEventList
                0x100066dc       0xcc src/CMakeFiles/semaf_RTOS.dir/__/lib/FreeRTOS-Kernel/tasks.c.obj
                0x100066dc                xTaskRemoveFromEventList
 .text.vTaskRemoveFromUnorderedEventList
                0x100067a8       0x94 src/CMakeFiles/semaf_RTOS.dir/__/lib/FreeRTOS-Kernel/tasks.c.obj
                0x100067a8                vTaskRemoveFromUnorderedEventList
 .text.vTaskInternalSetTimeOutState
                0x1000683c       0x18 src/CMakeFiles/semaf_RTOS.dir/__/lib/FreeRTOS-Kernel/tasks.c.obj
                0x1000683c                vTaskInternalSetTimeOutState
 .text.xTaskCheckForTimeOut
                0x10006854       0x74 src/CMakeFiles/semaf_RTOS.dir/__/lib/FreeRTOS-Kernel/tasks.c.obj
                0x10006854                xTaskCheckForTimeOut
 .text.vTaskMissedYield
                0x100068c8        0xc src/CMakeFiles/semaf_RTOS.dir/__/lib/FreeRTOS-Kernel/tasks.c.obj
                0x100068c8                vTaskMissedYield
 .text.xTaskGetCurrentTaskHandle
                0x100068d4        0xc src/CMakeFiles/semaf_RTOS.dir/__/lib/FreeRTOS-Kernel/tasks.c.obj
                0x100068d4                xTaskGetCurrentTaskHandle
 .text.xTaskPriorityInherit
                0x100068e0       0x94 src/CMakeFiles/semaf_RTOS.dir/__/lib/FreeRTOS-Kernel/tasks.c.obj
                0x100068e0                xTaskPriorityInherit
 .text.xTaskPriorityDisinherit
                0x10006974       0x64 src/CMakeFiles/semaf_RTOS.dir/__/lib/FreeRTOS-Kernel/tasks.c.obj
                0x10006974                xTaskPriorityDisinherit
 .text.vTaskPriorityDisinheritAfterTimeout
                0x100069d8       0x7c src/CMakeFiles/semaf_RTOS.dir/__/lib/FreeRTOS-Kernel/tasks.c.obj
                0x100069d8                vTaskPriorityDisinheritAfterTimeout
 .text.uxTaskResetEventItemValue
                0x10006a54       0x18 src/CMakeFiles/semaf_RTOS.dir/__/lib/FreeRTOS-Kernel/tasks.c.obj
                0x10006a54                uxTaskResetEventItemValue
 .text.pvTaskIncrementMutexHeldCount
                0x10006a6c       0x14 src/CMakeFiles/semaf_RTOS.dir/__/lib/FreeRTOS-Kernel/tasks.c.obj
                0x10006a6c                pvTaskIncrementMutexHeldCount
 .text.prvTimerTask
                0x10006a80      0x39c src/CMakeFiles/semaf_RTOS.dir/__/lib/FreeRTOS-Kernel/timers.c.obj
 .text.xTimerCreateTimerTask
                0x10006e1c       0x8c src/CMakeFiles/semaf_RTOS.dir/__/lib/FreeRTOS-Kernel/timers.c.obj
                0x10006e1c                xTimerCreateTimerTask
 .text.xTimerPendFunctionCallFromISR
                0x10006ea8       0x2c src/CMakeFiles/semaf_RTOS.dir/__/lib/FreeRTOS-Kernel/timers.c.obj
                0x10006ea8                xTimerPendFunctionCallFromISR
 .text.exception_set_exclusive_handler
                0x10006ed4       0x48 src/CMakeFiles/semaf_RTOS.dir/C_/Users/oinha/.pico-sdk/sdk/2.1.1/src/rp2_common/hardware_exception/exception.c.obj
                0x10006ed4                exception_set_exclusive_handler
 .text.strlen   0x10006f1c       0x5c C:/Users/oinha/.pico-sdk/toolchain/14_2_Rel1/bin/../lib/gcc/arm-none-eabi/14.2.1/thumb/v6-m/nofp\libg.a(libc_a-strlen-stub.o)
                0x10006f1c                strlen
 *(.fini)
 .fini          0x10006f78        0x4 C:/Users/oinha/.pico-sdk/toolchain/14_2_Rel1/bin/../lib/gcc/arm-none-eabi/14.2.1/thumb/v6-m/nofp/crti.o
                0x10006f78                _fini
 *fill*         0x10006f7c        0x4 
 .fini.__stub   0x10006f80       0xc0 linker stubs
 *crtbegin.o(.ctors)
 *crtbegin?.o(.ctors)
 *(EXCLUDE_FILE(*crtend.o *crtend?.o) .ctors)
 *(SORT_BY_NAME(.ctors.*))
 *(.ctors)
 *crtbegin.o(.dtors)
 *crtbegin?.o(.dtors)
 *(EXCLUDE_FILE(*crtend.o *crtend?.o) .dtors)
 *(SORT_BY_NAME(.dtors.*))
 *(.dtors)
                0x10007040                        . = ALIGN (0x4)
                0x10007040                        PROVIDE (__preinit_array_start = .)
 *(SORT_BY_NAME(.preinit_array.*))
 .preinit_array.00100
                0x10007040        0x4 src/CMakeFiles/semaf_RTOS.dir/C_/Users/oinha/.pico-sdk/sdk/2.1.1/src/rp2_common/pico_runtime_init/runtime_init.c.obj
                0x10007040                __pre_init_runtime_init_early_resets
 .preinit_array.00101
                0x10007044        0x4 src/CMakeFiles/semaf_RTOS.dir/C_/Users/oinha/.pico-sdk/sdk/2.1.1/src/rp2_common/pico_runtime_init/runtime_init.c.obj
                0x10007044                __pre_init_runtime_init_usb_power_down
 .preinit_array.00275
                0x10007048        0x4 src/CMakeFiles/semaf_RTOS.dir/C_/Users/oinha/.pico-sdk/sdk/2.1.1/src/rp2_common/pico_bit_ops/bit_ops_aeabi.S.obj
 .preinit_array.00300
                0x1000704c        0x4 src/CMakeFiles/semaf_RTOS.dir/C_/Users/oinha/.pico-sdk/sdk/2.1.1/src/rp2_common/pico_mem_ops/mem_ops_aeabi.S.obj
 .preinit_array.00350
                0x10007050        0x4 src/CMakeFiles/semaf_RTOS.dir/C_/Users/oinha/.pico-sdk/sdk/2.1.1/src/rp2_common/pico_double/double_aeabi_rp2040.S.obj
 .preinit_array.00350
                0x10007054        0x4 src/CMakeFiles/semaf_RTOS.dir/C_/Users/oinha/.pico-sdk/sdk/2.1.1/src/rp2_common/pico_float/float_aeabi_rp2040.S.obj
 .preinit_array.00500
                0x10007058        0x4 src/CMakeFiles/semaf_RTOS.dir/C_/Users/oinha/.pico-sdk/sdk/2.1.1/src/rp2_common/pico_runtime_init/runtime_init.c.obj
                0x10007058                __pre_init_runtime_init_clocks
 .preinit_array.00600
                0x1000705c        0x4 src/CMakeFiles/semaf_RTOS.dir/C_/Users/oinha/.pico-sdk/sdk/2.1.1/src/rp2_common/pico_runtime_init/runtime_init.c.obj
                0x1000705c                __pre_init_runtime_init_post_clock_resets
 .preinit_array.00700
                0x10007060        0x4 src/CMakeFiles/semaf_RTOS.dir/C_/Users/oinha/.pico-sdk/sdk/2.1.1/src/rp2_common/pico_runtime_init/runtime_init.c.obj
                0x10007060                __pre_init_runtime_init_rp2040_gpio_ie_disable
 .preinit_array.01000
                0x10007064        0x4 src/CMakeFiles/semaf_RTOS.dir/C_/Users/oinha/.pico-sdk/sdk/2.1.1/src/rp2_common/pico_runtime_init/runtime_init.c.obj
                0x10007064                __pre_init_runtime_init_spin_locks_reset
 .preinit_array.01100
                0x10007068        0x4 src/CMakeFiles/semaf_RTOS.dir/C_/Users/oinha/.pico-sdk/sdk/2.1.1/src/common/pico_sync/mutex.c.obj
                0x10007068                __pre_init_runtime_init_mutex
 .preinit_array.10080
                0x1000706c        0x4 src/CMakeFiles/semaf_RTOS.dir/C_/Users/oinha/.pico-sdk/sdk/2.1.1/src/rp2_common/pico_runtime_init/runtime_init.c.obj
                0x1000706c                __pre_init_runtime_init_install_ram_vector_table
 .preinit_array.11000
                0x10007070        0x4 src/CMakeFiles/semaf_RTOS.dir/C_/Users/oinha/.pico-sdk/sdk/2.1.1/src/common/pico_time/time.c.obj
                0x10007070                __pre_init_runtime_init_default_alarm_pool
 .preinit_array.YYYYY
                0x10007074        0x4 src/CMakeFiles/semaf_RTOS.dir/C_/Users/oinha/.pico-sdk/sdk/2.1.1/src/rp2_common/pico_runtime/runtime.c.obj
                0x10007074                __pre_init_first_per_core_initializer
 .preinit_array.ZZZZZ.01200
                0x10007078        0x4 src/CMakeFiles/semaf_RTOS.dir/C_/Users/oinha/.pico-sdk/sdk/2.1.1/src/rp2_common/hardware_irq/irq.c.obj
                0x10007078                __pre_init_runtime_init_per_core_irq_priorities
 *(.preinit_array)
                0x1000707c                        PROVIDE (__preinit_array_end = .)
                0x1000707c                        . = ALIGN (0x4)
                0x1000707c                        PROVIDE (__init_array_start = .)
 *(SORT_BY_NAME(.init_array.*))
 *(.init_array)
 .init_array    0x1000707c        0x4 C:/Users/oinha/.pico-sdk/toolchain/14_2_Rel1/bin/../lib/gcc/arm-none-eabi/14.2.1/thumb/v6-m/nofp/crtbegin.o
 .init_array    0x10007080        0x4 src/CMakeFiles/semaf_RTOS.dir/C_/Users/oinha/.pico-sdk/sdk/2.1.1/src/rp2_common/pico_unique_id/unique_id.c.obj
 .init_array    0x10007084        0x4 src/CMakeFiles/semaf_RTOS.dir/__/lib/FreeRTOS-Kernel/portable/ThirdParty/GCC/RP2040/port.c.obj
                0x10007088                        PROVIDE (__init_array_end = .)
                0x10007088                        . = ALIGN (0x4)
                [!provide]                        PROVIDE (__fini_array_start = .)
 *(SORT_BY_NAME(.fini_array.*))
 *(.fini_array)
                [!provide]                        PROVIDE (__fini_array_end = .)
 *(.eh_frame*)
 .eh_frame      0x10007088        0x0 C:/Users/oinha/.pico-sdk/toolchain/14_2_Rel1/bin/../lib/gcc/arm-none-eabi/14.2.1/thumb/v6-m/nofp/crtbegin.o
                0x10007088                        . = ALIGN (0x4)

.glue_7         0x10007088        0x0
 .glue_7        0x10007088        0x0 linker stubs

.glue_7t        0x10007088        0x0
 .glue_7t       0x10007088        0x0 linker stubs

.vfp11_veneer   0x10007088        0x0
 .vfp11_veneer  0x10007088        0x0 linker stubs

.v4_bx          0x10007088        0x0
 .v4_bx         0x10007088        0x0 linker stubs

.iplt           0x10007088        0x0
 .iplt          0x10007088        0x0 C:/Users/oinha/.pico-sdk/toolchain/14_2_Rel1/bin/../lib/gcc/arm-none-eabi/14.2.1/thumb/v6-m/nofp/crtbegin.o

.rodata         0x10007088      0x4ec
 *(EXCLUDE_FILE(*libm.a: *libc.a:*lib_a-mem*.o *libgcc.a:) .rodata*)
 .rodata.tarefa_vermelha.str1.4
                0x10007088      0x208 src/CMakeFiles/semaf_RTOS.dir/semaf_RTOS.c.obj
                                  0xf (size before relaxing)
 .rodata.tarefa_verde.str1.4
                0x10007290        0xc src/CMakeFiles/semaf_RTOS.dir/semaf_RTOS.c.obj
 .rodata.tarefa_amarela.str1.4
                0x10007290        0xe src/CMakeFiles/semaf_RTOS.dir/semaf_RTOS.c.obj
 .rodata.main.str1.4
                0x10007290       0x4c src/CMakeFiles/semaf_RTOS.dir/semaf_RTOS.c.obj
 .rodata.panic.str1.4
                0x10007290       0x12 src/CMakeFiles/semaf_RTOS.dir/C_/Users/oinha/.pico-sdk/sdk/2.1.1/src/rp2_common/pico_platform_panic/panic.c.obj
 .rodata.panic_unsupported.str1.4
                0x10007290        0xe src/CMakeFiles/semaf_RTOS.dir/C_/Users/oinha/.pico-sdk/sdk/2.1.1/src/rp2_common/pico_platform_panic/panic.c.obj
 .rodata.spin_lock_claim_unused.str1.4
                0x10007290       0x1b src/CMakeFiles/semaf_RTOS.dir/C_/Users/oinha/.pico-sdk/sdk/2.1.1/src/rp2_common/hardware_sync/sync.c.obj
 .rodata.user_irq_claim_unused.str1.4
                0x10007290       0x1b src/CMakeFiles/semaf_RTOS.dir/C_/Users/oinha/.pico-sdk/sdk/2.1.1/src/rp2_common/hardware_irq/irq.c.obj
 .rodata.timer_hardware_alarm_claim.str1.4
                0x10007290       0x22 src/CMakeFiles/semaf_RTOS.dir/C_/Users/oinha/.pico-sdk/sdk/2.1.1/src/rp2_common/hardware_timer/timer.c.obj
 .rodata.hard_assertion_failure.str1.4
                0x10007290        0xc src/CMakeFiles/semaf_RTOS.dir/C_/Users/oinha/.pico-sdk/sdk/2.1.1/src/rp2_common/pico_runtime/runtime.c.obj
 .rodata.missing_double_func_shim.str1.4
                0x10007290       0x18 src/CMakeFiles/semaf_RTOS.dir/C_/Users/oinha/.pico-sdk/sdk/2.1.1/src/rp2_common/pico_double/double_init_rom_rp2040.c.obj
 .rodata.missing_float_func_shim.str1.4
                0x10007290        0x1 src/CMakeFiles/semaf_RTOS.dir/C_/Users/oinha/.pico-sdk/sdk/2.1.1/src/rp2_common/pico_float/float_init_rom_rp2040.c.obj
 .rodata.str1.4
                0x10007290       0x40 src/CMakeFiles/semaf_RTOS.dir/C_/Users/oinha/.pico-sdk/sdk/2.1.1/src/rp2_common/pico_standard_binary_info/standard_binary_info.c.obj
 .rodata.__bi_84
                0x10007290        0xc src/CMakeFiles/semaf_RTOS.dir/C_/Users/oinha/.pico-sdk/sdk/2.1.1/src/rp2_common/pico_standard_binary_info/standard_binary_info.c.obj
 .rodata.__bi_78
                0x1000729c        0xc src/CMakeFiles/semaf_RTOS.dir/C_/Users/oinha/.pico-sdk/sdk/2.1.1/src/rp2_common/pico_standard_binary_info/standard_binary_info.c.obj
 .rodata.__bi_54
                0x100072a8        0xc src/CMakeFiles/semaf_RTOS.dir/C_/Users/oinha/.pico-sdk/sdk/2.1.1/src/rp2_common/pico_standard_binary_info/standard_binary_info.c.obj
 .rodata.__bi_48
                0x100072b4        0xc src/CMakeFiles/semaf_RTOS.dir/C_/Users/oinha/.pico-sdk/sdk/2.1.1/src/rp2_common/pico_standard_binary_info/standard_binary_info.c.obj
 .rodata.__bi_42
                0x100072c0        0xc src/CMakeFiles/semaf_RTOS.dir/C_/Users/oinha/.pico-sdk/sdk/2.1.1/src/rp2_common/pico_standard_binary_info/standard_binary_info.c.obj
 .rodata.__bi_34
                0x100072cc        0xc src/CMakeFiles/semaf_RTOS.dir/C_/Users/oinha/.pico-sdk/sdk/2.1.1/src/rp2_common/pico_standard_binary_info/standard_binary_info.c.obj
 .rodata.__bi_26
                0x100072d8        0xc src/CMakeFiles/semaf_RTOS.dir/C_/Users/oinha/.pico-sdk/sdk/2.1.1/src/rp2_common/pico_standard_binary_info/standard_binary_info.c.obj
 .rodata.crlf_str.0
                0x100072e4        0x2 src/CMakeFiles/semaf_RTOS.dir/C_/Users/oinha/.pico-sdk/sdk/2.1.1/src/rp2_common/pico_stdio/stdio.c.obj
 *fill*         0x100072e6        0x2 
 .rodata._resetd_driver
                0x100072e8       0x20 src/CMakeFiles/semaf_RTOS.dir/C_/Users/oinha/.pico-sdk/sdk/2.1.1/src/rp2_common/pico_stdio_usb/reset_interface.c.obj
 .rodata.desc_ms_os_20
                0x10007308       0xa6 src/CMakeFiles/semaf_RTOS.dir/C_/Users/oinha/.pico-sdk/sdk/2.1.1/src/rp2_common/pico_stdio_usb/reset_interface.c.obj
 *fill*         0x100073ae        0x2 
 .rodata.desc_bos
                0x100073b0       0x21 src/CMakeFiles/semaf_RTOS.dir/C_/Users/oinha/.pico-sdk/sdk/2.1.1/src/rp2_common/pico_stdio_usb/reset_interface.c.obj
                0x100073b0                desc_bos
 .rodata.str1.4
                0x100073d1       0x13 src/CMakeFiles/semaf_RTOS.dir/C_/Users/oinha/.pico-sdk/sdk/2.1.1/src/rp2_common/pico_stdio_usb/stdio_usb.c.obj
 *fill*         0x100073d1        0x3 
 .rodata.__bi_197.0
                0x100073d4        0xc src/CMakeFiles/semaf_RTOS.dir/C_/Users/oinha/.pico-sdk/sdk/2.1.1/src/rp2_common/pico_stdio_usb/stdio_usb.c.obj
 .rodata.str1.4
                0x100073e0       0x2a src/CMakeFiles/semaf_RTOS.dir/C_/Users/oinha/.pico-sdk/sdk/2.1.1/src/rp2_common/pico_stdio_usb/stdio_usb_descriptors.c.obj
 .rodata.usbd_desc_str
                0x100073e0       0x18 src/CMakeFiles/semaf_RTOS.dir/C_/Users/oinha/.pico-sdk/sdk/2.1.1/src/rp2_common/pico_stdio_usb/stdio_usb_descriptors.c.obj
 .rodata.usbd_desc_cfg
                0x100073f8       0x54 src/CMakeFiles/semaf_RTOS.dir/C_/Users/oinha/.pico-sdk/sdk/2.1.1/src/rp2_common/pico_stdio_usb/stdio_usb_descriptors.c.obj
 .rodata.usbd_desc_device
                0x1000744c       0x12 src/CMakeFiles/semaf_RTOS.dir/C_/Users/oinha/.pico-sdk/sdk/2.1.1/src/rp2_common/pico_stdio_usb/stdio_usb_descriptors.c.obj
 .rodata.str1.4
                0x1000745e       0x14 src/CMakeFiles/semaf_RTOS.dir/C_/Users/oinha/.pico-sdk/sdk/2.1.1/lib/tinyusb/src/portable/raspberrypi/rp2040/dcd_rp2040.c.obj
 .rodata.str1.4
                0x1000745e       0x48 src/CMakeFiles/semaf_RTOS.dir/C_/Users/oinha/.pico-sdk/sdk/2.1.1/lib/tinyusb/src/portable/raspberrypi/rp2040/rp2040_usb.c.obj
 *fill*         0x1000745e        0x2 
 .rodata.tud_task_ext
                0x10007460       0x8c src/CMakeFiles/semaf_RTOS.dir/C_/Users/oinha/.pico-sdk/sdk/2.1.1/lib/tinyusb/src/device/usbd.c.obj
 .rodata        0x100074ec       0x1c src/CMakeFiles/semaf_RTOS.dir/C_/Users/oinha/.pico-sdk/sdk/2.1.1/lib/tinyusb/src/device/usbd.c.obj
 .rodata._usbd_driver
                0x10007508       0x40 src/CMakeFiles/semaf_RTOS.dir/C_/Users/oinha/.pico-sdk/sdk/2.1.1/lib/tinyusb/src/device/usbd.c.obj
 .rodata.uxTopUsedPriority
                0x10007548        0x4 src/CMakeFiles/semaf_RTOS.dir/__/lib/FreeRTOS-Kernel/tasks.c.obj
 .rodata.prvTimerTask
                0x1000754c       0x28 src/CMakeFiles/semaf_RTOS.dir/__/lib/FreeRTOS-Kernel/timers.c.obj
 .rodata.xTimerCreateTimerTask.str1.4
                0x10007574       0x10 src/CMakeFiles/semaf_RTOS.dir/__/lib/FreeRTOS-Kernel/timers.c.obj
                0x10007584                        . = ALIGN (0x4)
 *(SORT_BY_ALIGNMENT(SORT_BY_NAME(.flashdata*)))
                0x10007584                        . = ALIGN (0x4)

.ARM.extab
 *(.ARM.extab* .gnu.linkonce.armextab.*)
                0x10007574                        __exidx_start = .

.ARM.exidx
 *(.ARM.exidx* .gnu.linkonce.armexidx.*)
                0x10007574                        __exidx_end = .
                0x10007584                        . = ALIGN (0x4)
                0x10007574                        __binary_info_start = .

.binary_info    0x10007574       0x20
 *(.binary_info.keep.*)
 .binary_info.keep.__bi_ptr84
                0x10007574        0x4 src/CMakeFiles/semaf_RTOS.dir/C_/Users/oinha/.pico-sdk/sdk/2.1.1/src/rp2_common/pico_standard_binary_info/standard_binary_info.c.obj
 .binary_info.keep.__bi_ptr78
                0x10007578        0x4 src/CMakeFiles/semaf_RTOS.dir/C_/Users/oinha/.pico-sdk/sdk/2.1.1/src/rp2_common/pico_standard_binary_info/standard_binary_info.c.obj
 .binary_info.keep.__bi_ptr54
                0x1000757c        0x4 src/CMakeFiles/semaf_RTOS.dir/C_/Users/oinha/.pico-sdk/sdk/2.1.1/src/rp2_common/pico_standard_binary_info/standard_binary_info.c.obj
 .binary_info.keep.__bi_ptr48
                0x10007580        0x4 src/CMakeFiles/semaf_RTOS.dir/C_/Users/oinha/.pico-sdk/sdk/2.1.1/src/rp2_common/pico_standard_binary_info/standard_binary_info.c.obj
 .binary_info.keep.__bi_ptr42
                0x10007584        0x4 src/CMakeFiles/semaf_RTOS.dir/C_/Users/oinha/.pico-sdk/sdk/2.1.1/src/rp2_common/pico_standard_binary_info/standard_binary_info.c.obj
 .binary_info.keep.__bi_ptr34
                0x10007588        0x4 src/CMakeFiles/semaf_RTOS.dir/C_/Users/oinha/.pico-sdk/sdk/2.1.1/src/rp2_common/pico_standard_binary_info/standard_binary_info.c.obj
 .binary_info.keep.__bi_ptr26
                0x1000758c        0x4 src/CMakeFiles/semaf_RTOS.dir/C_/Users/oinha/.pico-sdk/sdk/2.1.1/src/rp2_common/pico_standard_binary_info/standard_binary_info.c.obj
 *(.binary_info.*)
 .binary_info.__bi_ptr197
                0x10007590        0x4 src/CMakeFiles/semaf_RTOS.dir/C_/Users/oinha/.pico-sdk/sdk/2.1.1/src/rp2_common/pico_stdio_usb/stdio_usb.c.obj
                0x10007594                        __binary_info_end = .

.rel.dyn        0x10007594        0x0
 .rel.iplt      0x10007594        0x0 C:/Users/oinha/.pico-sdk/toolchain/14_2_Rel1/bin/../lib/gcc/arm-none-eabi/14.2.1/thumb/v6-m/nofp/crtbegin.o
                0x10007594                        . = ALIGN (0x4)

.ram_vector_table
                0x20000000       0xc0
 *(.ram_vector_table)
 .ram_vector_table
                0x20000000       0xc0 src/CMakeFiles/semaf_RTOS.dir/C_/Users/oinha/.pico-sdk/sdk/2.1.1/src/rp2_common/pico_runtime_init/runtime_init.c.obj
                0x20000000                ram_vector_table

.uninitialized_data
                0x200000c0        0x0
                0x200000c0                        . = ALIGN (0x4)
 *(.uninitialized_data*)

.data           0x200000c0      0xfb8 load address 0x10007594
                0x200000c0                        __data_start__ = .
 *(vtable)
 *(.time_critical*)
 .time_critical.mutex_try_enter
                0x200000c0       0x40 src/CMakeFiles/semaf_RTOS.dir/C_/Users/oinha/.pico-sdk/sdk/2.1.1/src/common/pico_sync/mutex.c.obj
                0x200000c0                mutex_try_enter
 .time_critical.mutex_try_enter_block_until
                0x20000100       0xa0 src/CMakeFiles/semaf_RTOS.dir/C_/Users/oinha/.pico-sdk/sdk/2.1.1/src/common/pico_sync/mutex.c.obj
                0x20000100                mutex_try_enter_block_until
 .time_critical.mutex_enter_timeout_ms
                0x200001a0       0x74 src/CMakeFiles/semaf_RTOS.dir/C_/Users/oinha/.pico-sdk/sdk/2.1.1/src/common/pico_sync/mutex.c.obj
                0x200001a0                mutex_enter_timeout_ms
 .time_critical.mutex_exit
                0x20000214       0x20 src/CMakeFiles/semaf_RTOS.dir/C_/Users/oinha/.pico-sdk/sdk/2.1.1/src/common/pico_sync/mutex.c.obj
                0x20000214                mutex_exit
 .time_critical.flash_init_boot2_copyout
                0x20000234       0x30 src/CMakeFiles/semaf_RTOS.dir/C_/Users/oinha/.pico-sdk/sdk/2.1.1/src/rp2_common/hardware_flash/flash.c.obj
 .time_critical.flash_enable_xip_via_boot2
                0x20000264        0xc src/CMakeFiles/semaf_RTOS.dir/C_/Users/oinha/.pico-sdk/sdk/2.1.1/src/rp2_common/hardware_flash/flash.c.obj
 .time_critical.flash_cs_force
                0x20000270       0x38 src/CMakeFiles/semaf_RTOS.dir/C_/Users/oinha/.pico-sdk/sdk/2.1.1/src/rp2_common/hardware_flash/flash.c.obj
 .time_critical.flash_do_cmd
                0x200002a8      0x130 src/CMakeFiles/semaf_RTOS.dir/C_/Users/oinha/.pico-sdk/sdk/2.1.1/src/rp2_common/hardware_flash/flash.c.obj
                0x200002a8                flash_do_cmd
 .time_critical.reset_non_control_endpoints
                0x200003d8       0x68 src/CMakeFiles/semaf_RTOS.dir/C_/Users/oinha/.pico-sdk/sdk/2.1.1/lib/tinyusb/src/portable/raspberrypi/rp2040/dcd_rp2040.c.obj
 .time_critical.hw_handle_buff_status
                0x20000440       0xa0 src/CMakeFiles/semaf_RTOS.dir/C_/Users/oinha/.pico-sdk/sdk/2.1.1/lib/tinyusb/src/portable/raspberrypi/rp2040/dcd_rp2040.c.obj
 .time_critical.dcd_rp2040_irq
                0x200004e0      0x548 src/CMakeFiles/semaf_RTOS.dir/C_/Users/oinha/.pico-sdk/sdk/2.1.1/lib/tinyusb/src/portable/raspberrypi/rp2040/dcd_rp2040.c.obj
 .time_critical.prepare_ep_buffer
                0x20000a28       0xc8 src/CMakeFiles/semaf_RTOS.dir/C_/Users/oinha/.pico-sdk/sdk/2.1.1/lib/tinyusb/src/portable/raspberrypi/rp2040/rp2040_usb.c.obj
 .time_critical.sync_ep_buffer
                0x20000af0       0x9c src/CMakeFiles/semaf_RTOS.dir/C_/Users/oinha/.pico-sdk/sdk/2.1.1/lib/tinyusb/src/portable/raspberrypi/rp2040/rp2040_usb.c.obj
 .time_critical._hw_endpoint_xfer_sync
                0x20000b8c       0x28 src/CMakeFiles/semaf_RTOS.dir/C_/Users/oinha/.pico-sdk/sdk/2.1.1/lib/tinyusb/src/portable/raspberrypi/rp2040/rp2040_usb.c.obj
 .time_critical.e15_is_bulkin_ep
                0x20000bb4       0x28 src/CMakeFiles/semaf_RTOS.dir/C_/Users/oinha/.pico-sdk/sdk/2.1.1/lib/tinyusb/src/portable/raspberrypi/rp2040/rp2040_usb.c.obj
 .time_critical.e15_is_critical_frame_period
                0x20000bdc       0x34 src/CMakeFiles/semaf_RTOS.dir/C_/Users/oinha/.pico-sdk/sdk/2.1.1/lib/tinyusb/src/portable/raspberrypi/rp2040/rp2040_usb.c.obj
 .time_critical.hw_endpoint_reset_transfer
                0x20000c10        0xc src/CMakeFiles/semaf_RTOS.dir/C_/Users/oinha/.pico-sdk/sdk/2.1.1/lib/tinyusb/src/portable/raspberrypi/rp2040/rp2040_usb.c.obj
                0x20000c10                hw_endpoint_reset_transfer
 .time_critical._hw_endpoint_buffer_control_update32
                0x20000c1c       0x50 src/CMakeFiles/semaf_RTOS.dir/C_/Users/oinha/.pico-sdk/sdk/2.1.1/lib/tinyusb/src/portable/raspberrypi/rp2040/rp2040_usb.c.obj
                0x20000c1c                _hw_endpoint_buffer_control_update32
 .time_critical.hw_endpoint_start_next_buffer
                0x20000c6c       0x68 src/CMakeFiles/semaf_RTOS.dir/C_/Users/oinha/.pico-sdk/sdk/2.1.1/lib/tinyusb/src/portable/raspberrypi/rp2040/rp2040_usb.c.obj
                0x20000c6c                hw_endpoint_start_next_buffer
 .time_critical.hw_endpoint_xfer_continue
                0x20000cd4       0x40 src/CMakeFiles/semaf_RTOS.dir/C_/Users/oinha/.pico-sdk/sdk/2.1.1/lib/tinyusb/src/portable/raspberrypi/rp2040/rp2040_usb.c.obj
                0x20000cd4                hw_endpoint_xfer_continue
 .time_critical.tinyusb
                0x20000d14      0x1e4 src/CMakeFiles/semaf_RTOS.dir/C_/Users/oinha/.pico-sdk/sdk/2.1.1/lib/tinyusb/src/device/usbd.c.obj
                0x20000d14                dcd_event_handler
 *(.text*)
 .text          0x20000ef8        0x4 C:/Users/oinha/.pico-sdk/toolchain/14_2_Rel1/bin/../lib/gcc/arm-none-eabi/14.2.1/thumb/v6-m/nofp\libgcc.a(_dvmd_tls.o)
                0x20000ef8                __aeabi_idiv0
                0x20000ef8                __aeabi_ldiv0
 *fill*         0x20000efc        0x4 
 .text.__stub   0x20000f00       0xa0 linker stubs
                0x20000fa0                        . = ALIGN (0x4)
 *(.rodata*)
                0x20000fa0                        . = ALIGN (0x4)
 *(.data*)
 .data.striped_spin_lock_num
                0x20000fa0        0x1 src/CMakeFiles/semaf_RTOS.dir/C_/Users/oinha/.pico-sdk/sdk/2.1.1/src/rp2_common/hardware_sync/sync.c.obj
 *fill*         0x20000fa1        0x3 
 .data          0x20000fa4       0x48 src/CMakeFiles/semaf_RTOS.dir/C_/Users/oinha/.pico-sdk/sdk/2.1.1/src/rp2_common/hardware_irq/irq_handler_chain.S.obj
                0x20000fa4                irq_handler_chain_slots
                0x20000fd4                irq_handler_chain_first_slot
                0x20000fde                irq_handler_chain_remove_tail
 .data.default_alarm_pool
                0x20000fec       0x18 src/CMakeFiles/semaf_RTOS.dir/C_/Users/oinha/.pico-sdk/sdk/2.1.1/src/common/pico_time/time.c.obj
 *fill*         0x20001004        0xc 
 .data.aeabi_bits_funcs
                0x20001010       0x10 src/CMakeFiles/semaf_RTOS.dir/C_/Users/oinha/.pico-sdk/sdk/2.1.1/src/rp2_common/pico_bit_ops/bit_ops_aeabi.S.obj
                0x20001010                aeabi_bits_funcs
                0x20001020                aeabi_bits_funcs_end
 .data.aeabi_mem_funcs
                0x20001020       0x10 src/CMakeFiles/semaf_RTOS.dir/C_/Users/oinha/.pico-sdk/sdk/2.1.1/src/rp2_common/pico_mem_ops/mem_ops_aeabi.S.obj
                0x20001020                aeabi_mem_funcs
                0x20001030                aeabi_mem_funcs_end
 .data.stdio_usb
                0x20001030       0x18 src/CMakeFiles/semaf_RTOS.dir/C_/Users/oinha/.pico-sdk/sdk/2.1.1/src/rp2_common/pico_stdio_usb/stdio_usb.c.obj
                0x20001030                stdio_usb
 .data._usbd_qdef
                0x20001048       0x1c src/CMakeFiles/semaf_RTOS.dir/C_/Users/oinha/.pico-sdk/sdk/2.1.1/lib/tinyusb/src/device/usbd.c.obj
                0x20001048                _usbd_qdef
 .data._usbd_rhport
                0x20001064        0x1 src/CMakeFiles/semaf_RTOS.dir/C_/Users/oinha/.pico-sdk/sdk/2.1.1/lib/tinyusb/src/device/usbd.c.obj
 .data.ucPrimaryCoreNum
                0x20001065        0x1 src/CMakeFiles/semaf_RTOS.dir/__/lib/FreeRTOS-Kernel/portable/ThirdParty/GCC/RP2040/port.c.obj
                0x20001068                        . = ALIGN (0x4)
 *fill*         0x20001066        0x2 
 *(.after_data.*)
                0x20001068                        . = ALIGN (0x4)
                0x20001068                        PROVIDE (__mutex_array_start = .)
 *(SORT_BY_NAME(.mutex_array.*))
 *(.mutex_array)
 .mutex_array   0x20001068        0x8 src/CMakeFiles/semaf_RTOS.dir/C_/Users/oinha/.pico-sdk/sdk/2.1.1/src/rp2_common/pico_malloc/malloc.c.obj
 .mutex_array   0x20001070        0x8 src/CMakeFiles/semaf_RTOS.dir/C_/Users/oinha/.pico-sdk/sdk/2.1.1/src/rp2_common/pico_stdio/stdio.c.obj
                0x20001078                        PROVIDE (__mutex_array_end = .)
                0x20001078                        . = ALIGN (0x4)
 *(.jcr)
                0x20001078                        . = ALIGN (0x4)

.tm_clone_table
                0x20001078        0x0 load address 0x1000854c
 .tm_clone_table
                0x20001078        0x0 C:/Users/oinha/.pico-sdk/toolchain/14_2_Rel1/bin/../lib/gcc/arm-none-eabi/14.2.1/thumb/v6-m/nofp/crtbegin.o
 .tm_clone_table
                0x20001078        0x0 C:/Users/oinha/.pico-sdk/toolchain/14_2_Rel1/bin/../lib/gcc/arm-none-eabi/14.2.1/thumb/v6-m/nofp/crtend.o

.igot.plt       0x20001078        0x0 load address 0x1000854c
 .igot.plt      0x20001078        0x0 C:/Users/oinha/.pico-sdk/toolchain/14_2_Rel1/bin/../lib/gcc/arm-none-eabi/14.2.1/thumb/v6-m/nofp/crtbegin.o

.tdata          0x20001078        0x0 load address 0x1000854c
                0x20001078                        . = ALIGN (0x4)
 *(.tdata .tdata.* .gnu.linkonce.td.*)
                0x20001078                        __tdata_end = .
                0x20001078                        PROVIDE (__data_end__ = .)
                0x10007594                        __etext = LOADADDR (.data)

.tbss           0x20001078        0x0 load address 0x1000854c
                0x20001078                        . = ALIGN (0x4)
                0x20001078                        __bss_start__ = .
                0x20001078                        __tls_base = .
 *(.tbss .tbss.* .gnu.linkonce.tb.*)
 *(.tcommon)
                0x20001078                        __tls_end = .

.bss            0x20001078    0x212d4 load address 0x1000854c
                0x20001078                        . = ALIGN (0x4)
                0x20001078                        __tbss_end = .
 *(SORT_BY_ALIGNMENT(SORT_BY_NAME(.bss*)))
 .bss.default_alarm_pool_entries
                0x20001078      0x180 src/CMakeFiles/semaf_RTOS.dir/C_/Users/oinha/.pico-sdk/sdk/2.1.1/src/common/pico_time/time.c.obj
 .bss.last_avail_time.1
                0x200011f8        0x8 src/CMakeFiles/semaf_RTOS.dir/C_/Users/oinha/.pico-sdk/sdk/2.1.1/src/rp2_common/pico_stdio_usb/stdio_usb.c.obj
 .bss.sd_table  0x20001200      0x100 src/CMakeFiles/semaf_RTOS.dir/C_/Users/oinha/.pico-sdk/sdk/2.1.1/src/rp2_common/pico_double/double_init_rom_rp2040.c.obj
                0x20001200                sd_table
 .bss.xQueueRegistry
                0x20001300       0x40 src/CMakeFiles/semaf_RTOS.dir/__/lib/FreeRTOS-Kernel/queue.c.obj
                0x20001300                xQueueRegistry
 .bss._app_driver
                0x20001340        0x4 src/CMakeFiles/semaf_RTOS.dir/C_/Users/oinha/.pico-sdk/sdk/2.1.1/lib/tinyusb/src/device/usbd.c.obj
 .bss._cdcd_epbuf
                0x20001344       0x80 src/CMakeFiles/semaf_RTOS.dir/C_/Users/oinha/.pico-sdk/sdk/2.1.1/lib/tinyusb/src/class/cdc/cdc_device.c.obj
 .bss._cdcd_fifo_cfg
                0x200013c4        0x1 src/CMakeFiles/semaf_RTOS.dir/C_/Users/oinha/.pico-sdk/sdk/2.1.1/lib/tinyusb/src/class/cdc/cdc_device.c.obj
 *fill*         0x200013c5        0x3 
 .bss._cdcd_itf
                0x200013c8       0xc8 src/CMakeFiles/semaf_RTOS.dir/C_/Users/oinha/.pico-sdk/sdk/2.1.1/lib/tinyusb/src/class/cdc/cdc_device.c.obj
 .bss._ctrl_epbuf
                0x20001490       0x40 src/CMakeFiles/semaf_RTOS.dir/C_/Users/oinha/.pico-sdk/sdk/2.1.1/lib/tinyusb/src/device/usbd_control.c.obj
 .bss._ctrl_xfer
                0x200014d0       0x14 src/CMakeFiles/semaf_RTOS.dir/C_/Users/oinha/.pico-sdk/sdk/2.1.1/lib/tinyusb/src/device/usbd_control.c.obj
 .bss._tusb_rhport_role
                0x200014e4        0x2 src/CMakeFiles/semaf_RTOS.dir/C_/Users/oinha/.pico-sdk/sdk/2.1.1/lib/tinyusb/src/tusb.c.obj
                0x200014e4                _tusb_rhport_role
 *fill*         0x200014e6        0x2 
 .bss._ubsd_mutexdef
                0x200014e8        0x8 src/CMakeFiles/semaf_RTOS.dir/C_/Users/oinha/.pico-sdk/sdk/2.1.1/lib/tinyusb/src/device/usbd.c.obj
 .bss._usbd_dev
                0x200014f0       0x54 src/CMakeFiles/semaf_RTOS.dir/C_/Users/oinha/.pico-sdk/sdk/2.1.1/lib/tinyusb/src/device/usbd.c.obj
 .bss._usbd_mutex
                0x20001544        0x4 src/CMakeFiles/semaf_RTOS.dir/C_/Users/oinha/.pico-sdk/sdk/2.1.1/lib/tinyusb/src/device/usbd.c.obj
 .bss._usbd_q   0x20001548        0x4 src/CMakeFiles/semaf_RTOS.dir/C_/Users/oinha/.pico-sdk/sdk/2.1.1/lib/tinyusb/src/device/usbd.c.obj
 .bss._usbd_qdef_buf
                0x2000154c       0xc0 src/CMakeFiles/semaf_RTOS.dir/C_/Users/oinha/.pico-sdk/sdk/2.1.1/lib/tinyusb/src/device/usbd.c.obj
                0x2000154c                _usbd_qdef_buf
 .bss._vendord_epbuf
                0x2000160c       0x80 src/CMakeFiles/semaf_RTOS.dir/C_/Users/oinha/.pico-sdk/sdk/2.1.1/lib/tinyusb/src/class/vendor/vendor_device.c.obj
 .bss._vendord_itf
                0x2000168c      0x24c src/CMakeFiles/semaf_RTOS.dir/C_/Users/oinha/.pico-sdk/sdk/2.1.1/lib/tinyusb/src/class/vendor/vendor_device.c.obj
 .bss.boot2_copyout
                0x200018d8      0x100 src/CMakeFiles/semaf_RTOS.dir/C_/Users/oinha/.pico-sdk/sdk/2.1.1/src/rp2_common/hardware_flash/flash.c.obj
 .bss.chars_available_callback
                0x200019d8        0x4 src/CMakeFiles/semaf_RTOS.dir/C_/Users/oinha/.pico-sdk/sdk/2.1.1/src/rp2_common/pico_stdio_usb/stdio_usb.c.obj
 .bss.chars_available_param
                0x200019dc        0x4 src/CMakeFiles/semaf_RTOS.dir/C_/Users/oinha/.pico-sdk/sdk/2.1.1/src/rp2_common/pico_stdio_usb/stdio_usb.c.obj
 .bss.claimed   0x200019e0        0x4 src/CMakeFiles/semaf_RTOS.dir/C_/Users/oinha/.pico-sdk/sdk/2.1.1/src/rp2_common/hardware_sync/sync.c.obj
 .bss.claimed   0x200019e4        0x1 src/CMakeFiles/semaf_RTOS.dir/C_/Users/oinha/.pico-sdk/sdk/2.1.1/src/rp2_common/hardware_timer/timer.c.obj
 *fill*         0x200019e5        0x3 
 .bss.configured_freq
                0x200019e8       0x28 src/CMakeFiles/semaf_RTOS.dir/C_/Users/oinha/.pico-sdk/sdk/2.1.1/src/rp2_common/hardware_clocks/clocks.c.obj
 .bss.desc_str.0
                0x20001a10       0x28 src/CMakeFiles/semaf_RTOS.dir/C_/Users/oinha/.pico-sdk/sdk/2.1.1/src/rp2_common/pico_stdio_usb/stdio_usb_descriptors.c.obj
 .bss.drivers   0x20001a38        0x4 src/CMakeFiles/semaf_RTOS.dir/C_/Users/oinha/.pico-sdk/sdk/2.1.1/src/rp2_common/pico_stdio/stdio.c.obj
 .bss.e15_last_sof
                0x20001a3c        0x4 src/CMakeFiles/semaf_RTOS.dir/C_/Users/oinha/.pico-sdk/sdk/2.1.1/lib/tinyusb/src/portable/raspberrypi/rp2040/rp2040_usb.c.obj
                0x20001a3c                e15_last_sof
 .bss.filter    0x20001a40        0x4 src/CMakeFiles/semaf_RTOS.dir/C_/Users/oinha/.pico-sdk/sdk/2.1.1/src/rp2_common/pico_stdio/stdio.c.obj
 .bss.hw_endpoints
                0x20001a44      0x400 src/CMakeFiles/semaf_RTOS.dir/C_/Users/oinha/.pico-sdk/sdk/2.1.1/lib/tinyusb/src/portable/raspberrypi/rp2040/dcd_rp2040.c.obj
 .bss.lazy_vsnprintf
                0x20001e44        0x4 src/CMakeFiles/semaf_RTOS.dir/C_/Users/oinha/.pico-sdk/sdk/2.1.1/src/rp2_common/pico_printf/printf.c.obj
 .bss.load_value
                0x20001e48        0x4 src/CMakeFiles/semaf_RTOS.dir/C_/Users/oinha/.pico-sdk/sdk/2.1.1/src/rp2_common/hardware_watchdog/watchdog.c.obj
 .bss.next_buffer_ptr
                0x20001e4c        0x4 src/CMakeFiles/semaf_RTOS.dir/C_/Users/oinha/.pico-sdk/sdk/2.1.1/lib/tinyusb/src/portable/raspberrypi/rp2040/dcd_rp2040.c.obj
 .bss.object.0  0x20001e50       0x18 C:/Users/oinha/.pico-sdk/toolchain/14_2_Rel1/bin/../lib/gcc/arm-none-eabi/14.2.1/thumb/v6-m/nofp/crtbegin.o
 .bss.one_shot_timer_crit_sec
                0x20001e68        0x8 src/CMakeFiles/semaf_RTOS.dir/C_/Users/oinha/.pico-sdk/sdk/2.1.1/src/rp2_common/pico_stdio_usb/stdio_usb.c.obj
 .bss.pools     0x20001e70       0x10 src/CMakeFiles/semaf_RTOS.dir/C_/Users/oinha/.pico-sdk/sdk/2.1.1/src/common/pico_time/time.c.obj
 .bss.pxCrossCoreSpinLock
                0x20001e80        0x4 src/CMakeFiles/semaf_RTOS.dir/__/lib/FreeRTOS-Kernel/portable/ThirdParty/GCC/RP2040/port.c.obj
 .bss.pxCurrentTCB
                0x20001e84        0x4 src/CMakeFiles/semaf_RTOS.dir/__/lib/FreeRTOS-Kernel/tasks.c.obj
                0x20001e84                pxCurrentTCB
 .bss.pxCurrentTimerList
                0x20001e88        0x4 src/CMakeFiles/semaf_RTOS.dir/__/lib/FreeRTOS-Kernel/timers.c.obj
 .bss.pxDelayedTaskList
                0x20001e8c        0x4 src/CMakeFiles/semaf_RTOS.dir/__/lib/FreeRTOS-Kernel/tasks.c.obj
 .bss.pxEnd     0x20001e90        0x4 src/CMakeFiles/semaf_RTOS.dir/__/lib/FreeRTOS-Kernel/portable/MemMang/heap_4.c.obj
 .bss.pxOverflowDelayedTaskList
                0x20001e94        0x4 src/CMakeFiles/semaf_RTOS.dir/__/lib/FreeRTOS-Kernel/tasks.c.obj
 .bss.pxOverflowTimerList
                0x20001e98        0x4 src/CMakeFiles/semaf_RTOS.dir/__/lib/FreeRTOS-Kernel/timers.c.obj
 .bss.pxReadyTasksLists
                0x20001e9c      0x280 src/CMakeFiles/semaf_RTOS.dir/__/lib/FreeRTOS-Kernel/tasks.c.obj
 .bss.retrieved_id
                0x2000211c        0x8 src/CMakeFiles/semaf_RTOS.dir/C_/Users/oinha/.pico-sdk/sdk/2.1.1/src/rp2_common/pico_unique_id/unique_id.c.obj
 .bss.sema_amarelo
                0x20002124        0x4 src/CMakeFiles/semaf_RTOS.dir/semaf_RTOS.c.obj
                0x20002124                sema_amarelo
 .bss.sema_verde
                0x20002128        0x4 src/CMakeFiles/semaf_RTOS.dir/semaf_RTOS.c.obj
                0x20002128                sema_verde
 .bss.sema_vermelho
                0x2000212c        0x4 src/CMakeFiles/semaf_RTOS.dir/semaf_RTOS.c.obj