Archive member included to satisfy reference by file (symbol)

C:/Users/oinha/.pico-sdk/toolchain/14_2_Rel1/bin/../lib/gcc/arm-none-eabi/14.2.1/thumb/v6-m/nofp\libgcc.a(_dvmd_tls.o)
                              src/CMakeFiles/Multitarefa_RTOS.dir/C_/Users/oinha/.pico-sdk/sdk/2.1.1/src/rp2_common/pico_divider/divider_hardware.S.obj (__aeabi_idiv0)
C:/Users/oinha/.pico-sdk/toolchain/14_2_Rel1/bin/../lib/gcc/arm-none-eabi/14.2.1/thumb/v6-m/nofp\libg.a(libc_a-calloc.o)
                              src/CMakeFiles/Multitarefa_RTOS.dir/C_/Users/oinha/.pico-sdk/sdk/2.1.1/src/rp2_common/pico_malloc/malloc.c.obj (calloc)
C:/Users/oinha/.pico-sdk/toolchain/14_2_Rel1/bin/../lib/gcc/arm-none-eabi/14.2.1/thumb/v6-m/nofp\libg.a(libc_a-callocr.o)
                              C:/Users/oinha/.pico-sdk/toolchain/14_2_Rel1/bin/../lib/gcc/arm-none-eabi/14.2.1/thumb/v6-m/nofp\libg.a(libc_a-calloc.o) (_calloc_r)
C:/Users/oinha/.pico-sdk/toolchain/14_2_Rel1/bin/../lib/gcc/arm-none-eabi/14.2.1/thumb/v6-m/nofp\libg.a(libc_a-malloc.o)
                              src/CMakeFiles/Multitarefa_RTOS.dir/C_/Users/oinha/.pico-sdk/sdk/2.1.1/src/rp2_common/pico_malloc/malloc.c.obj (malloc)
C:/Users/oinha/.pico-sdk/toolchain/14_2_Rel1/bin/../lib/gcc/arm-none-eabi/14.2.1/thumb/v6-m/nofp\libg.a(libc_a-mallocr.o)
                              C:/Users/oinha/.pico-sdk/toolchain/14_2_Rel1/bin/../lib/gcc/arm-none-eabi/14.2.1/thumb/v6-m/nofp\libg.a(libc_a-callocr.o) (_malloc_r)
C:/Users/oinha/.pico-sdk/toolchain/14_2_Rel1/bin/../lib/gcc/arm-none-eabi/14.2.1/thumb/v6-m/nofp\libg.a(libc_a-mlock.o)
                              C:/Users/oinha/.pico-sdk/toolchain/14_2_Rel1/bin/../lib/gcc/arm-none-eabi/14.2.1/thumb/v6-m/nofp\libg.a(libc_a-mallocr.o) (__malloc_lock)
C:/Users/oinha/.pico-sdk/toolchain/14_2_Rel1/bin/../lib/gcc/arm-none-eabi/14.2.1/thumb/v6-m/nofp\libg.a(libc_a-realloc.o)
                              src/CMakeFiles/Multitarefa_RTOS.dir/C_/Users/oinha/.pico-sdk/sdk/2.1.1/src/rp2_common/pico_malloc/malloc.c.obj (realloc)
C:/Users/oinha/.pico-sdk/toolchain/14_2_Rel1/bin/../lib/gcc/arm-none-eabi/14.2.1/thumb/v6-m/nofp\libg.a(libc_a-reallocr.o)
                              C:/Users/oinha/.pico-sdk/toolchain/14_2_Rel1/bin/../lib/gcc/arm-none-eabi/14.2.1/thumb/v6-m/nofp\libg.a(libc_a-realloc.o) (_realloc_r)
C:/Users/oinha/.pico-sdk/toolchain/14_2_Rel1/bin/../lib/gcc/arm-none-eabi/14.2.1/thumb/v6-m/nofp\libg.a(libc_a-memcmp.o)
                              src/CMakeFiles/Multitarefa_RTOS.dir/C_/Users/oinha/.pico-sdk/sdk/2.1.1/src/rp2_common/pico_atomic/atomic.c.obj (memcmp)
C:/Users/oinha/.pico-sdk/toolchain/14_2_Rel1/bin/../lib/gcc/arm-none-eabi/14.2.1/thumb/v6-m/nofp\libg.a(libc_a-memmove.o)
                              C:/Users/oinha/.pico-sdk/toolchain/14_2_Rel1/bin/../lib/gcc/arm-none-eabi/14.2.1/thumb/v6-m/nofp\libg.a(libc_a-reallocr.o) (memmove)
C:/Users/oinha/.pico-sdk/toolchain/14_2_Rel1/bin/../lib/gcc/arm-none-eabi/14.2.1/thumb/v6-m/nofp\libg.a(libc_a-lcltime_r.o)
                              src/CMakeFiles/Multitarefa_RTOS.dir/C_/Users/oinha/.pico-sdk/sdk/2.1.1/src/common/pico_util/datetime.c.obj (localtime_r)
C:/Users/oinha/.pico-sdk/toolchain/14_2_Rel1/bin/../lib/gcc/arm-none-eabi/14.2.1/thumb/v6-m/nofp\libg.a(libc_a-mktime.o)
                              src/CMakeFiles/Multitarefa_RTOS.dir/C_/Users/oinha/.pico-sdk/sdk/2.1.1/src/common/pico_util/datetime.c.obj (mktime)
C:/Users/oinha/.pico-sdk/toolchain/14_2_Rel1/bin/../lib/gcc/arm-none-eabi/14.2.1/thumb/v6-m/nofp\libg.a(libc_a-month_lengths.o)
                              C:/Users/oinha/.pico-sdk/toolchain/14_2_Rel1/bin/../lib/gcc/arm-none-eabi/14.2.1/thumb/v6-m/nofp\libg.a(libc_a-lcltime_r.o) (__month_lengths)
C:/Users/oinha/.pico-sdk/toolchain/14_2_Rel1/bin/../lib/gcc/arm-none-eabi/14.2.1/thumb/v6-m/nofp\libg.a(libc_a-tzcalc_limits.o)
                              C:/Users/oinha/.pico-sdk/toolchain/14_2_Rel1/bin/../lib/gcc/arm-none-eabi/14.2.1/thumb/v6-m/nofp\libg.a(libc_a-lcltime_r.o) (__tzcalc_limits)
C:/Users/oinha/.pico-sdk/toolchain/14_2_Rel1/bin/../lib/gcc/arm-none-eabi/14.2.1/thumb/v6-m/nofp\libg.a(libc_a-tzlock.o)
                              C:/Users/oinha/.pico-sdk/toolchain/14_2_Rel1/bin/../lib/gcc/arm-none-eabi/14.2.1/thumb/v6-m/nofp\libg.a(libc_a-lcltime_r.o) (__tz_lock)
C:/Users/oinha/.pico-sdk/toolchain/14_2_Rel1/bin/../lib/gcc/arm-none-eabi/14.2.1/thumb/v6-m/nofp\libg.a(libc_a-tzset.o)
                              C:/Users/oinha/.pico-sdk/toolchain/14_2_Rel1/bin/../lib/gcc/arm-none-eabi/14.2.1/thumb/v6-m/nofp\libg.a(libc_a-lcltime_r.o) (_tzset_unlocked)
C:/Users/oinha/.pico-sdk/toolchain/14_2_Rel1/bin/../lib/gcc/arm-none-eabi/14.2.1/thumb/v6-m/nofp\libg.a(libc_a-tzset_r.o)
                              C:/Users/oinha/.pico-sdk/toolchain/14_2_Rel1/bin/../lib/gcc/arm-none-eabi/14.2.1/thumb/v6-m/nofp\libg.a(libc_a-tzset.o) (_tzset_unlocked_r)
[...]
Memory Configuration

Name             Origin             Length             Attributes
FLASH            0x10000000         0x00200000         xr
RAM              0x20000000         0x00040000         xrw
SCRATCH_X        0x20040000         0x00001000         xrw
SCRATCH_Y        0x20041000         0x00001000         xrw
*default*        0x00000000         0xffffffff

Linker script and memory map

LOAD C:/Users/oinha/.pico-sdk/toolchain/14_2_Rel1/bin/../lib/gcc/arm-none-eabi/14.2.1/thumb/v6-m/nofp/crti.o
LOAD C:/Users/oinha/.pico-sdk/toolchain/14_2_Rel1/bin/../lib/gcc/arm-none-eabi/14.2.1/thumb/v6-m/nofp/crtbegin.o
LOAD C:/Users/oinha/.pico-sdk/toolchain/14_2_Rel1/bin/../lib/gcc/arm-none-eabi/14.2.1/thumb/v6-m/nofp/crt0.o

.flash_begin    0x10000000        0x0
                0x10000000                        __flash_binary_start = .

.boot2          0x10000000      0x100
                0x10000000                        __boot2_start__ = .
 *(.boot2)
 .boot2         0x10000000      0x100 pico-sdk/src/rp2040/boot_stage2/CMakeFiles/bs2_default_library.dir/./bs2_default_padded_checksummed.S.obj
                0x10000100                        __boot2_end__ = .
                0x00000001                        ASSERT (((__boot2_end__ - __boot2_start__) == 0x100), ERROR: Pico second stage bootloader must be 256 bytes in size)

.text           0x10000100     0x8cc8
                0x10000100                        __logical_binary_start = .
 *(.vectors)
 .vectors       0x10000100       0xd4 src/CMakeFiles/Multitarefa_RTOS.dir/C_/Users/oinha/.pico-sdk/sdk/2.1.1/src/rp2_common/pico_crt0/crt0.S.obj
                0x10000100                __VECTOR_TABLE
                0x10000100                __vectors
                0x100001c0                isr_invalid
                0x100001c0                __default_isrs_start
                0x100001c2                isr_nmi
                0x100001c4                isr_hardfault
                0x100001c6                isr_svcall
                0x100001c8                isr_pendsv
                0x100001ca                isr_systick
                0x100001cc                isr_irq23
                0x100001cc                isr_irq18
                0x100001cc                isr_irq11
                0x100001cc                isr_irq28
                0x100001cc                isr_irq19
                0x100001cc                isr_irq0
                0x100001cc                isr_irq6
                0x100001cc                isr_irq5
                0x100001cc                isr_irq12
                0x100001cc                isr_irq22
                0x100001cc                isr_irq31
                0x100001cc                isr_irq17
                0x100001cc                isr_irq27
                0x100001cc                isr_irq30
                0x100001cc                isr_irq2
                0x100001cc                isr_irq10
                0x100001cc                isr_irq8
                0x100001cc                isr_irq24
                0x100001cc                isr_irq1
                0x100001cc                isr_irq7
                0x100001cc                isr_irq21
                0x100001cc                isr_irq20
                0x100001cc                isr_irq15
                0x100001cc                isr_irq25
                0x100001cc                isr_irq13
                0x100001cc                __unhandled_user_irq
                0x100001cc                isr_irq4
                0x100001cc                isr_irq16
                0x100001cc                isr_irq29
                0x100001cc                isr_irq26
                0x100001cc                __default_isrs_end
                0x100001cc                isr_irq3
                0x100001cc                isr_irq14
                0x100001cc                isr_irq9
                0x100001d2                unhandled_user_irq_num_in_r0
 *(.binary_info_header)
 .binary_info_header
                0x100001d4       0x14 src/CMakeFiles/Multitarefa_RTOS.dir/C_/Users/oinha/.pico-sdk/sdk/2.1.1/src/rp2_common/pico_crt0/crt0.S.obj
                0x100001e8                        __binary_info_header_end = .
 *(.embedded_block)
                0x100001e8                        __embedded_block_end = .
 *(.reset)
 .reset         0x100001e8       0x9c src/CMakeFiles/Multitarefa_RTOS.dir/C_/Users/oinha/.pico-sdk/sdk/2.1.1/src/rp2_common/pico_crt0/crt0.S.obj
                0x100001e8                _entry_point
 *(.init)
 .init          0x10000284        0x4 C:/Users/oinha/.pico-sdk/toolchain/14_2_Rel1/bin/../lib/gcc/arm-none-eabi/14.2.1/thumb/v6-m/nofp/crti.o
                0x10000284                _init
 *(EXCLUDE_FILE(*libm.a: *libc.a:*lib_a-mem*.o *libgcc.a:) .text*)
 .text.register_tm_clones
                0x10000288       0x28 C:/Users/oinha/.pico-sdk/toolchain/14_2_Rel1/bin/../lib/gcc/arm-none-eabi/14.2.1/thumb/v6-m/nofp/crtbegin.o
 .text.frame_dummy
                0x100002b0       0x24 C:/Users/oinha/.pico-sdk/toolchain/14_2_Rel1/bin/../lib/gcc/arm-none-eabi/14.2.1/thumb/v6-m/nofp/crtbegin.o
 .text.tarefa_leitura_eixos
                0x100002d4       0x8c src/CMakeFiles/Multitarefa_RTOS.dir/Multitarefa_RTOS.c.obj
                0x100002d4                tarefa_leitura_eixos
 .text.tarefa_leitura_botao
                0x10000360       0x54 src/CMakeFiles/Multitarefa_RTOS.dir/Multitarefa_RTOS.c.obj
                0x10000360                tarefa_leitura_botao
 .text.tarefa_processamento
                0x100003b4       0xc0 src/CMakeFiles/Multitarefa_RTOS.dir/Multitarefa_RTOS.c.obj
                0x100003b4                tarefa_processamento
 .text.setup_hardware
                0x10000474       0x70 src/CMakeFiles/Multitarefa_RTOS.dir/Multitarefa_RTOS.c.obj
                0x10000474                setup_hardware
 .text.startup.main
                0x100004e4       0x94 src/CMakeFiles/Multitarefa_RTOS.dir/Multitarefa_RTOS.c.obj
                0x100004e4                main
 .text.buzzer_pwm_init
                0x10000578       0x50 src/CMakeFiles/Multitarefa_RTOS.dir/pwm.c.obj
                0x10000578                buzzer_pwm_init
 .text.buzzer_pwm_stop
                0x100005c8       0x2c src/CMakeFiles/Multitarefa_RTOS.dir/pwm.c.obj
                0x100005c8                buzzer_pwm_stop
 .text.pvPortMalloc
                0x100005f4      0x124 src/CMakeFiles/Multitarefa_RTOS.dir/__/lib/FreeRTOS-Kernel/portable/MemMang/heap_4.c.obj
                0x100005f4                pvPortMalloc
 .text.vPortFree
                0x10000718       0x98 src/CMakeFiles/Multitarefa_RTOS.dir/__/lib/FreeRTOS-Kernel/portable/MemMang/heap_4.c.obj
                0x10000718                vPortFree
 .text.gpio_set_function
                0x100007b0       0x34 src/CMakeFiles/Multitarefa_RTOS.dir/C_/Users/oinha/.pico-sdk/sdk/2.1.1/src/rp2_common/hardware_gpio/gpio.c.obj
                0x100007b0                gpio_set_function
 .text.gpio_set_pulls
                0x100007e4       0x28 src/CMakeFiles/Multitarefa_RTOS.dir/C_/Users/oinha/.pico-sdk/sdk/2.1.1/src/rp2_common/hardware_gpio/gpio.c.obj
                0x100007e4                gpio_set_pulls
 .text.gpio_set_input_enabled
                0x1000080c       0x28 src/CMakeFiles/Multitarefa_RTOS.dir/C_/Users/oinha/.pico-sdk/sdk/2.1.1/src/rp2_common/hardware_gpio/gpio.c.obj
                0x1000080c                gpio_set_input_enabled
 .text.gpio_init
                0x10000834       0x40 src/CMakeFiles/Multitarefa_RTOS.dir/C_/Users/oinha/.pico-sdk/sdk/2.1.1/src/rp2_common/hardware_gpio/gpio.c.obj
                0x10000834                gpio_init
 .text.rp2040_chip_version
                0x10000874        0xc src/CMakeFiles/Multitarefa_RTOS.dir/C_/Users/oinha/.pico-sdk/sdk/2.1.1/src/rp2040/pico_platform/platform.c.obj
                0x10000874                rp2040_chip_version
 .text.panic    0x10000880       0x30 src/CMakeFiles/Multitarefa_RTOS.dir/C_/Users/oinha/.pico-sdk/sdk/2.1.1/src/rp2_common/pico_platform_panic/panic.c.obj
                0x10000880                panic
 .text.panic_unsupported
                0x100008b0        0xc src/CMakeFiles/Multitarefa_RTOS.dir/C_/Users/oinha/.pico-sdk/sdk/2.1.1/src/rp2_common/pico_platform_panic/panic.c.obj
                0x100008b0                panic_unsupported
 .text.hw_claim_or_assert
                0x100008bc       0x44 src/CMakeFiles/Multitarefa_RTOS.dir/C_/Users/oinha/.pico-sdk/sdk/2.1.1/src/common/hardware_claim/claim.c.obj
                0x100008bc                hw_claim_or_assert
 .text.hw_claim_unused_from_range
                0x10000900       0x88 src/CMakeFiles/Multitarefa_RTOS.dir/C_/Users/oinha/.pico-sdk/sdk/2.1.1/src/common/hardware_claim/claim.c.obj
                0x10000900                hw_claim_unused_from_range
 .text.next_striped_spin_lock_num
                0x10000988       0x18 src/CMakeFiles/Multitarefa_RTOS.dir/C_/Users/oinha/.pico-sdk/sdk/2.1.1/src/rp2_common/hardware_sync/sync.c.obj
                0x10000988                next_striped_spin_lock_num
 .text.spin_lock_claim_unused
                0x100009a0       0x24 src/CMakeFiles/Multitarefa_RTOS.dir/C_/Users/oinha/.pico-sdk/sdk/2.1.1/src/rp2_common/hardware_sync/sync.c.obj
                0x100009a0                spin_lock_claim_unused
 .text.spin_locks_reset
                0x100009c4       0x1c src/CMakeFiles/Multitarefa_RTOS.dir/C_/Users/oinha/.pico-sdk/sdk/2.1.1/src/rp2_common/hardware_sync_spin_lock/sync_spin_lock.c.obj
                0x100009c4                spin_locks_reset
 .text.runtime_init_per_core_irq_priorities
                0x100009e0       0x24 src/CMakeFiles/Multitarefa_RTOS.dir/C_/Users/oinha/.pico-sdk/sdk/2.1.1/src/rp2_common/hardware_irq/irq.c.obj
                0x100009e0                runtime_init_per_core_irq_priorities
 .text.irq_set_enabled
                0x10000a04       0x24 src/CMakeFiles/Multitarefa_RTOS.dir/C_/Users/oinha/.pico-sdk/sdk/2.1.1/src/rp2_common/hardware_irq/irq.c.obj
                0x10000a04                irq_set_enabled
 .text.irq_is_enabled
                0x10000a28       0x18 src/CMakeFiles/Multitarefa_RTOS.dir/C_/Users/oinha/.pico-sdk/sdk/2.1.1/src/rp2_common/hardware_irq/irq.c.obj
                0x10000a28                irq_is_enabled
 .text.irq_set_pending
                0x10000a40       0x10 src/CMakeFiles/Multitarefa_RTOS.dir/C_/Users/oinha/.pico-sdk/sdk/2.1.1/src/rp2_common/hardware_irq/irq.c.obj
                0x10000a40                irq_set_pending
 .text.irq_has_shared_handler
                0x10000a50       0x24 src/CMakeFiles/Multitarefa_RTOS.dir/C_/Users/oinha/.pico-sdk/sdk/2.1.1/src/rp2_common/hardware_irq/irq.c.obj
                0x10000a50                irq_has_shared_handler
 .text.irq_set_exclusive_handler
                0x10000a74       0x54 src/CMakeFiles/Multitarefa_RTOS.dir/C_/Users/oinha/.pico-sdk/sdk/2.1.1/src/rp2_common/hardware_irq/irq.c.obj
                0x10000a74                irq_set_exclusive_handler
 .text.irq_add_shared_handler
                0x10000ac8      0x1f4 src/CMakeFiles/Multitarefa_RTOS.dir/C_/Users/oinha/.pico-sdk/sdk/2.1.1/src/rp2_common/hardware_irq/irq.c.obj
                0x10000ac8                irq_add_shared_handler
 .text.irq_set_priority
                0x10000cbc       0x28 src/CMakeFiles/Multitarefa_RTOS.dir/C_/Users/oinha/.pico-sdk/sdk/2.1.1/src/rp2_common/hardware_irq/irq.c.obj
                0x10000cbc                irq_set_priority
 .text.irq_add_tail_to_free_list
                0x10000ce4       0xb4 src/CMakeFiles/Multitarefa_RTOS.dir/C_/Users/oinha/.pico-sdk/sdk/2.1.1/src/rp2_common/hardware_irq/irq.c.obj
                0x10000ce4                irq_add_tail_to_free_list
 .text.user_irq_claim_unused
                0x10000d98       0x2c src/CMakeFiles/Multitarefa_RTOS.dir/C_/Users/oinha/.pico-sdk/sdk/2.1.1/src/rp2_common/hardware_irq/irq.c.obj
                0x10000d98                user_irq_claim_unused
 .text.lock_init
                0x10000dc4       0x10 src/CMakeFiles/Multitarefa_RTOS.dir/C_/Users/oinha/.pico-sdk/sdk/2.1.1/src/common/pico_sync/lock_core.c.obj
                0x10000dc4                lock_init
 .text.runtime_init_mutex
                0x10000dd4       0x54 src/CMakeFiles/Multitarefa_RTOS.dir/C_/Users/oinha/.pico-sdk/sdk/2.1.1/src/common/pico_sync/mutex.c.obj
                0x10000dd4                runtime_init_mutex
 .text.mutex_init
                0x10000e28       0x1c src/CMakeFiles/Multitarefa_RTOS.dir/C_/Users/oinha/.pico-sdk/sdk/2.1.1/src/common/pico_sync/mutex.c.obj
                0x10000e28                mutex_init
 .text.critical_section_init
                0x10000e44       0x1c src/CMakeFiles/Multitarefa_RTOS.dir/C_/Users/oinha/.pico-sdk/sdk/2.1.1/src/common/pico_sync/critical_section.c.obj
                0x10000e44                critical_section_init
 .text.critical_section_init_with_lock_num
                0x10000e60       0x14 src/CMakeFiles/Multitarefa_RTOS.dir/C_/Users/oinha/.pico-sdk/sdk/2.1.1/src/common/pico_sync/critical_section.c.obj
                0x10000e60                critical_section_init_with_lock_num
 .text.alarm_pool_irq_handler
                0x10000e74      0x300 src/CMakeFiles/Multitarefa_RTOS.dir/C_/Users/oinha/.pico-sdk/sdk/2.1.1/src/common/pico_time/time.c.obj
 .text.sleep_until_callback
                0x10001174       0x24 src/CMakeFiles/Multitarefa_RTOS.dir/C_/Users/oinha/.pico-sdk/sdk/2.1.1/src/common/pico_time/time.c.obj
 .text.runtime_init_default_alarm_pool
                0x10001198       0xdc src/CMakeFiles/Multitarefa_RTOS.dir/C_/Users/oinha/.pico-sdk/sdk/2.1.1/src/common/pico_time/time.c.obj
                0x10001198                runtime_init_default_alarm_pool
 .text.alarm_pool_get_default
                0x10001274        0x8 src/CMakeFiles/Multitarefa_RTOS.dir/C_/Users/oinha/.pico-sdk/sdk/2.1.1/src/common/pico_time/time.c.obj
                0x10001274                alarm_pool_get_default
 .text.alarm_pool_add_alarm_at
                0x1000127c       0xd0 src/CMakeFiles/Multitarefa_RTOS.dir/C_/Users/oinha/.pico-sdk/sdk/2.1.1/src/common/pico_time/time.c.obj
                0x1000127c                alarm_pool_add_alarm_at
 .text.alarm_pool_add_alarm_at_force_in_context
                0x1000134c       0xb0 src/CMakeFiles/Multitarefa_RTOS.dir/C_/Users/oinha/.pico-sdk/sdk/2.1.1/src/common/pico_time/time.c.obj
                0x1000134c                alarm_pool_add_alarm_at_force_in_context
 .text.alarm_pool_cancel_alarm
                0x100013fc       0x74 src/CMakeFiles/Multitarefa_RTOS.dir/C_/Users/oinha/.pico-sdk/sdk/2.1.1/src/common/pico_time/time.c.obj
                0x100013fc                alarm_pool_cancel_alarm
 .text.alarm_pool_core_num
                0x10001470        0x4 src/CMakeFiles/Multitarefa_RTOS.dir/C_/Users/oinha/.pico-sdk/sdk/2.1.1/src/common/pico_time/time.c.obj
                0x10001470                alarm_pool_core_num
 .text.best_effort_wfe_or_timeout
                0x10001474      0x10c src/CMakeFiles/Multitarefa_RTOS.dir/C_/Users/oinha/.pico-sdk/sdk/2.1.1/src/common/pico_time/time.c.obj
                0x10001474                best_effort_wfe_or_timeout
 .text.timer_hardware_alarm_claim
                0x10001580       0x14 src/CMakeFiles/Multitarefa_RTOS.dir/C_/Users/oinha/.pico-sdk/sdk/2.1.1/src/rp2_common/hardware_timer/timer.c.obj
                0x10001580                timer_hardware_alarm_claim
 .text.timer_time_us_64
                0x10001594       0x10 src/CMakeFiles/Multitarefa_RTOS.dir/C_/Users/oinha/.pico-sdk/sdk/2.1.1/src/rp2_common/hardware_timer/timer.c.obj
                0x10001594                timer_time_us_64
 .text.time_us_64
                0x100015a4       0x14 src/CMakeFiles/Multitarefa_RTOS.dir/C_/Users/oinha/.pico-sdk/sdk/2.1.1/src/rp2_common/hardware_timer/timer.c.obj
                0x100015a4                time_us_64
 .text.clock_configure_int_divider
                0x100015b8       0xf4 src/CMakeFiles/Multitarefa_RTOS.dir/C_/Users/oinha/.pico-sdk/sdk/2.1.1/src/rp2_common/hardware_clocks/clocks.c.obj
                0x100015b8                clock_configure_int_divider
 .text.clock_configure_undivided
                0x100016ac       0xe8 src/CMakeFiles/Multitarefa_RTOS.dir/C_/Users/oinha/.pico-sdk/sdk/2.1.1/src/rp2_common/hardware_clocks/clocks.c.obj
                0x100016ac                clock_configure_undivided
 .text.clock_get_hz
                0x10001794        0xc src/CMakeFiles/Multitarefa_RTOS.dir/C_/Users/oinha/.pico-sdk/sdk/2.1.1/src/rp2_common/hardware_clocks/clocks.c.obj
                0x10001794                clock_get_hz
 .text.pll_init
                0x100017a0       0xa4 src/CMakeFiles/Multitarefa_RTOS.dir/C_/Users/oinha/.pico-sdk/sdk/2.1.1/src/rp2_common/hardware_pll/pll.c.obj
                0x100017a0                pll_init
 .text.watchdog_reboot
                0x10001844       0x9c src/CMakeFiles/Multitarefa_RTOS.dir/C_/Users/oinha/.pico-sdk/sdk/2.1.1/src/rp2_common/hardware_watchdog/watchdog.c.obj
                0x10001844                watchdog_reboot
 .text.tick_start
                0x100018e0       0x10 src/CMakeFiles/Multitarefa_RTOS.dir/C_/Users/oinha/.pico-sdk/sdk/2.1.1/src/rp2_common/hardware_ticks/ticks.c.obj
                0x100018e0                tick_start
 .text.rom_func_lookup
                0x100018f0       0x10 src/CMakeFiles/Multitarefa_RTOS.dir/C_/Users/oinha/.pico-sdk/sdk/2.1.1/src/rp2_common/pico_bootrom/bootrom.c.obj
                0x100018f0                rom_func_lookup
 .text.rom_data_lookup
                0x10001900       0x10 src/CMakeFiles/Multitarefa_RTOS.dir/C_/Users/oinha/.pico-sdk/sdk/2.1.1/src/rp2_common/pico_bootrom/bootrom.c.obj
                0x10001900                rom_data_lookup
 .text.rom_funcs_lookup
                0x10001910       0x44 src/CMakeFiles/Multitarefa_RTOS.dir/C_/Users/oinha/.pico-sdk/sdk/2.1.1/src/rp2_common/pico_bootrom/bootrom.c.obj
                0x10001910                rom_funcs_lookup
 .text.rom_reset_usb_boot_extra
                0x10001954       0x24 src/CMakeFiles/Multitarefa_RTOS.dir/C_/Users/oinha/.pico-sdk/sdk/2.1.1/src/rp2_common/pico_bootrom/bootrom.c.obj
                0x10001954                rom_reset_usb_boot_extra
 .text.xosc_init
                0x10001978       0x28 src/CMakeFiles/Multitarefa_RTOS.dir/C_/Users/oinha/.pico-sdk/sdk/2.1.1/src/rp2_common/hardware_xosc/xosc.c.obj
                0x10001978                xosc_init
 .text.first_per_core_initializer
                0x100019a0        0x4 src/CMakeFiles/Multitarefa_RTOS.dir/C_/Users/oinha/.pico-sdk/sdk/2.1.1/src/rp2_common/pico_runtime/runtime.c.obj
 .text.hard_assertion_failure
                0x100019a4        0xc src/CMakeFiles/Multitarefa_RTOS.dir/C_/Users/oinha/.pico-sdk/sdk/2.1.1/src/rp2_common/pico_runtime/runtime.c.obj
                0x100019a4                hard_assertion_failure
 .text.runtime_run_initializers
                0x100019b0       0x28 src/CMakeFiles/Multitarefa_RTOS.dir/C_/Users/oinha/.pico-sdk/sdk/2.1.1/src/rp2_common/pico_runtime/runtime.c.obj
                0x100019b0                runtime_run_initializers
 .text.runtime_init_early_resets
                0x100019d8       0x2c src/CMakeFiles/Multitarefa_RTOS.dir/C_/Users/oinha/.pico-sdk/sdk/2.1.1/src/rp2_common/pico_runtime_init/runtime_init.c.obj
                0x100019d8                runtime_init_early_resets
 .text.runtime_init_usb_power_down
                0x10001a04       0x1c src/CMakeFiles/Multitarefa_RTOS.dir/C_/Users/oinha/.pico-sdk/sdk/2.1.1/src/rp2_common/pico_runtime_init/runtime_init.c.obj
                0x10001a04                runtime_init_usb_power_down
 .text.runtime_init_post_clock_resets
                0x10001a20       0x20 src/CMakeFiles/Multitarefa_RTOS.dir/C_/Users/oinha/.pico-sdk/sdk/2.1.1/src/rp2_common/pico_runtime_init/runtime_init.c.obj
                0x10001a20                runtime_init_post_clock_resets
 .text.runtime_init_rp2040_gpio_ie_disable
                0x10001a40       0x14 src/CMakeFiles/Multitarefa_RTOS.dir/C_/Users/oinha/.pico-sdk/sdk/2.1.1/src/rp2_common/pico_runtime_init/runtime_init.c.obj
                0x10001a40                runtime_init_rp2040_gpio_ie_disable
 .text.runtime_init_spin_locks_reset
                0x10001a54        0x8 src/CMakeFiles/Multitarefa_RTOS.dir/C_/Users/oinha/.pico-sdk/sdk/2.1.1/src/rp2_common/pico_runtime_init/runtime_init.c.obj
                0x10001a54                runtime_init_spin_locks_reset
 .text.runtime_init_install_ram_vector_table
                0x10001a5c       0x1c src/CMakeFiles/Multitarefa_RTOS.dir/C_/Users/oinha/.pico-sdk/sdk/2.1.1/src/rp2_common/pico_runtime_init/runtime_init.c.obj
                0x10001a5c                runtime_init_install_ram_vector_table
 .text.runtime_init_clocks
                0x10001a78       0xd8 src/CMakeFiles/Multitarefa_RTOS.dir/C_/Users/oinha/.pico-sdk/sdk/2.1.1/src/rp2_common/pico_runtime_init/runtime_init_clocks.c.obj
                0x10001a78                runtime_init_clocks
 .text          0x10001b50       0x10 src/CMakeFiles/Multitarefa_RTOS.dir/C_/Users/oinha/.pico-sdk/sdk/2.1.1/src/rp2_common/pico_bit_ops/bit_ops_aeabi.S.obj
 .text.__wrap___aeabi_idiv
                0x10001b60       0x50 src/CMakeFiles/Multitarefa_RTOS.dir/C_/Users/oinha/.pico-sdk/sdk/2.1.1/src/rp2_common/pico_divider/divider_hardware.S.obj
                0x10001b60                __wrap___aeabi_idivmod
                0x10001b60                divmod_s32s32
                0x10001b60                div_s32s32
                0x10001b60                __wrap___aeabi_idiv
                0x10001b68                divmod_s32s32_unsafe
                0x10001b94                divmod_s32s32_savestate
 .text.__wrap___aeabi_uidiv
                0x10001bb0       0x4c src/CMakeFiles/Multitarefa_RTOS.dir/C_/Users/oinha/.pico-sdk/sdk/2.1.1/src/rp2_common/pico_divider/divider_hardware.S.obj
                0x10001bb0                __wrap___aeabi_uidiv
                0x10001bb0                __wrap___aeabi_uidivmod
                0x10001bb0                div_u32u32
                0x10001bb0                divmod_u32u32
                0x10001bb8                divmod_u32u32_unsafe
                0x10001be0                divmod_u32u32_savestate
 .text.__wrap___aeabi_ldiv
                0x10001bfc      0x424 src/CMakeFiles/Multitarefa_RTOS.dir/C_/Users/oinha/.pico-sdk/sdk/2.1.1/src/rp2_common/pico_divider/divider_hardware.S.obj
                0x10001bfc                div_s64s64
                0x10001bfc                divmod_s64s64
                0x10001bfc                __wrap___aeabi_ldivmod
                0x10001c2c                divmod_u64u64
                0x10001c2c                div_u64u64
                0x10001c2c                __wrap___aeabi_uldivmod
                0x10001c3c                divmod_u64u64_savestate
                0x10001c5c                divmod_s64s64_unsafe
                0x10001ce4                divmod_u64u64_unsafe
 .text.__wrap___aeabi_darithmetic
                0x10002020       0x60 src/CMakeFiles/Multitarefa_RTOS.dir/C_/Users/oinha/.pico-sdk/sdk/2.1.1/src/rp2_common/pico_double/double_aeabi_rp2040.S.obj
                0x10002020                __wrap___aeabi_drsub
                0x10002026                __wrap___aeabi_dsub
                0x10002030                __wrap___aeabi_dadd
                0x1000203a                __wrap___aeabi_ddiv
                0x1000206e                __wrap___aeabi_dmul
 .text.__wrap___aeabi_cdcmple
                0x10002080       0x6c src/CMakeFiles/Multitarefa_RTOS.dir/C_/Users/oinha/.pico-sdk/sdk/2.1.1/src/rp2_common/pico_double/double_aeabi_rp2040.S.obj
                0x10002080                __wrap___aeabi_cdrcmple
                0x10002090                __wrap___aeabi_cdcmpeq
                0x10002090                __wrap___aeabi_cdcmple
 .text.__wrap___aeabi_dcmplt
                0x100020ec        0xc src/CMakeFiles/Multitarefa_RTOS.dir/C_/Users/oinha/.pico-sdk/sdk/2.1.1/src/rp2_common/pico_double/double_aeabi_rp2040.S.obj
                0x100020ec                __wrap___aeabi_dcmplt
 .text.__wrap___aeabi_dcmple
                0x100020f8       0x10 src/CMakeFiles/Multitarefa_RTOS.dir/C_/Users/oinha/.pico-sdk/sdk/2.1.1/src/rp2_common/pico_double/double_aeabi_rp2040.S.obj
                0x100020f8                __wrap___aeabi_dcmple
 .text.__wrap___aeabi_dcmpge
                0x10002108       0x10 src/CMakeFiles/Multitarefa_RTOS.dir/C_/Users/oinha/.pico-sdk/sdk/2.1.1/src/rp2_common/pico_double/double_aeabi_rp2040.S.obj
                0x10002108                __wrap___aeabi_dcmpge
 .text.__wrap___aeabi_dcmpgt
                0x10002118        0xa src/CMakeFiles/Multitarefa_RTOS.dir/C_/Users/oinha/.pico-sdk/sdk/2.1.1/src/rp2_common/pico_double/double_aeabi_rp2040.S.obj
                0x10002118                __wrap___aeabi_dcmpgt
 .text.__wrap___aeabi_dcmpun
                0x10002122       0x18 src/CMakeFiles/Multitarefa_RTOS.dir/C_/Users/oinha/.pico-sdk/sdk/2.1.1/src/rp2_common/pico_double/double_aeabi_rp2040.S.obj
                0x10002122                __wrap___aeabi_dcmpun
 *fill*         0x1000213a        0x2 
 .text.__wrap___aeabi_i2d
                0x1000213c       0x38 src/CMakeFiles/Multitarefa_RTOS.dir/C_/Users/oinha/.pico-sdk/sdk/2.1.1/src/rp2_common/pico_double/double_aeabi_rp2040.S.obj
                0x1000213c                uint2double
                0x1000213c                __wrap___aeabi_ui2d
                0x10002144                int2double
                0x10002144                __wrap___aeabi_i2d
 .text.__wrap___aeabi_d2iz
                0x10002174       0x48 src/CMakeFiles/Multitarefa_RTOS.dir/C_/Users/oinha/.pico-sdk/sdk/2.1.1/src/rp2_common/pico_double/double_aeabi_rp2040.S.obj
                0x10002174                double2int_z
                0x10002174                __wrap___aeabi_d2iz
 .text.__wrap___aeabi_d2uiz
                0x100021bc       0x10 src/CMakeFiles/Multitarefa_RTOS.dir/C_/Users/oinha/.pico-sdk/sdk/2.1.1/src/rp2_common/pico_double/double_aeabi_rp2040.S.obj
                0x100021bc                double2uint
                0x100021bc                __wrap___aeabi_d2uiz
                0x100021bc                double2uint_z
 .text.missing_double_func_shim
                0x100021cc        0xc src/CMakeFiles/Multitarefa_RTOS.dir/C_/Users/oinha/.pico-sdk/sdk/2.1.1/src/rp2_common/pico_double/double_init_rom_rp2040.c.obj
 .text.__aeabi_double_init
                0x100021d8       0xa0 src/CMakeFiles/Multitarefa_RTOS.dir/C_/Users/oinha/.pico-sdk/sdk/2.1.1/src/rp2_common/pico_double/double_init_rom_rp2040.c.obj
                0x100021d8                __aeabi_double_init
 .text.double_table_shim_on_use_helper
                0x10002278       0x2c src/CMakeFiles/Multitarefa_RTOS.dir/C_/Users/oinha/.pico-sdk/sdk/2.1.1/src/rp2_common/pico_double/double_v1_rom_shim_rp2040.S.obj
                0x10002278                double_table_shim_on_use_helper
 .text.__aeabi_lmul
                0x100022a4       0x32 src/CMakeFiles/Multitarefa_RTOS.dir/C_/Users/oinha/.pico-sdk/sdk/2.1.1/src/rp2_common/pico_int64_ops/pico_int64_ops_aeabi.S.obj
                0x100022a4                __wrap___aeabi_lmul
 *fill*         0x100022d6        0x2 
 .text.missing_float_func_shim
                0x100022d8        0xc src/CMakeFiles/Multitarefa_RTOS.dir/C_/Users/oinha/.pico-sdk/sdk/2.1.1/src/rp2_common/pico_float/float_init_rom_rp2040.c.obj
 .text.__aeabi_float_init
                0x100022e4       0x5c src/CMakeFiles/Multitarefa_RTOS.dir/C_/Users/oinha/.pico-sdk/sdk/2.1.1/src/rp2_common/pico_float/float_init_rom_rp2040.c.obj
                0x100022e4                __aeabi_float_init
 .text          0x10002340       0x10 src/CMakeFiles/Multitarefa_RTOS.dir/C_/Users/oinha/.pico-sdk/sdk/2.1.1/src/rp2_common/pico_mem_ops/mem_ops_aeabi.S.obj
                0x10002340                __aeabi_mem_init
 .text.memset   0x10002350        0xc src/CMakeFiles/Multitarefa_RTOS.dir/C_/Users/oinha/.pico-sdk/sdk/2.1.1/src/rp2_common/pico_mem_ops/mem_ops_aeabi.S.obj
                0x10002350                __wrap_memset
 .text.memcpy   0x1000235c        0xc src/CMakeFiles/Multitarefa_RTOS.dir/C_/Users/oinha/.pico-sdk/sdk/2.1.1/src/rp2_common/pico_mem_ops/mem_ops_aeabi.S.obj
                0x1000235c                __wrap_memcpy
                0x1000235c                __wrap___aeabi_memcpy
 .text._out_null
                0x10002368        0x4 src/CMakeFiles/Multitarefa_RTOS.dir/C_/Users/oinha/.pico-sdk/sdk/2.1.1/src/rp2_common/pico_printf/printf.c.obj
 .text._out_rev
                0x1000236c       0xac src/CMakeFiles/Multitarefa_RTOS.dir/C_/Users/oinha/.pico-sdk/sdk/2.1.1/src/rp2_common/pico_printf/printf.c.obj
 .text._ntoa_format
                0x10002418      0x1cc src/CMakeFiles/Multitarefa_RTOS.dir/C_/Users/oinha/.pico-sdk/sdk/2.1.1/src/rp2_common/pico_printf/printf.c.obj
 .text._out_char
                0x100025e4       0x10 src/CMakeFiles/Multitarefa_RTOS.dir/C_/Users/oinha/.pico-sdk/sdk/2.1.1/src/rp2_common/pico_printf/printf.c.obj
 .text._out_fct
                0x100025f4       0x10 src/CMakeFiles/Multitarefa_RTOS.dir/C_/Users/oinha/.pico-sdk/sdk/2.1.1/src/rp2_common/pico_printf/printf.c.obj
 .text._ftoa    0x10002604      0x4a8 src/CMakeFiles/Multitarefa_RTOS.dir/C_/Users/oinha/.pico-sdk/sdk/2.1.1/src/rp2_common/pico_printf/printf.c.obj
 .text._etoa    0x10002aac      0x57c src/CMakeFiles/Multitarefa_RTOS.dir/C_/Users/oinha/.pico-sdk/sdk/2.1.1/src/rp2_common/pico_printf/printf.c.obj
 .text._vsnprintf
                0x10003028      0xbe0 src/CMakeFiles/Multitarefa_RTOS.dir/C_/Users/oinha/.pico-sdk/sdk/2.1.1/src/rp2_common/pico_printf/printf.c.obj
 .text.vfctprintf
                0x10003c08       0x24 src/CMakeFiles/Multitarefa_RTOS.dir/C_/Users/oinha/.pico-sdk/sdk/2.1.1/src/rp2_common/pico_printf/printf.c.obj
                0x10003c08                vfctprintf
 .text.weak_raw_vprintf
                0x10003c2c       0x30 src/CMakeFiles/Multitarefa_RTOS.dir/C_/Users/oinha/.pico-sdk/sdk/2.1.1/src/rp2_common/pico_printf/printf.c.obj
                0x10003c2c                weak_raw_vprintf
 .text._exit    0x10003c5c        0x4 src/CMakeFiles/Multitarefa_RTOS.dir/C_/Users/oinha/.pico-sdk/sdk/2.1.1/src/rp2_common/pico_clib_interface/newlib_interface.c.obj
                0x10003c5c                _exit
 .text.exit     0x10003c60        0x8 src/CMakeFiles/Multitarefa_RTOS.dir/C_/Users/oinha/.pico-sdk/sdk/2.1.1/src/rp2_common/pico_clib_interface/newlib_interface.c.obj
                0x10003c60                exit
 .text.runtime_init
                0x10003c68       0x2c src/CMakeFiles/Multitarefa_RTOS.dir/C_/Users/oinha/.pico-sdk/sdk/2.1.1/src/rp2_common/pico_clib_interface/newlib_interface.c.obj
                0x10003c68                runtime_init
 .text.stdio_out_chars_no_crlf
                0x10003c94       0x10 src/CMakeFiles/Multitarefa_RTOS.dir/C_/Users/oinha/.pico-sdk/sdk/2.1.1/src/rp2_common/pico_stdio/stdio.c.obj
 .text.stdio_out_chars_crlf
                0x10003ca4       0xb0 src/CMakeFiles/Multitarefa_RTOS.dir/C_/Users/oinha/.pico-sdk/sdk/2.1.1/src/rp2_common/pico_stdio/stdio.c.obj
 .text.stdio_buffered_printer
                0x10003d54       0x64 src/CMakeFiles/Multitarefa_RTOS.dir/C_/Users/oinha/.pico-sdk/sdk/2.1.1/src/rp2_common/pico_stdio/stdio.c.obj
 .text.stdio_put_string
                0x10003db8       0xfc src/CMakeFiles/Multitarefa_RTOS.dir/C_/Users/oinha/.pico-sdk/sdk/2.1.1/src/rp2_common/pico_stdio/stdio.c.obj
                0x10003db8                stdio_put_string
 .text.stdio_set_driver_enabled
                0x10003eb4       0x30 src/CMakeFiles/Multitarefa_RTOS.dir/C_/Users/oinha/.pico-sdk/sdk/2.1.1/src/rp2_common/pico_stdio/stdio.c.obj
                0x10003eb4                stdio_set_driver_enabled
 .text.stdio_init_all
                0x10003ee4        0x8 src/CMakeFiles/Multitarefa_RTOS.dir/C_/Users/oinha/.pico-sdk/sdk/2.1.1/src/rp2_common/pico_stdio/stdio.c.obj
                0x10003ee4                stdio_init_all
 .text.__wrap_putchar
                0x10003eec       0x94 src/CMakeFiles/Multitarefa_RTOS.dir/C_/Users/oinha/.pico-sdk/sdk/2.1.1/src/rp2_common/pico_stdio/stdio.c.obj
                0x10003eec                __wrap_putchar
                0x10003eec                stdio_putchar
 .text.__wrap_puts
                0x10003f80       0x3c src/CMakeFiles/Multitarefa_RTOS.dir/C_/Users/oinha/.pico-sdk/sdk/2.1.1/src/rp2_common/pico_stdio/stdio.c.obj
                0x10003f80                stdio_puts
                0x10003f80                __wrap_puts
 .text.__wrap_vprintf
                0x10003fbc       0xcc src/CMakeFiles/Multitarefa_RTOS.dir/C_/Users/oinha/.pico-sdk/sdk/2.1.1/src/rp2_common/pico_stdio/stdio.c.obj
                0x10003fbc                stdio_vprintf
                0x10003fbc                __wrap_vprintf
 .text.__wrap_printf
                0x10004088       0x18 src/CMakeFiles/Multitarefa_RTOS.dir/C_/Users/oinha/.pico-sdk/sdk/2.1.1/src/rp2_common/pico_stdio/stdio.c.obj
                0x10004088                __wrap_printf
                0x10004088                stdio_printf
 .text.resetd_init
                0x100040a0        0x4 src/CMakeFiles/Multitarefa_RTOS.dir/C_/Users/oinha/.pico-sdk/sdk/2.1.1/src/rp2_common/pico_stdio_usb/reset_interface.c.obj
 .text.resetd_reset
                0x100040a4        0xc src/CMakeFiles/Multitarefa_RTOS.dir/C_/Users/oinha/.pico-sdk/sdk/2.1.1/src/rp2_common/pico_stdio_usb/reset_interface.c.obj
 .text.resetd_open
                0x100040b0       0x28 src/CMakeFiles/Multitarefa_RTOS.dir/C_/Users/oinha/.pico-sdk/sdk/2.1.1/src/rp2_common/pico_stdio_usb/reset_interface.c.obj
 .text.resetd_xfer_cb
                0x100040d8        0x4 src/CMakeFiles/Multitarefa_RTOS.dir/C_/Users/oinha/.pico-sdk/sdk/2.1.1/src/rp2_common/pico_stdio_usb/reset_interface.c.obj
 .text.resetd_control_xfer_cb
                0x100040dc       0x54 src/CMakeFiles/Multitarefa_RTOS.dir/C_/Users/oinha/.pico-sdk/sdk/2.1.1/src/rp2_common/pico_stdio_usb/reset_interface.c.obj
 .text.tud_descriptor_bos_cb
                0x10004130        0x8 src/CMakeFiles/Multitarefa_RTOS.dir/C_/Users/oinha/.pico-sdk/sdk/2.1.1/src/rp2_common/pico_stdio_usb/reset_interface.c.obj
                0x10004130                tud_descriptor_bos_cb
 .text.tud_vendor_control_xfer_cb
                0x10004138       0x34 src/CMakeFiles/Multitarefa_RTOS.dir/C_/Users/oinha/.pico-sdk/sdk/2.1.1/src/rp2_common/pico_stdio_usb/reset_interface.c.obj
                0x10004138                tud_vendor_control_xfer_cb
 .text.usbd_app_driver_get_cb
                0x1000416c        0xc src/CMakeFiles/Multitarefa_RTOS.dir/C_/Users/oinha/.pico-sdk/sdk/2.1.1/src/rp2_common/pico_stdio_usb/reset_interface.c.obj
                0x1000416c                usbd_app_driver_get_cb
 .text.tud_cdc_line_coding_cb
                0x10004178       0x2c src/CMakeFiles/Multitarefa_RTOS.dir/C_/Users/oinha/.pico-sdk/sdk/2.1.1/src/rp2_common/pico_stdio_usb/reset_interface.c.obj
                0x10004178                tud_cdc_line_coding_cb
 .text.stdio_usb_set_chars_available_callback
                0x100041a4       0x14 src/CMakeFiles/Multitarefa_RTOS.dir/C_/Users/oinha/.pico-sdk/sdk/2.1.1/src/rp2_common/pico_stdio_usb/stdio_usb.c.obj
                0x100041a4                stdio_usb_set_chars_available_callback
 .text.usb_irq  0x100041b8       0x10 src/CMakeFiles/Multitarefa_RTOS.dir/C_/Users/oinha/.pico-sdk/sdk/2.1.1/src/rp2_common/pico_stdio_usb/stdio_usb.c.obj
 .text.timer_task
                0x100041c8       0x64 src/CMakeFiles/Multitarefa_RTOS.dir/C_/Users/oinha/.pico-sdk/sdk/2.1.1/src/rp2_common/pico_stdio_usb/stdio_usb.c.obj
 .text.stdio_usb_in_chars
                0x1000422c       0x8c src/CMakeFiles/Multitarefa_RTOS.dir/C_/Users/oinha/.pico-sdk/sdk/2.1.1/src/rp2_common/pico_stdio_usb/stdio_usb.c.obj
                0x1000422c                stdio_usb_in_chars
 .text.stdio_usb_out_flush
                0x100042b8       0x4c src/CMakeFiles/Multitarefa_RTOS.dir/C_/Users/oinha/.pico-sdk/sdk/2.1.1/src/rp2_common/pico_stdio_usb/stdio_usb.c.obj
 .text.stdio_usb_out_chars
                0x10004304      0x100 src/CMakeFiles/Multitarefa_RTOS.dir/C_/Users/oinha/.pico-sdk/sdk/2.1.1/src/rp2_common/pico_stdio_usb/stdio_usb.c.obj
 .text.low_priority_worker_irq
                0x10004404       0xc8 src/CMakeFiles/Multitarefa_RTOS.dir/C_/Users/oinha/.pico-sdk/sdk/2.1.1/src/rp2_common/pico_stdio_usb/stdio_usb.c.obj
 .text.stdio_usb_init
                0x100044cc       0xe8 src/CMakeFiles/Multitarefa_RTOS.dir/C_/Users/oinha/.pico-sdk/sdk/2.1.1/src/rp2_common/pico_stdio_usb/stdio_usb.c.obj
                0x100044cc                stdio_usb_init
 .text.tud_descriptor_device_cb
                0x100045b4        0x8 src/CMakeFiles/Multitarefa_RTOS.dir/C_/Users/oinha/.pico-sdk/sdk/2.1.1/src/rp2_common/pico_stdio_usb/stdio_usb_descriptors.c.obj
                0x100045b4                tud_descriptor_device_cb
 .text.tud_descriptor_configuration_cb
                0x100045bc        0x8 src/CMakeFiles/Multitarefa_RTOS.dir/C_/Users/oinha/.pico-sdk/sdk/2.1.1/src/rp2_common/pico_stdio_usb/stdio_usb_descriptors.c.obj
                0x100045bc                tud_descriptor_configuration_cb
 .text.tud_descriptor_string_cb
                0x100045c4       0x78 src/CMakeFiles/Multitarefa_RTOS.dir/C_/Users/oinha/.pico-sdk/sdk/2.1.1/src/rp2_common/pico_stdio_usb/stdio_usb_descriptors.c.obj
                0x100045c4                tud_descriptor_string_cb
 .text.startup._retrieve_unique_id_on_boot
                0x1000463c       0x10 src/CMakeFiles/Multitarefa_RTOS.dir/C_/Users/oinha/.pico-sdk/sdk/2.1.1/src/rp2_common/pico_unique_id/unique_id.c.obj
 .text.pico_get_unique_board_id_string
                0x1000464c      0x1a8 src/CMakeFiles/Multitarefa_RTOS.dir/C_/Users/oinha/.pico-sdk/sdk/2.1.1/src/rp2_common/pico_unique_id/unique_id.c.obj
                0x1000464c                pico_get_unique_board_id_string
 .text.flash_get_unique_id
                0x100047f4       0x3c src/CMakeFiles/Multitarefa_RTOS.dir/C_/Users/oinha/.pico-sdk/sdk/2.1.1/src/rp2_common/hardware_flash/flash.c.obj
                0x100047f4                flash_get_unique_id
 .text.dcd_init
                0x10004830       0x90 src/CMakeFiles/Multitarefa_RTOS.dir/C_/Users/oinha/.pico-sdk/sdk/2.1.1/lib/tinyusb/src/portable/raspberrypi/rp2040/dcd_rp2040.c.obj
                0x10004830                dcd_init
 .text.dcd_int_enable
                0x100048c0        0xc src/CMakeFiles/Multitarefa_RTOS.dir/C_/Users/oinha/.pico-sdk/sdk/2.1.1/lib/tinyusb/src/portable/raspberrypi/rp2040/dcd_rp2040.c.obj
                0x100048c0                dcd_int_enable
 .text.dcd_set_address
                0x100048cc       0x14 src/CMakeFiles/Multitarefa_RTOS.dir/C_/Users/oinha/.pico-sdk/sdk/2.1.1/lib/tinyusb/src/portable/raspberrypi/rp2040/dcd_rp2040.c.obj
                0x100048cc                dcd_set_address
 .text.dcd_sof_enable
                0x100048e0       0x1c src/CMakeFiles/Multitarefa_RTOS.dir/C_/Users/oinha/.pico-sdk/sdk/2.1.1/lib/tinyusb/src/portable/raspberrypi/rp2040/dcd_rp2040.c.obj
                0x100048e0                dcd_sof_enable
 .text.dcd_edpt0_status_complete
                0x100048fc       0x1c src/CMakeFiles/Multitarefa_RTOS.dir/C_/Users/oinha/.pico-sdk/sdk/2.1.1/lib/tinyusb/src/portable/raspberrypi/rp2040/dcd_rp2040.c.obj
                0x100048fc                dcd_edpt0_status_complete
 .text.dcd_edpt_open
                0x10004918      0x114 src/CMakeFiles/Multitarefa_RTOS.dir/C_/Users/oinha/.pico-sdk/sdk/2.1.1/lib/tinyusb/src/portable/raspberrypi/rp2040/dcd_rp2040.c.obj
                0x10004918                dcd_edpt_open
 .text.dcd_edpt_close_all
                0x10004a2c        0x8 src/CMakeFiles/Multitarefa_RTOS.dir/C_/Users/oinha/.pico-sdk/sdk/2.1.1/lib/tinyusb/src/portable/raspberrypi/rp2040/dcd_rp2040.c.obj
                0x10004a2c                dcd_edpt_close_all
 .text.dcd_edpt_xfer
                0x10004a34       0x24 src/CMakeFiles/Multitarefa_RTOS.dir/C_/Users/oinha/.pico-sdk/sdk/2.1.1/lib/tinyusb/src/portable/raspberrypi/rp2040/dcd_rp2040.c.obj
                0x10004a34                dcd_edpt_xfer
 .text.dcd_edpt_stall
                0x10004a58       0x3c src/CMakeFiles/Multitarefa_RTOS.dir/C_/Users/oinha/.pico-sdk/sdk/2.1.1/lib/tinyusb/src/portable/raspberrypi/rp2040/dcd_rp2040.c.obj
                0x10004a58                dcd_edpt_stall
 .text.dcd_edpt_clear_stall
                0x10004a94       0x30 src/CMakeFiles/Multitarefa_RTOS.dir/C_/Users/oinha/.pico-sdk/sdk/2.1.1/lib/tinyusb/src/portable/raspberrypi/rp2040/dcd_rp2040.c.obj
                0x10004a94                dcd_edpt_clear_stall
 .text.rp2040_usb_init
                0x10004ac4       0x40 src/CMakeFiles/Multitarefa_RTOS.dir/C_/Users/oinha/.pico-sdk/sdk/2.1.1/lib/tinyusb/src/portable/raspberrypi/rp2040/rp2040_usb.c.obj
                0x10004ac4                rp2040_usb_init
 .text.hw_endpoint_xfer_start
                0x10004b04       0x40 src/CMakeFiles/Multitarefa_RTOS.dir/C_/Users/oinha/.pico-sdk/sdk/2.1.1/lib/tinyusb/src/portable/raspberrypi/rp2040/rp2040_usb.c.obj
                0x10004b04                hw_endpoint_xfer_start
 .text.tud_event_hook_cb
                0x10004b44        0x4 src/CMakeFiles/Multitarefa_RTOS.dir/C_/Users/oinha/.pico-sdk/sdk/2.1.1/lib/tinyusb/src/device/usbd.c.obj
                0x10004b44                tud_event_hook_cb
 .text.tud_sof_cb
                0x10004b48        0x4 src/CMakeFiles/Multitarefa_RTOS.dir/C_/Users/oinha/.pico-sdk/sdk/2.1.1/lib/tinyusb/src/device/usbd.c.obj
                0x10004b48                tud_sof_cb
 .text.tud_descriptor_device_qualifier_cb
                0x10004b4c        0x4 src/CMakeFiles/Multitarefa_RTOS.dir/C_/Users/oinha/.pico-sdk/sdk/2.1.1/lib/tinyusb/src/device/usbd.c.obj
                0x10004b4c                tud_descriptor_device_qualifier_cb
 .text.tud_descriptor_other_speed_configuration_cb
                0x10004b50        0x4 src/CMakeFiles/Multitarefa_RTOS.dir/C_/Users/oinha/.pico-sdk/sdk/2.1.1/lib/tinyusb/src/device/usbd.c.obj
                0x10004b50                tud_descriptor_other_speed_configuration_cb
 .text.tud_mount_cb
                0x10004b54        0x4 src/CMakeFiles/Multitarefa_RTOS.dir/C_/Users/oinha/.pico-sdk/sdk/2.1.1/lib/tinyusb/src/device/usbd.c.obj
                0x10004b54                tud_mount_cb
 .text.tud_umount_cb
                0x10004b58        0x4 src/CMakeFiles/Multitarefa_RTOS.dir/C_/Users/oinha/.pico-sdk/sdk/2.1.1/lib/tinyusb/src/device/usbd.c.obj
                0x10004b58                tud_umount_cb
 .text.tud_suspend_cb
                0x10004b5c        0x4 src/CMakeFiles/Multitarefa_RTOS.dir/C_/Users/oinha/.pico-sdk/sdk/2.1.1/lib/tinyusb/src/device/usbd.c.obj
                0x10004b5c                tud_suspend_cb
 .text.tud_resume_cb
                0x10004b60        0x4 src/CMakeFiles/Multitarefa_RTOS.dir/C_/Users/oinha/.pico-sdk/sdk/2.1.1/lib/tinyusb/src/device/usbd.c.obj
                0x10004b60                tud_resume_cb
 .text.tud_mounted
                0x10004b64       0x10 src/CMakeFiles/Multitarefa_RTOS.dir/C_/Users/oinha/.pico-sdk/sdk/2.1.1/lib/tinyusb/src/device/usbd.c.obj
                0x10004b64                tud_mounted
 .text.tud_suspended
                0x10004b74       0x10 src/CMakeFiles/Multitarefa_RTOS.dir/C_/Users/oinha/.pico-sdk/sdk/2.1.1/lib/tinyusb/src/device/usbd.c.obj
                0x10004b74                tud_suspended
 .text.tud_rhport_init
                0x10004b84       0xf4 src/CMakeFiles/Multitarefa_RTOS.dir/C_/Users/oinha/.pico-sdk/sdk/2.1.1/lib/tinyusb/src/device/usbd.c.obj
                0x10004b84                tud_rhport_init
 .text.tud_task_ext
                0x10004c78      0x800 src/CMakeFiles/Multitarefa_RTOS.dir/C_/Users/oinha/.pico-sdk/sdk/2.1.1/lib/tinyusb/src/device/usbd.c.obj
                0x10004c78                tud_task_ext
 .text.usbd_open_edpt_pair
                0x10005478       0x9c src/CMakeFiles/Multitarefa_RTOS.dir/C_/Users/oinha/.pico-sdk/sdk/2.1.1/lib/tinyusb/src/device/usbd.c.obj
                0x10005478                usbd_open_edpt_pair
 .text.usbd_edpt_open
                0x10005514       0x34 src/CMakeFiles/Multitarefa_RTOS.dir/C_/Users/oinha/.pico-sdk/sdk/2.1.1/lib/tinyusb/src/device/usbd.c.obj
                0x10005514                usbd_edpt_open
 .text.usbd_edpt_claim
                0x10005548       0x28 src/CMakeFiles/Multitarefa_RTOS.dir/C_/Users/oinha/.pico-sdk/sdk/2.1.1/lib/tinyusb/src/device/usbd.c.obj
                0x10005548                usbd_edpt_claim
 .text.usbd_edpt_release
                0x10005570       0x28 src/CMakeFiles/Multitarefa_RTOS.dir/C_/Users/oinha/.pico-sdk/sdk/2.1.1/lib/tinyusb/src/device/usbd.c.obj
                0x10005570                usbd_edpt_release
 .text.usbd_edpt_xfer
                0x10005598       0x4c src/CMakeFiles/Multitarefa_RTOS.dir/C_/Users/oinha/.pico-sdk/sdk/2.1.1/lib/tinyusb/src/device/usbd.c.obj
                0x10005598                usbd_edpt_xfer
 .text.tud_control_status
                0x100055e4       0x2c src/CMakeFiles/Multitarefa_RTOS.dir/C_/Users/oinha/.pico-sdk/sdk/2.1.1/lib/tinyusb/src/device/usbd_control.c.obj
                0x100055e4                tud_control_status
 .text.tud_control_xfer
                0x10005610       0xa8 src/CMakeFiles/Multitarefa_RTOS.dir/C_/Users/oinha/.pico-sdk/sdk/2.1.1/lib/tinyusb/src/device/usbd_control.c.obj
                0x10005610                tud_control_xfer
 .text.usbd_control_reset
                0x100056b8       0x14 src/CMakeFiles/Multitarefa_RTOS.dir/C_/Users/oinha/.pico-sdk/sdk/2.1.1/lib/tinyusb/src/device/usbd_control.c.obj
                0x100056b8                usbd_control_reset
 .text.usbd_control_set_complete_callback
                0x100056cc        0xc src/CMakeFiles/Multitarefa_RTOS.dir/C_/Users/oinha/.pico-sdk/sdk/2.1.1/lib/tinyusb/src/device/usbd_control.c.obj
                0x100056cc                usbd_control_set_complete_callback
 .text.usbd_control_set_request
                0x100056d8       0x1c src/CMakeFiles/Multitarefa_RTOS.dir/C_/Users/oinha/.pico-sdk/sdk/2.1.1/lib/tinyusb/src/device/usbd_control.c.obj
                0x100056d8                usbd_control_set_request
 .text.usbd_control_xfer_cb
                0x100056f4       0xec src/CMakeFiles/Multitarefa_RTOS.dir/C_/Users/oinha/.pico-sdk/sdk/2.1.1/lib/tinyusb/src/device/usbd_control.c.obj
                0x100056f4                usbd_control_xfer_cb
 .text._prep_out_transaction.isra.0
                0x100057e0       0x6c src/CMakeFiles/Multitarefa_RTOS.dir/C_/Users/oinha/.pico-sdk/sdk/2.1.1/lib/tinyusb/src/class/cdc/cdc_device.c.obj
 .text.tud_cdc_n_connected
                0x1000584c       0x2c src/CMakeFiles/Multitarefa_RTOS.dir/C_/Users/oinha/.pico-sdk/sdk/2.1.1/lib/tinyusb/src/class/cdc/cdc_device.c.obj
                0x1000584c                tud_cdc_n_connected
 .text.tud_cdc_n_available
                0x10005878       0x14 src/CMakeFiles/Multitarefa_RTOS.dir/C_/Users/oinha/.pico-sdk/sdk/2.1.1/lib/tinyusb/src/class/cdc/cdc_device.c.obj
                0x10005878                tud_cdc_n_available
 .text.tud_cdc_n_read
                0x1000588c       0x88 src/CMakeFiles/Multitarefa_RTOS.dir/C_/Users/oinha/.pico-sdk/sdk/2.1.1/lib/tinyusb/src/class/cdc/cdc_device.c.obj
                0x1000588c                tud_cdc_n_read
 .text.tud_cdc_n_write_flush
                0x10005914       0x74 src/CMakeFiles/Multitarefa_RTOS.dir/C_/Users/oinha/.pico-sdk/sdk/2.1.1/lib/tinyusb/src/class/cdc/cdc_device.c.obj
                0x10005914                tud_cdc_n_write_flush
 .text.tud_cdc_n_write
                0x10005988       0x40 src/CMakeFiles/Multitarefa_RTOS.dir/C_/Users/oinha/.pico-sdk/sdk/2.1.1/lib/tinyusb/src/class/cdc/cdc_device.c.obj
                0x10005988                tud_cdc_n_write
 .text.tud_cdc_n_write_available
                0x100059c8       0x14 src/CMakeFiles/Multitarefa_RTOS.dir/C_/Users/oinha/.pico-sdk/sdk/2.1.1/lib/tinyusb/src/class/cdc/cdc_device.c.obj
                0x100059c8                tud_cdc_n_write_available
 .text.cdcd_init
                0x100059dc       0x70 src/CMakeFiles/Multitarefa_RTOS.dir/C_/Users/oinha/.pico-sdk/sdk/2.1.1/lib/tinyusb/src/class/cdc/cdc_device.c.obj
                0x100059dc                cdcd_init
 .text.cdcd_deinit
                0x10005a4c       0x30 src/CMakeFiles/Multitarefa_RTOS.dir/C_/Users/oinha/.pico-sdk/sdk/2.1.1/lib/tinyusb/src/class/cdc/cdc_device.c.obj
                0x10005a4c                cdcd_deinit
 .text.cdcd_reset
                0x10005a7c       0x4c src/CMakeFiles/Multitarefa_RTOS.dir/C_/Users/oinha/.pico-sdk/sdk/2.1.1/lib/tinyusb/src/class/cdc/cdc_device.c.obj
                0x10005a7c                cdcd_reset
 .text.cdcd_open
                0x10005ac8       0xa4 src/CMakeFiles/Multitarefa_RTOS.dir/C_/Users/oinha/.pico-sdk/sdk/2.1.1/lib/tinyusb/src/class/cdc/cdc_device.c.obj
                0x10005ac8                cdcd_open
 .text.cdcd_control_xfer_cb
                0x10005b6c       0xe8 src/CMakeFiles/Multitarefa_RTOS.dir/C_/Users/oinha/.pico-sdk/sdk/2.1.1/lib/tinyusb/src/class/cdc/cdc_device.c.obj
                0x10005b6c                cdcd_control_xfer_cb
 .text.cdcd_xfer_cb
                0x10005c54      0x100 src/CMakeFiles/Multitarefa_RTOS.dir/C_/Users/oinha/.pico-sdk/sdk/2.1.1/lib/tinyusb/src/class/cdc/cdc_device.c.obj
                0x10005c54                cdcd_xfer_cb
 .text.vendord_init
                0x10005d54       0x5c src/CMakeFiles/Multitarefa_RTOS.dir/C_/Users/oinha/.pico-sdk/sdk/2.1.1/lib/tinyusb/src/class/vendor/vendor_device.c.obj
                0x10005d54                vendord_init
 .text.vendord_deinit
                0x10005db0       0x1c src/CMakeFiles/Multitarefa_RTOS.dir/C_/Users/oinha/.pico-sdk/sdk/2.1.1/lib/tinyusb/src/class/vendor/vendor_device.c.obj
                0x10005db0                vendord_deinit
 .text.vendord_reset
                0x10005dcc       0x28 src/CMakeFiles/Multitarefa_RTOS.dir/C_/Users/oinha/.pico-sdk/sdk/2.1.1/lib/tinyusb/src/class/vendor/vendor_device.c.obj
                0x10005dcc                vendord_reset
 .text.vendord_open
                0x10005df4      0x120 src/CMakeFiles/Multitarefa_RTOS.dir/C_/Users/oinha/.pico-sdk/sdk/2.1.1/lib/tinyusb/src/class/vendor/vendor_device.c.obj
                0x10005df4                vendord_open
 .text.vendord_xfer_cb
                0x10005f14       0x9c src/CMakeFiles/Multitarefa_RTOS.dir/C_/Users/oinha/.pico-sdk/sdk/2.1.1/lib/tinyusb/src/class/vendor/vendor_device.c.obj
                0x10005f14                vendord_xfer_cb
 .text.tusb_rhport_init
                0x10005fb0       0x4c src/CMakeFiles/Multitarefa_RTOS.dir/C_/Users/oinha/.pico-sdk/sdk/2.1.1/lib/tinyusb/src/tusb.c.obj
                0x10005fb0                tusb_rhport_init
 .text.tu_edpt_claim
                0x10005ffc       0x50 src/CMakeFiles/Multitarefa_RTOS.dir/C_/Users/oinha/.pico-sdk/sdk/2.1.1/lib/tinyusb/src/tusb.c.obj
                0x10005ffc                tu_edpt_claim
 .text.tu_edpt_release
                0x1000604c       0x38 src/CMakeFiles/Multitarefa_RTOS.dir/C_/Users/oinha/.pico-sdk/sdk/2.1.1/lib/tinyusb/src/tusb.c.obj
                0x1000604c                tu_edpt_release
 .text.tu_edpt_validate
                0x10006084       0x7c src/CMakeFiles/Multitarefa_RTOS.dir/C_/Users/oinha/.pico-sdk/sdk/2.1.1/lib/tinyusb/src/tusb.c.obj
                0x10006084                tu_edpt_validate
 .text.tu_edpt_bind_driver
                0x10006100       0x34 src/CMakeFiles/Multitarefa_RTOS.dir/C_/Users/oinha/.pico-sdk/sdk/2.1.1/lib/tinyusb/src/tusb.c.obj
                0x10006100                tu_edpt_bind_driver
 .text.tu_edpt_stream_init
                0x10006134       0x6c src/CMakeFiles/Multitarefa_RTOS.dir/C_/Users/oinha/.pico-sdk/sdk/2.1.1/lib/tinyusb/src/tusb.c.obj
                0x10006134                tu_edpt_stream_init
 .text.tu_edpt_stream_deinit
                0x100061a0        0x4 src/CMakeFiles/Multitarefa_RTOS.dir/C_/Users/oinha/.pico-sdk/sdk/2.1.1/lib/tinyusb/src/tusb.c.obj
                0x100061a0                tu_edpt_stream_deinit
 .text.tu_edpt_stream_write_zlp_if_needed
                0x100061a4       0x68 src/CMakeFiles/Multitarefa_RTOS.dir/C_/Users/oinha/.pico-sdk/sdk/2.1.1/lib/tinyusb/src/tusb.c.obj
                0x100061a4                tu_edpt_stream_write_zlp_if_needed
 .text.tu_edpt_stream_write_xfer
                0x1000620c       0x68 src/CMakeFiles/Multitarefa_RTOS.dir/C_/Users/oinha/.pico-sdk/sdk/2.1.1/lib/tinyusb/src/tusb.c.obj
                0x1000620c                tu_edpt_stream_write_xfer
 .text.tu_edpt_stream_read_xfer
                0x10006274       0xd8 src/CMakeFiles/Multitarefa_RTOS.dir/C_/Users/oinha/.pico-sdk/sdk/2.1.1/lib/tinyusb/src/tusb.c.obj
                0x10006274                tu_edpt_stream_read_xfer
 .text.tu_fifo_config
                0x1000634c       0x6c src/CMakeFiles/Multitarefa_RTOS.dir/C_/Users/oinha/.pico-sdk/sdk/2.1.1/lib/tinyusb/src/common/tusb_fifo.c.obj
                0x1000634c                tu_fifo_config
 .text.tu_fifo_count
                0x100063b8       0x2c src/CMakeFiles/Multitarefa_RTOS.dir/C_/Users/oinha/.pico-sdk/sdk/2.1.1/lib/tinyusb/src/common/tusb_fifo.c.obj
                0x100063b8                tu_fifo_count
 .text.tu_fifo_empty
                0x100063e4       0x10 src/CMakeFiles/Multitarefa_RTOS.dir/C_/Users/oinha/.pico-sdk/sdk/2.1.1/lib/tinyusb/src/common/tusb_fifo.c.obj
                0x100063e4                tu_fifo_empty
 .text.tu_fifo_remaining
                0x100063f4       0x2c src/CMakeFiles/Multitarefa_RTOS.dir/C_/Users/oinha/.pico-sdk/sdk/2.1.1/lib/tinyusb/src/common/tusb_fifo.c.obj
                0x100063f4                tu_fifo_remaining
 .text.tu_fifo_read
                0x10006420       0x9c src/CMakeFiles/Multitarefa_RTOS.dir/C_/Users/oinha/.pico-sdk/sdk/2.1.1/lib/tinyusb/src/common/tusb_fifo.c.obj
                0x10006420                tu_fifo_read
 .text.tu_fifo_read_n
                0x100064bc       0xe8 src/CMakeFiles/Multitarefa_RTOS.dir/C_/Users/oinha/.pico-sdk/sdk/2.1.1/lib/tinyusb/src/common/tusb_fifo.c.obj
                0x100064bc                tu_fifo_read_n
 .text.tu_fifo_write
                0x100065a4       0xa4 src/CMakeFiles/Multitarefa_RTOS.dir/C_/Users/oinha/.pico-sdk/sdk/2.1.1/lib/tinyusb/src/common/tusb_fifo.c.obj
                0x100065a4                tu_fifo_write
 .text.tu_fifo_write_n
                0x10006648      0x178 src/CMakeFiles/Multitarefa_RTOS.dir/C_/Users/oinha/.pico-sdk/sdk/2.1.1/lib/tinyusb/src/common/tusb_fifo.c.obj
                0x10006648                tu_fifo_write_n
 .text.tu_fifo_clear
                0x100067c0       0x40 src/CMakeFiles/Multitarefa_RTOS.dir/C_/Users/oinha/.pico-sdk/sdk/2.1.1/lib/tinyusb/src/common/tusb_fifo.c.obj
                0x100067c0                tu_fifo_clear
 .text.tu_fifo_set_overwritable
                0x10006800       0x48 src/CMakeFiles/Multitarefa_RTOS.dir/C_/Users/oinha/.pico-sdk/sdk/2.1.1/lib/tinyusb/src/common/tusb_fifo.c.obj
                0x10006800                tu_fifo_set_overwritable
 *fill*         0x10006848        0x8 
 .text.vPortStartFirstTask
                0x10006850       0x34 src/CMakeFiles/Multitarefa_RTOS.dir/__/lib/FreeRTOS-Kernel/portable/ThirdParty/GCC/RP2040/port.c.obj
 *fill*         0x10006884        0xc 
 .text.xPortPendSVHandler
                0x10006890       0x64 src/CMakeFiles/Multitarefa_RTOS.dir/__/lib/FreeRTOS-Kernel/portable/ThirdParty/GCC/RP2040/port.c.obj
                0x10006890                xPortPendSVHandler
 .text.prvTaskExitError
                0x100068f4        0x8 src/CMakeFiles/Multitarefa_RTOS.dir/__/lib/FreeRTOS-Kernel/portable/ThirdParty/GCC/RP2040/port.c.obj
 .text.prvFIFOInterruptHandler
                0x100068fc       0x78 src/CMakeFiles/Multitarefa_RTOS.dir/__/lib/FreeRTOS-Kernel/portable/ThirdParty/GCC/RP2040/port.c.obj
 .text.vPortSVCHandler
                0x10006974        0x4 src/CMakeFiles/Multitarefa_RTOS.dir/__/lib/FreeRTOS-Kernel/portable/ThirdParty/GCC/RP2040/port.c.obj
                0x10006974                vPortSVCHandler
 .text.pxPortInitialiseStack
                0x10006978       0x20 src/CMakeFiles/Multitarefa_RTOS.dir/__/lib/FreeRTOS-Kernel/portable/ThirdParty/GCC/RP2040/port.c.obj
                0x10006978                pxPortInitialiseStack
 .text.vPortYield
                0x10006998       0x18 src/CMakeFiles/Multitarefa_RTOS.dir/__/lib/FreeRTOS-Kernel/portable/ThirdParty/GCC/RP2040/port.c.obj
                0x10006998                vPortYield
 .text.vPortEnterCritical
                0x100069b0       0x18 src/CMakeFiles/Multitarefa_RTOS.dir/__/lib/FreeRTOS-Kernel/portable/ThirdParty/GCC/RP2040/port.c.obj
                0x100069b0                vPortEnterCritical
 .text.vPortExitCritical
                0x100069c8       0x14 src/CMakeFiles/Multitarefa_RTOS.dir/__/lib/FreeRTOS-Kernel/portable/ThirdParty/GCC/RP2040/port.c.obj
                0x100069c8                vPortExitCritical
 .text.ulSetInterruptMaskFromISR
                0x100069dc        0x8 src/CMakeFiles/Multitarefa_RTOS.dir/__/lib/FreeRTOS-Kernel/portable/ThirdParty/GCC/RP2040/port.c.obj
                0x100069dc                ulSetInterruptMaskFromISR
 .text.vClearInterruptMaskFromISR
                0x100069e4        0x8 src/CMakeFiles/Multitarefa_RTOS.dir/__/lib/FreeRTOS-Kernel/portable/ThirdParty/GCC/RP2040/port.c.obj
                0x100069e4                vClearInterruptMaskFromISR
 .text.xPortSysTickHandler
                0x100069ec       0x24 src/CMakeFiles/Multitarefa_RTOS.dir/__/lib/FreeRTOS-Kernel/portable/ThirdParty/GCC/RP2040/port.c.obj
                0x100069ec                xPortSysTickHandler
 .text.vPortSetupTimerInterrupt
                0x10006a10       0x34 src/CMakeFiles/Multitarefa_RTOS.dir/__/lib/FreeRTOS-Kernel/portable/ThirdParty/GCC/RP2040/port.c.obj
                0x10006a10                vPortSetupTimerInterrupt
 .text.xPortStartScheduler
                0x10006a44       0x9c src/CMakeFiles/Multitarefa_RTOS.dir/__/lib/FreeRTOS-Kernel/portable/ThirdParty/GCC/RP2040/port.c.obj
                0x10006a44                xPortStartScheduler
 .text.ulPortLockGetCurrentOwnerId
                0x10006ae0       0x2c src/CMakeFiles/Multitarefa_RTOS.dir/__/lib/FreeRTOS-Kernel/portable/ThirdParty/GCC/RP2040/port.c.obj
                0x10006ae0                ulPortLockGetCurrentOwnerId
 .text.vPortLockInternalSpinUnlockWithNotify
                0x10006b0c       0xc8 src/CMakeFiles/Multitarefa_RTOS.dir/__/lib/FreeRTOS-Kernel/portable/ThirdParty/GCC/RP2040/port.c.obj
                0x10006b0c                vPortLockInternalSpinUnlockWithNotify
 .text.xPortLockInternalSpinUnlockWithBestEffortWaitOrTimeout
                0x10006bd4       0xf4 src/CMakeFiles/Multitarefa_RTOS.dir/__/lib/FreeRTOS-Kernel/portable/ThirdParty/GCC/RP2040/port.c.obj
                0x10006bd4                xPortLockInternalSpinUnlockWithBestEffortWaitOrTimeout
 .text.startup.prvRuntimeInitializer
                0x10006cc8       0x28 src/CMakeFiles/Multitarefa_RTOS.dir/__/lib/FreeRTOS-Kernel/portable/ThirdParty/GCC/RP2040/port.c.obj
 .text.vEventGroupSetBitsCallback
                0x10006cf0       0x90 src/CMakeFiles/Multitarefa_RTOS.dir/__/lib/FreeRTOS-Kernel/event_groups.c.obj
                0x10006cf0                vEventGroupSetBitsCallback
 .text.xEventGroupCreate
                0x10006d80       0x18 src/CMakeFiles/Multitarefa_RTOS.dir/__/lib/FreeRTOS-Kernel/event_groups.c.obj
                0x10006d80                xEventGroupCreate
 .text.xEventGroupWaitBits
                0x10006d98       0xb8 src/CMakeFiles/Multitarefa_RTOS.dir/__/lib/FreeRTOS-Kernel/event_groups.c.obj
                0x10006d98                xEventGroupWaitBits
 .text.xEventGroupSetBits
                0x10006e50       0x9c src/CMakeFiles/Multitarefa_RTOS.dir/__/lib/FreeRTOS-Kernel/event_groups.c.obj
                0x10006e50                xEventGroupSetBits
 .text.xEventGroupSetBitsFromISR
                0x10006eec       0x18 src/CMakeFiles/Multitarefa_RTOS.dir/__/lib/FreeRTOS-Kernel/event_groups.c.obj
                0x10006eec                xEventGroupSetBitsFromISR
 .text.vListInitialise
                0x10006f04       0x18 src/CMakeFiles/Multitarefa_RTOS.dir/__/lib/FreeRTOS-Kernel/list.c.obj
                0x10006f04                vListInitialise
 .text.vListInitialiseItem
                0x10006f1c        0x8 src/CMakeFiles/Multitarefa_RTOS.dir/__/lib/FreeRTOS-Kernel/list.c.obj
                0x10006f1c                vListInitialiseItem
 .text.vListInsert
                0x10006f24       0x30 src/CMakeFiles/Multitarefa_RTOS.dir/__/lib/FreeRTOS-Kernel/list.c.obj
                0x10006f24                vListInsert
 .text.uxListRemove
                0x10006f54       0x20 src/CMakeFiles/Multitarefa_RTOS.dir/__/lib/FreeRTOS-Kernel/list.c.obj
                0x10006f54                uxListRemove
 .text.prvUnlockQueue
                0x10006f74      0x17c src/CMakeFiles/Multitarefa_RTOS.dir/__/lib/FreeRTOS-Kernel/queue.c.obj
 .text.prvNotifyQueueSetContainer
                0x100070f0       0x90 src/CMakeFiles/Multitarefa_RTOS.dir/__/lib/FreeRTOS-Kernel/queue.c.obj
 .text.xQueueGenericCreate
                0x10007180       0xa4 src/CMakeFiles/Multitarefa_RTOS.dir/__/lib/FreeRTOS-Kernel/queue.c.obj
                0x10007180                xQueueGenericCreate
 .text.xQueueCreateCountingSemaphore
                0x10007224       0x68 src/CMakeFiles/Multitarefa_RTOS.dir/__/lib/FreeRTOS-Kernel/queue.c.obj
                0x10007224                xQueueCreateCountingSemaphore
 .text.xQueueGenericSend
                0x1000728c      0x1d4 src/CMakeFiles/Multitarefa_RTOS.dir/__/lib/FreeRTOS-Kernel/queue.c.obj
                0x1000728c                xQueueGenericSend
 .text.xQueueCreateMutex
                0x10007460       0x6c src/CMakeFiles/Multitarefa_RTOS.dir/__/lib/FreeRTOS-Kernel/queue.c.obj
                0x10007460                xQueueCreateMutex
 .text.xQueueGenericSendFromISR
                0x100074cc      0x150 src/CMakeFiles/Multitarefa_RTOS.dir/__/lib/FreeRTOS-Kernel/queue.c.obj
                0x100074cc                xQueueGenericSendFromISR
 .text.xQueueReceive
                0x1000761c      0x11c src/CMakeFiles/Multitarefa_RTOS.dir/__/lib/FreeRTOS-Kernel/queue.c.obj
                0x1000761c                xQueueReceive
 .text.xQueueSemaphoreTake
                0x10007738      0x144 src/CMakeFiles/Multitarefa_RTOS.dir/__/lib/FreeRTOS-Kernel/queue.c.obj
                0x10007738                xQueueSemaphoreTake
 .text.vQueueAddToRegistry
                0x1000787c      0x118 src/CMakeFiles/Multitarefa_RTOS.dir/__/lib/FreeRTOS-Kernel/queue.c.obj
                0x1000787c                vQueueAddToRegistry
 .text.vQueueWaitForMessageRestricted
                0x10007994       0x48 src/CMakeFiles/Multitarefa_RTOS.dir/__/lib/FreeRTOS-Kernel/queue.c.obj
                0x10007994                vQueueWaitForMessageRestricted
 .text.prvAddNewTaskToReadyList
                0x100079dc      0x124 src/CMakeFiles/Multitarefa_RTOS.dir/__/lib/FreeRTOS-Kernel/tasks.c.obj
 .text.prvCreateTask
                0x10007b00      0x130 src/CMakeFiles/Multitarefa_RTOS.dir/__/lib/FreeRTOS-Kernel/tasks.c.obj
 .text.prvIdleTask
                0x10007c30       0x60 src/CMakeFiles/Multitarefa_RTOS.dir/__/lib/FreeRTOS-Kernel/tasks.c.obj
 .text.xTaskIncrementTick.part.0
                0x10007c90      0x194 src/CMakeFiles/Multitarefa_RTOS.dir/__/lib/FreeRTOS-Kernel/tasks.c.obj
 .text.xTaskCreate
                0x10007e24       0x24 src/CMakeFiles/Multitarefa_RTOS.dir/__/lib/FreeRTOS-Kernel/tasks.c.obj
                0x10007e24                xTaskCreate
 .text.vTaskStartScheduler
                0x10007e48       0x74 src/CMakeFiles/Multitarefa_RTOS.dir/__/lib/FreeRTOS-Kernel/tasks.c.obj
                0x10007e48                vTaskStartScheduler
 .text.vTaskSuspendAll
                0x10007ebc       0x10 src/CMakeFiles/Multitarefa_RTOS.dir/__/lib/FreeRTOS-Kernel/tasks.c.obj
                0x10007ebc                vTaskSuspendAll
 .text.xTaskResumeAll
                0x10007ecc      0x188 src/CMakeFiles/Multitarefa_RTOS.dir/__/lib/FreeRTOS-Kernel/tasks.c.obj
                0x10007ecc                xTaskResumeAll
 .text.vTaskDelay
                0x10008054       0x84 src/CMakeFiles/Multitarefa_RTOS.dir/__/lib/FreeRTOS-Kernel/tasks.c.obj
                0x10008054                vTaskDelay
 .text.xTaskGetTickCount
                0x100080d8        0xc src/CMakeFiles/Multitarefa_RTOS.dir/__/lib/FreeRTOS-Kernel/tasks.c.obj
                0x100080d8                xTaskGetTickCount
 .text.uxTaskGetNumberOfTasks
                0x100080e4        0xc src/CMakeFiles/Multitarefa_RTOS.dir/__/lib/FreeRTOS-Kernel/tasks.c.obj
                0x100080e4                uxTaskGetNumberOfTasks
 .text.xTaskIncrementTick
                0x100080f0       0x24 src/CMakeFiles/Multitarefa_RTOS.dir/__/lib/FreeRTOS-Kernel/tasks.c.obj
                0x100080f0                xTaskIncrementTick
 .text.vTaskSwitchContext
                0x10008114       0x7c src/CMakeFiles/Multitarefa_RTOS.dir/__/lib/FreeRTOS-Kernel/tasks.c.obj
                0x10008114                vTaskSwitchContext
 .text.vTaskPlaceOnEventList
                0x10008190       0xa0 src/CMakeFiles/Multitarefa_RTOS.dir/__/lib/FreeRTOS-Kernel/tasks.c.obj
                0x10008190                vTaskPlaceOnEventList
 .text.vTaskPlaceOnUnorderedEventList
                0x10008230       0xc4 src/CMakeFiles/Multitarefa_RTOS.dir/__/lib/FreeRTOS-Kernel/tasks.c.obj
                0x10008230                vTaskPlaceOnUnorderedEventList
 .text.vTaskPlaceOnEventListRestricted
                0x100082f4       0xf4 src/CMakeFiles/Multitarefa_RTOS.dir/__/lib/FreeRTOS-Kernel/tasks.c.obj
                0x100082f4                vTaskPlaceOnEventListRestricted
 .text.xTaskRemoveFromEventList
                0x100083e8       0xcc src/CMakeFiles/Multitarefa_RTOS.dir/__/lib/FreeRTOS-Kernel/tasks.c.obj
                0x100083e8                xTaskRemoveFromEventList
 .text.vTaskRemoveFromUnorderedEventList
                0x100084b4       0x94 src/CMakeFiles/Multitarefa_RTOS.dir/__/lib/FreeRTOS-Kernel/tasks.c.obj
                0x100084b4                vTaskRemoveFromUnorderedEventList
 .text.vTaskInternalSetTimeOutState
                0x10008548       0x18 src/CMakeFiles/Multitarefa_RTOS.dir/__/lib/FreeRTOS-Kernel/tasks.c.obj
                0x10008548                vTaskInternalSetTimeOutState
 .text.xTaskCheckForTimeOut
                0x10008560       0x74 src/CMakeFiles/Multitarefa_RTOS.dir/__/lib/FreeRTOS-Kernel/tasks.c.obj
                0x10008560                xTaskCheckForTimeOut
 .text.vTaskMissedYield
                0x100085d4        0xc src/CMakeFiles/Multitarefa_RTOS.dir/__/lib/FreeRTOS-Kernel/tasks.c.obj
                0x100085d4                vTaskMissedYield
 .text.xTaskGetCurrentTaskHandle
                0x100085e0        0xc src/CMakeFiles/Multitarefa_RTOS.dir/__/lib/FreeRTOS-Kernel/tasks.c.obj
                0x100085e0                xTaskGetCurrentTaskHandle
 .text.xTaskPriorityInherit
                0x100085ec       0x94 src/CMakeFiles/Multitarefa_RTOS.dir/__/lib/FreeRTOS-Kernel/tasks.c.obj
                0x100085ec                xTaskPriorityInherit
 .text.xTaskPriorityDisinherit
                0x10008680       0x64 src/CMakeFiles/Multitarefa_RTOS.dir/__/lib/FreeRTOS-Kernel/tasks.c.obj
                0x10008680                xTaskPriorityDisinherit
 .text.vTaskPriorityDisinheritAfterTimeout
                0x100086e4       0x7c src/CMakeFiles/Multitarefa_RTOS.dir/__/lib/FreeRTOS-Kernel/tasks.c.obj
                0x100086e4                vTaskPriorityDisinheritAfterTimeout
 .text.uxTaskResetEventItemValue
                0x10008760       0x18 src/CMakeFiles/Multitarefa_RTOS.dir/__/lib/FreeRTOS-Kernel/tasks.c.obj
                0x10008760                uxTaskResetEventItemValue
 .text.pvTaskIncrementMutexHeldCount
                0x10008778       0x14 src/CMakeFiles/Multitarefa_RTOS.dir/__/lib/FreeRTOS-Kernel/tasks.c.obj
                0x10008778                pvTaskIncrementMutexHeldCount
 .text.prvTimerTask
                0x1000878c      0x39c src/CMakeFiles/Multitarefa_RTOS.dir/__/lib/FreeRTOS-Kernel/timers.c.obj
 .text.xTimerCreateTimerTask
                0x10008b28       0x8c src/CMakeFiles/Multitarefa_RTOS.dir/__/lib/FreeRTOS-Kernel/timers.c.obj
                0x10008b28                xTimerCreateTimerTask
 .text.xTimerPendFunctionCallFromISR
                0x10008bb4       0x2c src/CMakeFiles/Multitarefa_RTOS.dir/__/lib/FreeRTOS-Kernel/timers.c.obj
                0x10008bb4                xTimerPendFunctionCallFromISR
 .text.exception_set_exclusive_handler
                0x10008be0       0x48 src/CMakeFiles/Multitarefa_RTOS.dir/C_/Users/oinha/.pico-sdk/sdk/2.1.1/src/rp2_common/hardware_exception/exception.c.obj
                0x10008be0                exception_set_exclusive_handler
 .text.adc_init
                0x10008c28       0x38 src/CMakeFiles/Multitarefa_RTOS.dir/C_/Users/oinha/.pico-sdk/sdk/2.1.1/src/rp2_common/hardware_adc/adc.c.obj
                0x10008c28                adc_init
 .text.strlen   0x10008c60       0x5c C:/Users/oinha/.pico-sdk/toolchain/14_2_Rel1/bin/../lib/gcc/arm-none-eabi/14.2.1/thumb/v6-m/nofp\libg.a(libc_a-strlen-stub.o)
                0x10008c60                strlen
 *(.fini)
 .fini          0x10008cbc        0x4 C:/Users/oinha/.pico-sdk/toolchain/14_2_Rel1/bin/../lib/gcc/arm-none-eabi/14.2.1/thumb/v6-m/nofp/crti.o
                0x10008cbc                _fini
 .fini.__stub   0x10008cc0       0xc0 linker stubs
 *crtbegin.o(.ctors)
 *crtbegin?.o(.ctors)
 *(EXCLUDE_FILE(*crtend.o *crtend?.o) .ctors)
 *(SORT_BY_NAME(.ctors.*))
 *(.ctors)
 *crtbegin.o(.dtors)
 *crtbegin?.o(.dtors)
 *(EXCLUDE_FILE(*crtend.o *crtend?.o) .dtors)
 *(SORT_BY_NAME(.dtors.*))
 *(.dtors)
                0x10008d80                        . = ALIGN (0x4)
                0x10008d80                        PROVIDE (__preinit_array_start = .)
 *(SORT_BY_NAME(.preinit_array.*))
 .preinit_array.00100
                0x10008d80        0x4 src/CMakeFiles/Multitarefa_RTOS.dir/C_/Users/oinha/.pico-sdk/sdk/2.1.1/src/rp2_common/pico_runtime_init/runtime_init.c.obj
                0x10008d80                __pre_init_runtime_init_early_resets
 .preinit_array.00101
                0x10008d84        0x4 src/CMakeFiles/Multitarefa_RTOS.dir/C_/Users/oinha/.pico-sdk/sdk/2.1.1/src/rp2_common/pico_runtime_init/runtime_init.c.obj
                0x10008d84                __pre_init_runtime_init_usb_power_down
 .preinit_array.00275
                0x10008d88        0x4 src/CMakeFiles/Multitarefa_RTOS.dir/C_/Users/oinha/.pico-sdk/sdk/2.1.1/src/rp2_common/pico_bit_ops/bit_ops_aeabi.S.obj
 .preinit_array.00300
                0x10008d8c        0x4 src/CMakeFiles/Multitarefa_RTOS.dir/C_/Users/oinha/.pico-sdk/sdk/2.1.1/src/rp2_common/pico_mem_ops/mem_ops_aeabi.S.obj
 .preinit_array.00350
                0x10008d90        0x4 src/CMakeFiles/Multitarefa_RTOS.dir/C_/Users/oinha/.pico-sdk/sdk/2.1.1/src/rp2_common/pico_double/double_aeabi_rp2040.S.obj
 .preinit_array.00350
                0x10008d94        0x4 src/CMakeFiles/Multitarefa_RTOS.dir/C_/Users/oinha/.pico-sdk/sdk/2.1.1/src/rp2_common/pico_float/float_aeabi_rp2040.S.obj
 .preinit_array.00500
                0x10008d98        0x4 src/CMakeFiles/Multitarefa_RTOS.dir/C_/Users/oinha/.pico-sdk/sdk/2.1.1/src/rp2_common/pico_runtime_init/runtime_init.c.obj
                0x10008d98                __pre_init_runtime_init_clocks
 .preinit_array.00600
                0x10008d9c        0x4 src/CMakeFiles/Multitarefa_RTOS.dir/C_/Users/oinha/.pico-sdk/sdk/2.1.1/src/rp2_common/pico_runtime_init/runtime_init.c.obj
                0x10008d9c                __pre_init_runtime_init_post_clock_resets
 .preinit_array.00700
                0x10008da0        0x4 src/CMakeFiles/Multitarefa_RTOS.dir/C_/Users/oinha/.pico-sdk/sdk/2.1.1/src/rp2_common/pico_runtime_init/runtime_init.c.obj
                0x10008da0                __pre_init_runtime_init_rp2040_gpio_ie_disable
 .preinit_array.01000
                0x10008da4        0x4 src/CMakeFiles/Multitarefa_RTOS.dir/C_/Users/oinha/.pico-sdk/sdk/2.1.1/src/rp2_common/pico_runtime_init/runtime_init.c.obj
                0x10008da4                __pre_init_runtime_init_spin_locks_reset
 .preinit_array.01100
                0x10008da8        0x4 src/CMakeFiles/Multitarefa_RTOS.dir/C_/Users/oinha/.pico-sdk/sdk/2.1.1/src/common/pico_sync/mutex.c.obj
                0x10008da8                __pre_init_runtime_init_mutex
 .preinit_array.10080
                0x10008dac        0x4 src/CMakeFiles/Multitarefa_RTOS.dir/C_/Users/oinha/.pico-sdk/sdk/2.1.1/src/rp2_common/pico_runtime_init/runtime_init.c.obj
                0x10008dac                __pre_init_runtime_init_install_ram_vector_table
 .preinit_array.11000
                0x10008db0        0x4 src/CMakeFiles/Multitarefa_RTOS.dir/C_/Users/oinha/.pico-sdk/sdk/2.1.1/src/common/pico_time/time.c.obj
                0x10008db0                __pre_init_runtime_init_default_alarm_pool
 .preinit_array.YYYYY
                0x10008db4        0x4 src/CMakeFiles/Multitarefa_RTOS.dir/C_/Users/oinha/.pico-sdk/sdk/2.1.1/src/rp2_common/pico_runtime/runtime.c.obj
                0x10008db4                __pre_init_first_per_core_initializer
 .preinit_array.ZZZZZ.01200
                0x10008db8        0x4 src/CMakeFiles/Multitarefa_RTOS.dir/C_/Users/oinha/.pico-sdk/sdk/2.1.1/src/rp2_common/hardware_irq/irq.c.obj
                0x10008db8                __pre_init_runtime_init_per_core_irq_priorities
 *(.preinit_array)
                0x10008dbc                        PROVIDE (__preinit_array_end = .)
                0x10008dbc                        . = ALIGN (0x4)
                0x10008dbc                        PROVIDE (__init_array_start = .)
 *(SORT_BY_NAME(.init_array.*))
 *(.init_array)
 .init_array    0x10008dbc        0x4 C:/Users/oinha/.pico-sdk/toolchain/14_2_Rel1/bin/../lib/gcc/arm-none-eabi/14.2.1/thumb/v6-m/nofp/crtbegin.o
 .init_array    0x10008dc0        0x4 src/CMakeFiles/Multitarefa_RTOS.dir/C_/Users/oinha/.pico-sdk/sdk/2.1.1/src/rp2_common/pico_unique_id/unique_id.c.obj
 .init_array    0x10008dc4        0x4 src/CMakeFiles/Multitarefa_RTOS.dir/__/lib/FreeRTOS-Kernel/portable/ThirdParty/GCC/RP2040/port.c.obj
                0x10008dc8                        PROVIDE (__init_array_end = .)
                0x10008dc8                        . = ALIGN (0x4)
                [!provide]                        PROVIDE (__fini_array_start = .)
 *(SORT_BY_NAME(.fini_array.*))
 *(.fini_array)
                [!provide]                        PROVIDE (__fini_array_end = .)
 *(.eh_frame*)
 .eh_frame      0x10008dc8        0x0 C:/Users/oinha/.pico-sdk/toolchain/14_2_Rel1/bin/../lib/gcc/arm-none-eabi/14.2.1/thumb/v6-m/nofp/crtbegin.o
                0x10008dc8                        . = ALIGN (0x4)

.glue_7         0x10008dc8        0x0
 .glue_7        0x10008dc8        0x0 linker stubs

.glue_7t        0x10008dc8        0x0
 .glue_7t       0x10008dc8        0x0 linker stubs

.vfp11_veneer   0x10008dc8        0x0
 .vfp11_veneer  0x10008dc8        0x0 linker stubs

.v4_bx          0x10008dc8        0x0
 .v4_bx         0x10008dc8        0x0 linker stubs

.iplt           0x10008dc8        0x0
 .iplt          0x10008dc8        0x0 C:/Users/oinha/.pico-sdk/toolchain/14_2_Rel1/bin/../lib/gcc/arm-none-eabi/14.2.1/thumb/v6-m/nofp/crtbegin.o

.rodata         0x10008dc8      0x6e0
 *(EXCLUDE_FILE(*libm.a: *libc.a:*lib_a-mem*.o *libgcc.a:) .rodata*)
 .rodata.tarefa_processamento.str1.4
                0x10008dc8      0x20c src/CMakeFiles/Multitarefa_RTOS.dir/Multitarefa_RTOS.c.obj
                                 0x30 (size before relaxing)
 .rodata.main.str1.4
                0x10008fd4       0x2e src/CMakeFiles/Multitarefa_RTOS.dir/Multitarefa_RTOS.c.obj
 .rodata.panic.str1.4
                0x10008fd4       0x12 src/CMakeFiles/Multitarefa_RTOS.dir/C_/Users/oinha/.pico-sdk/sdk/2.1.1/src/rp2_common/pico_platform_panic/panic.c.obj
 .rodata.panic_unsupported.str1.4
                0x10008fd4        0xe src/CMakeFiles/Multitarefa_RTOS.dir/C_/Users/oinha/.pico-sdk/sdk/2.1.1/src/rp2_common/pico_platform_panic/panic.c.obj
 .rodata.spin_lock_claim_unused.str1.4
                0x10008fd4       0x1b src/CMakeFiles/Multitarefa_RTOS.dir/C_/Users/oinha/.pico-sdk/sdk/2.1.1/src/rp2_common/hardware_sync/sync.c.obj
 .rodata.user_irq_claim_unused.str1.4
                0x10008fd4       0x1b src/CMakeFiles/Multitarefa_RTOS.dir/C_/Users/oinha/.pico-sdk/sdk/2.1.1/src/rp2_common/hardware_irq/irq.c.obj
 .rodata.timer_hardware_alarm_claim.str1.4
                0x10008fd4       0x22 src/CMakeFiles/Multitarefa_RTOS.dir/C_/Users/oinha/.pico-sdk/sdk/2.1.1/src/rp2_common/hardware_timer/timer.c.obj
 .rodata.hard_assertion_failure.str1.4
                0x10008fd4        0xc src/CMakeFiles/Multitarefa_RTOS.dir/C_/Users/oinha/.pico-sdk/sdk/2.1.1/src/rp2_common/pico_runtime/runtime.c.obj
 .rodata.missing_double_func_shim.str1.4
                0x10008fd4       0x18 src/CMakeFiles/Multitarefa_RTOS.dir/C_/Users/oinha/.pico-sdk/sdk/2.1.1/src/rp2_common/pico_double/double_init_rom_rp2040.c.obj
 .rodata.missing_float_func_shim.str1.4
                0x10008fd4        0x1 src/CMakeFiles/Multitarefa_RTOS.dir/C_/Users/oinha/.pico-sdk/sdk/2.1.1/src/rp2_common/pico_float/float_init_rom_rp2040.c.obj
 .rodata.str1.4
                0x10008fd4       0x48 src/CMakeFiles/Multitarefa_RTOS.dir/C_/Users/oinha/.pico-sdk/sdk/2.1.1/src/rp2_common/pico_standard_binary_info/standard_binary_info.c.obj
 .rodata.__bi_84
                0x10008fd4        0xc src/CMakeFiles/Multitarefa_RTOS.dir/C_/Users/oinha/.pico-sdk/sdk/2.1.1/src/rp2_common/pico_standard_binary_info/standard_binary_info.c.obj
 .rodata.__bi_78
                0x10008fe0        0xc src/CMakeFiles/Multitarefa_RTOS.dir/C_/Users/oinha/.pico-sdk/sdk/2.1.1/src/rp2_common/pico_standard_binary_info/standard_binary_info.c.obj
 .rodata.__bi_54
                0x10008fec        0xc src/CMakeFiles/Multitarefa_RTOS.dir/C_/Users/oinha/.pico-sdk/sdk/2.1.1/src/rp2_common/pico_standard_binary_info/standard_binary_info.c.obj
 .rodata.__bi_48
                0x10008ff8        0xc src/CMakeFiles/Multitarefa_RTOS.dir/C_/Users/oinha/.pico-sdk/sdk/2.1.1/src/rp2_common/pico_standard_binary_info/standard_binary_info.c.obj
 .rodata.__bi_42
                0x10009004        0xc src/CMakeFiles/Multitarefa_RTOS.dir/C_/Users/oinha/.pico-sdk/sdk/2.1.1/src/rp2_common/pico_standard_binary_info/standard_binary_info.c.obj
 .rodata.__bi_34
                0x10009010        0xc src/CMakeFiles/Multitarefa_RTOS.dir/C_/Users/oinha/.pico-sdk/sdk/2.1.1/src/rp2_common/pico_standard_binary_info/standard_binary_info.c.obj
 .rodata.__bi_26
                0x1000901c        0xc src/CMakeFiles/Multitarefa_RTOS.dir/C_/Users/oinha/.pico-sdk/sdk/2.1.1/src/rp2_common/pico_standard_binary_info/standard_binary_info.c.obj
 .rodata._ftoa.str1.4
                0x10009028       0x15 src/CMakeFiles/Multitarefa_RTOS.dir/C_/Users/oinha/.pico-sdk/sdk/2.1.1/src/rp2_common/pico_printf/printf.c.obj
 .rodata._vsnprintf
                0x10009028      0x19c src/CMakeFiles/Multitarefa_RTOS.dir/C_/Users/oinha/.pico-sdk/sdk/2.1.1/src/rp2_common/pico_printf/printf.c.obj
 *fill*         0x100091c4        0x4 
 .rodata.pow10.0
                0x100091c8       0x50 src/CMakeFiles/Multitarefa_RTOS.dir/C_/Users/oinha/.pico-sdk/sdk/2.1.1/src/rp2_common/pico_printf/printf.c.obj
 .rodata.crlf_str.0
                0x10009218        0x2 src/CMakeFiles/Multitarefa_RTOS.dir/C_/Users/oinha/.pico-sdk/sdk/2.1.1/src/rp2_common/pico_stdio/stdio.c.obj
 *fill*         0x1000921a        0x2 
 .rodata._resetd_driver
                0x1000921c       0x20 src/CMakeFiles/Multitarefa_RTOS.dir/C_/Users/oinha/.pico-sdk/sdk/2.1.1/src/rp2_common/pico_stdio_usb/reset_interface.c.obj
 .rodata.desc_ms_os_20
                0x1000923c       0xa6 src/CMakeFiles/Multitarefa_RTOS.dir/C_/Users/oinha/.pico-sdk/sdk/2.1.1/src/rp2_common/pico_stdio_usb/reset_interface.c.obj
 *fill*         0x100092e2        0x2 
 .rodata.desc_bos
                0x100092e4       0x21 src/CMakeFiles/Multitarefa_RTOS.dir/C_/Users/oinha/.pico-sdk/sdk/2.1.1/src/rp2_common/pico_stdio_usb/reset_interface.c.obj
                0x100092e4                desc_bos
 .rodata.str1.4
                0x10009305       0x13 src/CMakeFiles/Multitarefa_RTOS.dir/C_/Users/oinha/.pico-sdk/sdk/2.1.1/src/rp2_common/pico_stdio_usb/stdio_usb.c.obj
 *fill*         0x10009305        0x3 
 .rodata.__bi_197.0
                0x10009308        0xc src/CMakeFiles/Multitarefa_RTOS.dir/C_/Users/oinha/.pico-sdk/sdk/2.1.1/src/rp2_common/pico_stdio_usb/stdio_usb.c.obj
 .rodata.str1.4
                0x10009314       0x2a src/CMakeFiles/Multitarefa_RTOS.dir/C_/Users/oinha/.pico-sdk/sdk/2.1.1/src/rp2_common/pico_stdio_usb/stdio_usb_descriptors.c.obj
 .rodata.usbd_desc_str
                0x10009314       0x18 src/CMakeFiles/Multitarefa_RTOS.dir/C_/Users/oinha/.pico-sdk/sdk/2.1.1/src/rp2_common/pico_stdio_usb/stdio_usb_descriptors.c.obj
 .rodata.usbd_desc_cfg
                0x1000932c       0x54 src/CMakeFiles/Multitarefa_RTOS.dir/C_/Users/oinha/.pico-sdk/sdk/2.1.1/src/rp2_common/pico_stdio_usb/stdio_usb_descriptors.c.obj
 .rodata.usbd_desc_device
                0x10009380       0x12 src/CMakeFiles/Multitarefa_RTOS.dir/C_/Users/oinha/.pico-sdk/sdk/2.1.1/src/rp2_common/pico_stdio_usb/stdio_usb_descriptors.c.obj
 .rodata.str1.4
                0x10009392       0x14 src/CMakeFiles/Multitarefa_RTOS.dir/C_/Users/oinha/.pico-sdk/sdk/2.1.1/lib/tinyusb/src/portable/raspberrypi/rp2040/dcd_rp2040.c.obj
 .rodata.str1.4
                0x10009392       0x48 src/CMakeFiles/Multitarefa_RTOS.dir/C_/Users/oinha/.pico-sdk/sdk/2.1.1/lib/tinyusb/src/portable/raspberrypi/rp2040/rp2040_usb.c.obj
 *fill*         0x10009392        0x2 
 .rodata.tud_task_ext
                0x10009394       0x8c src/CMakeFiles/Multitarefa_RTOS.dir/C_/Users/oinha/.pico-sdk/sdk/2.1.1/lib/tinyusb/src/device/usbd.c.obj
 .rodata        0x10009420       0x1c src/CMakeFiles/Multitarefa_RTOS.dir/C_/Users/oinha/.pico-sdk/sdk/2.1.1/lib/tinyusb/src/device/usbd.c.obj
 .rodata._usbd_driver
                0x1000943c       0x40 src/CMakeFiles/Multitarefa_RTOS.dir/C_/Users/oinha/.pico-sdk/sdk/2.1.1/lib/tinyusb/src/device/usbd.c.obj
 .rodata.uxTopUsedPriority
                0x1000947c        0x4 src/CMakeFiles/Multitarefa_RTOS.dir/__/lib/FreeRTOS-Kernel/tasks.c.obj
 .rodata.prvTimerTask
                0x10009480       0x28 src/CMakeFiles/Multitarefa_RTOS.dir/__/lib/FreeRTOS-Kernel/timers.c.obj
 .rodata.xTimerCreateTimerTask.str1.4
                0x100094a8       0x10 src/CMakeFiles/Multitarefa_RTOS.dir/__/lib/FreeRTOS-Kernel/timers.c.obj
                0x100094b8                        . = ALIGN (0x4)
 *(SORT_BY_ALIGNMENT(SORT_BY_NAME(.flashdata*)))
                0x100094b8                        . = ALIGN (0x4)

.ARM.extab
 *(.ARM.extab* .gnu.linkonce.armextab.*)
                0x100094a8                        __exidx_start = .

.ARM.exidx
 *(.ARM.exidx* .gnu.linkonce.armexidx.*)
                0x100094a8                        __exidx_end = .
                0x100094b8                        . = ALIGN (0x4)
                0x100094a8                        __binary_info_start = .

.binary_info    0x100094a8       0x20
 *(.binary_info.keep.*)
 .binary_info.keep.__bi_ptr84
                0x100094a8        0x4 src/CMakeFiles/Multitarefa_RTOS.dir/C_/Users/oinha/.pico-sdk/sdk/2.1.1/src/rp2_common/pico_standard_binary_info/standard_binary_info.c.obj
 .binary_info.keep.__bi_ptr78
                0x100094ac        0x4 src/CMakeFiles/Multitarefa_RTOS.dir/C_/Users/oinha/.pico-sdk/sdk/2.1.1/src/rp2_common/pico_standard_binary_info/standard_binary_info.c.obj
 .binary_info.keep.__bi_ptr54
                0x100094b0        0x4 src/CMakeFiles/Multitarefa_RTOS.dir/C_/Users/oinha/.pico-sdk/sdk/2.1.1/src/rp2_common/pico_standard_binary_info/standard_binary_info.c.obj
 .binary_info.keep.__bi_ptr48
                0x100094b4        0x4 src/CMakeFiles/Multitarefa_RTOS.dir/C_/Users/oinha/.pico-sdk/sdk/2.1.1/src/rp2_common/pico_standard_binary_info/standard_binary_info.c.obj
 .binary_info.keep.__bi_ptr42
                0x100094b8        0x4 src/CMakeFiles/Multitarefa_RTOS.dir/C_/Users/oinha/.pico-sdk/sdk/2.1.1/src/rp2_common/pico_standard_binary_info/standard_binary_info.c.obj
 .binary_info.keep.__bi_ptr34
                0x100094bc        0x4 src/CMakeFiles/Multitarefa_RTOS.dir/C_/Users/oinha/.pico-sdk/sdk/2.1.1/src/rp2_common/pico_standard_binary_info/standard_binary_info.c.obj
 .binary_info.keep.__bi_ptr26
                0x100094c0        0x4 src/CMakeFiles/Multitarefa_RTOS.dir/C_/Users/oinha/.pico-sdk/sdk/2.1.1/src/rp2_common/pico_standard_binary_info/standard_binary_info.c.obj
 *(.binary_info.*)
 .binary_info.__bi_ptr197
                0x100094c4        0x4 src/CMakeFiles/Multitarefa_RTOS.dir/C_/Users/oinha/.pico-sdk/sdk/2.1.1/src/rp2_common/pico_stdio_usb/stdio_usb.c.obj
                0x100094c8                        __binary_info_end = .

.rel.dyn        0x100094c8        0x0
 .rel.iplt      0x100094c8        0x0 C:/Users/oinha/.pico-sdk/toolchain/14_2_Rel1/bin/../lib/gcc/arm-none-eabi/14.2.1/thumb/v6-m/nofp/crtbegin.o
                0x100094c8                        . = ALIGN (0x4)

.ram_vector_table
                0x20000000       0xc0
 *(.ram_vector_table)
 .ram_vector_table
                0x20000000       0xc0 src/CMakeFiles/Multitarefa_RTOS.dir/C_/Users/oinha/.pico-sdk/sdk/2.1.1/src/rp2_common/pico_runtime_init/runtime_init.c.obj
                0x20000000                ram_vector_table

.uninitialized_data
                0x200000c0        0x0
                0x200000c0                        . = ALIGN (0x4)
 *(.uninitialized_data*)

.data           0x200000c0      0xfb8 load address 0x100094c8
                0x200000c0                        __data_start__ = .
 *(vtable)
 *(.time_critical*)
 .time_critical.mutex_try_enter
                0x200000c0       0x40 src/CMakeFiles/Multitarefa_RTOS.dir/C_/Users/oinha/.pico-sdk/sdk/2.1.1/src/common/pico_sync/mutex.c.obj
                0x200000c0                mutex_try_enter
 .time_critical.mutex_try_enter_block_until
                0x20000100       0xa0 src/CMakeFiles/Multitarefa_RTOS.dir/C_/Users/oinha/.pico-sdk/sdk/2.1.1/src/common/pico_sync/mutex.c.obj
                0x20000100                mutex_try_enter_block_until
 .time_critical.mutex_enter_timeout_ms
                0x200001a0       0x74 src/CMakeFiles/Multitarefa_RTOS.dir/C_/Users/oinha/.pico-sdk/sdk/2.1.1/src/common/pico_sync/mutex.c.obj
                0x200001a0                mutex_enter_timeout_ms
 .time_critical.mutex_exit
                0x20000214       0x20 src/CMakeFiles/Multitarefa_RTOS.dir/C_/Users/oinha/.pico-sdk/sdk/2.1.1/src/common/pico_sync/mutex.c.obj
                0x20000214                mutex_exit
 .time_critical.flash_init_boot2_copyout
                0x20000234       0x30 src/CMakeFiles/Multitarefa_RTOS.dir/C_/Users/oinha/.pico-sdk/sdk/2.1.1/src/rp2_common/hardware_flash/flash.c.obj
 .time_critical.flash_enable_xip_via_boot2
                0x20000264        0xc src/CMakeFiles/Multitarefa_RTOS.dir/C_/Users/oinha/.pico-sdk/sdk/2.1.1/src/rp2_common/hardware_flash/flash.c.obj
 .time_critical.flash_cs_force
                0x20000270       0x38 src/CMakeFiles/Multitarefa_RTOS.dir/C_/Users/oinha/.pico-sdk/sdk/2.1.1/src/rp2_common/hardware_flash/flash.c.obj
 .time_critical.flash_do_cmd
                0x200002a8      0x130 src/CMakeFiles/Multitarefa_RTOS.dir/C_/Users/oinha/.pico-sdk/sdk/2.1.1/src/rp2_common/hardware_flash/flash.c.obj
                0x200002a8                flash_do_cmd
 .time_critical.reset_non_control_endpoints
                0x200003d8       0x68 src/CMakeFiles/Multitarefa_RTOS.dir/C_/Users/oinha/.pico-sdk/sdk/2.1.1/lib/tinyusb/src/portable/raspberrypi/rp2040/dcd_rp2040.c.obj
 .time_critical.hw_handle_buff_status
                0x20000440       0xa0 src/CMakeFiles/Multitarefa_RTOS.dir/C_/Users/oinha/.pico-sdk/sdk/2.1.1/lib/tinyusb/src/portable/raspberrypi/rp2040/dcd_rp2040.c.obj
 .time_critical.dcd_rp2040_irq
                0x200004e0      0x548 src/CMakeFiles/Multitarefa_RTOS.dir/C_/Users/oinha/.pico-sdk/sdk/2.1.1/lib/tinyusb/src/portable/raspberrypi/rp2040/dcd_rp2040.c.obj
 .time_critical.prepare_ep_buffer
                0x20000a28       0xc8 src/CMakeFiles/Multitarefa_RTOS.dir/C_/Users/oinha/.pico-sdk/sdk/2.1.1/lib/tinyusb/src/portable/raspberrypi/rp2040/rp2040_usb.c.obj
 .time_critical.sync_ep_buffer
                0x20000af0       0x9c src/CMakeFiles/Multitarefa_RTOS.dir/C_/Users/oinha/.pico-sdk/sdk/2.1.1/lib/tinyusb/src/portable/raspberrypi/rp2040/rp2040_usb.c.obj
 .time_critical._hw_endpoint_xfer_sync
                0x20000b8c       0x28 src/CMakeFiles/Multitarefa_RTOS.dir/C_/Users/oinha/.pico-sdk/sdk/2.1.1/lib/tinyusb/src/portable/raspberrypi/rp2040/rp2040_usb.c.obj
 .time_critical.e15_is_bulkin_ep
                0x20000bb4       0x28 src/CMakeFiles/Multitarefa_RTOS.dir/C_/Users/oinha/.pico-sdk/sdk/2.1.1/lib/tinyusb/src/portable/raspberrypi/rp2040/rp2040_usb.c.obj
 .time_critical.e15_is_critical_frame_period
                0x20000bdc       0x34 src/CMakeFiles/Multitarefa_RTOS.dir/C_/Users/oinha/.pico-sdk/sdk/2.1.1/lib/tinyusb/src/portable/raspberrypi/rp2040/rp2040_usb.c.obj
 .time_critical.hw_endpoint_reset_transfer
                0x20000c10        0xc src/CMakeFiles/Multitarefa_RTOS.dir/C_/Users/oinha/.pico-sdk/sdk/2.1.1/lib/tinyusb/src/portable/raspberrypi/rp2040/rp2040_usb.c.obj
                0x20000c10                hw_endpoint_reset_transfer
 .time_critical._hw_endpoint_buffer_control_update32
                0x20000c1c       0x50 src/CMakeFiles/Multitarefa_RTOS.dir/C_/Users/oinha/.pico-sdk/sdk/2.1.1/lib/tinyusb/src/portable/raspberrypi/rp2040/rp2040_usb.c.obj
                0x20000c1c                _hw_endpoint_buffer_control_update32
 .time_critical.hw_endpoint_start_next_buffer
                0x20000c6c       0x68 src/CMakeFiles/Multitarefa_RTOS.dir/C_/Users/oinha/.pico-sdk/sdk/2.1.1/lib/tinyusb/src/portable/raspberrypi/rp2040/rp2040_usb.c.obj
                0x20000c6c                hw_endpoint_start_next_buffer
 .time_critical.hw_endpoint_xfer_continue
                0x20000cd4       0x40 src/CMakeFiles/Multitarefa_RTOS.dir/C_/Users/oinha/.pico-sdk/sdk/2.1.1/lib/tinyusb/src/portable/raspberrypi/rp2040/rp2040_usb.c.obj
                0x20000cd4                hw_endpoint_xfer_continue
 .time_critical.tinyusb
                0x20000d14      0x1e4 src/CMakeFiles/Multitarefa_RTOS.dir/C_/Users/oinha/.pico-sdk/sdk/2.1.1/lib/tinyusb/src/device/usbd.c.obj
                0x20000d14                dcd_event_handler
 *(.text*)
 .text          0x20000ef8        0x4 C:/Users/oinha/.pico-sdk/toolchain/14_2_Rel1/bin/../lib/gcc/arm-none-eabi/14.2.1/thumb/v6-m/nofp\libgcc.a(_dvmd_tls.o)
                0x20000ef8                __aeabi_idiv0
                0x20000ef8                __aeabi_ldiv0
 *fill*         0x20000efc        0x4 
 .text.__stub   0x20000f00       0xa0 linker stubs
                0x20000fa0                        . = ALIGN (0x4)
 *(.rodata*)
                0x20000fa0                        . = ALIGN (0x4)
 *(.data*)
 .data.striped_spin_lock_num
                0x20000fa0        0x1 src/CMakeFiles/Multitarefa_RTOS.dir/C_/Users/oinha/.pico-sdk/sdk/2.1.1/src/rp2_common/hardware_sync/sync.c.obj
 *fill*         0x20000fa1        0x3 
 .data          0x20000fa4       0x48 src/CMakeFiles/Multitarefa_RTOS.dir/C_/Users/oinha/.pico-sdk/sdk/2.1.1/src/rp2_common/hardware_irq/irq_handler_chain.S.obj
                0x20000fa4                irq_handler_chain_slots
                0x20000fd4                irq_handler_chain_first_slot
                0x20000fde                irq_handler_chain_remove_tail
 .data.default_alarm_pool
                0x20000fec       0x18 src/CMakeFiles/Multitarefa_RTOS.dir/C_/Users/oinha/.pico-sdk/sdk/2.1.1/src/common/pico_time/time.c.obj
 *fill*         0x20001004        0xc 
 .data.aeabi_bits_funcs
                0x20001010       0x10 src/CMakeFiles/Multitarefa_RTOS.dir/C_/Users/oinha/.pico-sdk/sdk/2.1.1/src/rp2_common/pico_bit_ops/bit_ops_aeabi.S.obj
                0x20001010                aeabi_bits_funcs
                0x20001020                aeabi_bits_funcs_end
 .data.aeabi_mem_funcs
                0x20001020       0x10 src/CMakeFiles/Multitarefa_RTOS.dir/C_/Users/oinha/.pico-sdk/sdk/2.1.1/src/rp2_common/pico_mem_ops/mem_ops_aeabi.S.obj
                0x20001020                aeabi_mem_funcs
                0x20001030                aeabi_mem_funcs_end
 .data.stdio_usb
                0x20001030       0x18 src/CMakeFiles/Multitarefa_RTOS.dir/C_/Users/oinha/.pico-sdk/sdk/2.1.1/src/rp2_common/pico_stdio_usb/stdio_usb.c.obj
                0x20001030                stdio_usb
 .data._usbd_qdef
                0x20001048       0x1c src/CMakeFiles/Multitarefa_RTOS.dir/C_/Users/oinha/.pico-sdk/sdk/2.1.1/lib/tinyusb/src/device/usbd.c.obj
                0x20001048                _usbd_qdef
 .data._usbd_rhport
                0x20001064        0x1 src/CMakeFiles/Multitarefa_RTOS.dir/C_/Users/oinha/.pico-sdk/sdk/2.1.1/lib/tinyusb/src/device/usbd.c.obj
 .data.ucPrimaryCoreNum
                0x20001065        0x1 src/CMakeFiles/Multitarefa_RTOS.dir/__/lib/FreeRTOS-Kernel/portable/ThirdParty/GCC/RP2040/port.c.obj
                0x20001068                        . = ALIGN (0x4)
 *fill*         0x20001066        0x2 
 *(.after_data.*)
                0x20001068                        . = ALIGN (0x4)
                0x20001068                        PROVIDE (__mutex_array_start = .)
 *(SORT_BY_NAME(.mutex_array.*))
 *(.mutex_array)
 .mutex_array   0x20001068        0x8 src/CMakeFiles/Multitarefa_RTOS.dir/C_/Users/oinha/.pico-sdk/sdk/2.1.1/src/rp2_common/pico_malloc/malloc.c.obj
 .mutex_array   0x20001070        0x8 src/CMakeFiles/Multitarefa_RTOS.dir/C_/Users/oinha/.pico-sdk/sdk/2.1.1/src/rp2_common/pico_stdio/stdio.c.obj
                0x20001078                        PROVIDE (__mutex_array_end = .)
                0x20001078                        . = ALIGN (0x4)
 *(.jcr)